ARM Linker, 5.03 [Build 76] [MDK-ARM Professional]

==============================================================================

Section Cross References

    main.o(.text) refers to delay.o(.text) for delay_init
    main.o(.text) refers to oled.o(.text) for OLED_Init
    main.o(.text) refers to lcd.o(.text) for LCD_Init
    main.o(.text) refers to gui.o(.text) for LCD_printf
    main.o(.text) refers to touch.o(.text) for TP_Init
    main.o(.text) refers to ov7670.o(.text) for OV7670_Init
    delay.o(.text) refers to delay.o(.data) for fac_us
    gui.o(.text) refers to lcd.o(.text) for LCD_SetCursor
    gui.o(.text) refers to lcd.o(.bss) for lcddev
    gui.o(.text) refers to lcd.o(.data) for POINT_COLOR
    gui.o(.text) refers to gui.o(.constdata) for asc2_1206
    gui.o(.text) refers to strlen.o(.text) for strlen
    gui.o(.text) refers to c89vsprintf.o(.text) for __c89vsprintf
    gui.o(.text) refers to gui.o(.data) for FrontColor
    gui.o(.text) refers to gui.o(.bss) for buffer
    stm32f10x_it.o(.text) refers to stm32f10x_exti.o(.text) for EXTI_ClearITPendingBit
    stm32f10x_it.o(.text) refers to targetrecognition.o(.text) for TR_TouchHandler
    stm32f10x_it.o(.text) refers to stm32f10x_it.o(.data) for Vsync_Flag
    system_stm32f10x.o(.text) refers to system_stm32f10x.o(.data) for SystemCoreClock
    touch.o(.text) refers to delay.o(.text) for delay_us
    touch.o(.text) refers to dflt_clz.o(x$fpl$dfltu) for __aeabi_ui2d
    touch.o(.text) refers to daddsub_clz.o(x$fpl$dsub) for __aeabi_dsub
    touch.o(.text) refers to ddiv.o(x$fpl$ddiv) for __aeabi_ddiv
    touch.o(.text) refers to drleqf.o(x$fpl$drleqf) for __aeabi_cdrcmple
    touch.o(.text) refers to dleqf.o(x$fpl$dleqf) for __aeabi_cdcmple
    touch.o(.text) refers to dmul.o(x$fpl$dmul) for __aeabi_dmul
    touch.o(.text) refers to dfixu.o(x$fpl$dfixu) for __aeabi_d2uiz
    touch.o(.text) refers to gui.o(.text) for LCD_DrawLine
    touch.o(.text) refers to lcd.o(.text) for LCD_DrawPoint
    touch.o(.text) refers to touch.o(.data) for CMD_RDX
    touch.o(.text) refers to lcd.o(.data) for POINT_COLOR
    touch.o(.text) refers to fflt_clz.o(x$fpl$fflt) for __aeabi_i2f
    touch.o(.text) refers to fflt_clz.o(x$fpl$ffltu) for __aeabi_ui2f
    touch.o(.text) refers to fmul.o(x$fpl$fmul) for __aeabi_fmul
    touch.o(.text) refers to faddsub_clz.o(x$fpl$fadd) for __aeabi_fadd
    touch.o(.text) refers to ffixu.o(x$fpl$ffixu) for __aeabi_f2uiz
    touch.o(.text) refers to ffix.o(x$fpl$ffix) for __aeabi_f2iz
    touch.o(.text) refers to 24cxx.o(.text) for AT24CXX_WriteLenByte
    touch.o(.text) refers to fdiv.o(x$fpl$fdiv) for __aeabi_fdiv
    touch.o(.text) refers to lcd.o(.bss) for lcddev
    touch.o(.text) refers to sqrt.o(i.sqrt) for sqrt
    touch.o(.text) refers to f2d.o(x$fpl$f2d) for __aeabi_f2d
    touch.o(.text) refers to faddsub_clz.o(x$fpl$fsub) for __aeabi_fsub
    touch.o(.text) refers to stm32f10x_rcc.o(.text) for RCC_APB2PeriphClockCmd
    touch.o(.text) refers to stm32f10x_gpio.o(.text) for GPIO_Init
    touch.o(.data) refers to touch.o(.text) for TP_Init
    touch.o(.data) refers to touch.o(.conststring) for .conststring
    oled.o(.text) refers to stm32f10x_gpio.o(.text) for GPIO_WriteBit
    oled.o(.text) refers to stm32f10x_spi.o(.text) for SPI_I2S_GetFlagStatus
    oled.o(.text) refers to delay.o(.text) for delay_us
    oled.o(.text) refers to stm32f10x_rcc.o(.text) for RCC_APB1PeriphClockCmd
    oled.o(.text) refers to oled.o(.data) for OLED_AddressMode
    oled.o(.text) refers to oled.o(.bss) for SPI_InitStructure
    oled.o(.text) refers to oled.o(.constdata) for fonts
    oled.o(.text) refers to c89vsprintf.o(.text) for __c89vsprintf
    oled.o(.text) refers to fflt_clz.o(x$fpl$fflt) for __aeabi_i2f
    oled.o(.text) refers to fmul.o(x$fpl$fmul) for __aeabi_fmul
    oled.o(.text) refers to faddsub_clz.o(x$fpl$fsub) for __aeabi_fsub
    oled.o(.text) refers to ffixu.o(x$fpl$ffixu) for __aeabi_f2uiz
    lcd.o(.text) refers to stm32f10x_rcc.o(.text) for RCC_AHBPeriphClockCmd
    lcd.o(.text) refers to stm32f10x_gpio.o(.text) for GPIO_Init
    lcd.o(.text) refers to stm32f10x_fsmc.o(.text) for FSMC_NORSRAMInit
    lcd.o(.text) refers to delay.o(.text) for delay_ms
    lcd.o(.text) refers to lcd.o(.data) for readTemp
    lcd.o(.text) refers to lcd.o(.bss) for lcddev
    myiic.o(.text) refers to stm32f10x_rcc.o(.text) for RCC_APB2PeriphClockCmd
    myiic.o(.text) refers to stm32f10x_gpio.o(.text) for GPIO_Init
    myiic.o(.text) refers to delay.o(.text) for delay_us
    24cxx.o(.text) refers to myiic.o(.text) for IIC_Init
    24cxx.o(.text) refers to delay.o(.text) for delay_ms
    i2c.o(.text) refers to delay.o(.text) for delay_us
    ov7670.o(.text) refers to i2c.o(.text) for StartI2C0
    ov7670.o(.text) refers to delay.o(.text) for delay_us
    ov7670.o(.text) refers to stm32f10x_rcc.o(.text) for RCC_APB2PeriphClockCmd
[...]
    Stack_Mem                                0x20005260   Data        1024  startup_stm32f10x_hd.o(STACK)
    __initial_sp                             0x20005660   Data           0  startup_stm32f10x_hd.o(STACK)

    Global Symbols

    Symbol Name                              Value     Ov Type        Size  Object(Section)

    BuildAttributes$$THM_ISAv4$P$D$K$B$S$PE$A:L22UL41UL21$X:L11$S22US41US21$IEEE1$IW$USESV6$~STKCKD$USESV7$~SHL$OTIME$ROPI$IEEEJ$EBA8$UX$STANDARDLIB$REQ8$PRES8$EABIv2 0x00000000   Number         0  anon$$obj.o ABSOLUTE
    __ARM_use_no_argv                        0x00000000   Number         0  main.o ABSOLUTE
    _printf_flags                            0x00000000   Number         0  printf_stubs.o ABSOLUTE
    _printf_return_value                     0x00000000   Number         0  printf_stubs.o ABSOLUTE
    _printf_sizespec                         0x00000000   Number         0  printf_stubs.o ABSOLUTE
    _printf_widthprec                        0x00000000   Number         0  printf_stubs.o ABSOLUTE
    __ARM_exceptions_init                     - Undefined Weak Reference
    __alloca_initialize                       - Undefined Weak Reference
    __cpp_initialize__aeabi_                  - Undefined Weak Reference
    __cxa_finalize                            - Undefined Weak Reference
    __sigvec_lookup                           - Undefined Weak Reference
    _atexit_init                              - Undefined Weak Reference
    _call_atexit_fns                          - Undefined Weak Reference
    _clock_init                               - Undefined Weak Reference
    _fp_trap_init                             - Undefined Weak Reference
    _fp_trap_shutdown                         - Undefined Weak Reference
    _get_lc_collate                           - Undefined Weak Reference
    _get_lc_monetary                          - Undefined Weak Reference
    _get_lc_time                              - Undefined Weak Reference
    _getenv_init                              - Undefined Weak Reference
    _handle_redirection                       - Undefined Weak Reference
    _init_alloc                               - Undefined Weak Reference
    _init_user_alloc                          - Undefined Weak Reference
    _initio                                   - Undefined Weak Reference
    _printf_fp_hex                            - Undefined Weak Reference
    _printf_mbtowc                            - Undefined Weak Reference
    _printf_wc                                - Undefined Weak Reference
    _rand_init                                - Undefined Weak Reference
    _signal_finish                            - Undefined Weak Reference
    _signal_init                              - Undefined Weak Reference
    _terminate_alloc                          - Undefined Weak Reference
    _terminate_user_alloc                     - Undefined Weak Reference
    _terminateio                              - Undefined Weak Reference
    __Vectors_Size                           0x00000130   Number         0  startup_stm32f10x_hd.o ABSOLUTE
    __Vectors                                0x08000000   Data           4  startup_stm32f10x_hd.o(RESET)
    __Vectors_End                            0x08000130   Data           0  startup_stm32f10x_hd.o(RESET)
    __main                                   0x08000131   Thumb Code     8  __main.o(!!!main)
    __scatterload                            0x08000139   Thumb Code     0  __scatter.o(!!!scatter)
    __scatterload_rt2                        0x08000139   Thumb Code    44  __scatter.o(!!!scatter)
    __scatterload_rt2_thumb_only             0x08000139   Thumb Code     0  __scatter.o(!!!scatter)
    __scatterload_null                       0x08000147   Thumb Code     0  __scatter.o(!!!scatter)
    __decompress                             0x0800016d   Thumb Code    90  __dczerorl2.o(!!dczerorl2)
    __decompress1                            0x0800016d   Thumb Code     0  __dczerorl2.o(!!dczerorl2)
    __scatterload_zeroinit                   0x080001c9   Thumb Code    28  __scatter_zi.o(!!handler_zi)
    _printf_n                                0x080001e5   Thumb Code     0  _printf_n.o(.ARM.Collect$$_printf_percent$$00000001)
    _printf_percent                          0x080001e5   Thumb Code     0  _printf_percent.o(.ARM.Collect$$_printf_percent$$00000000)
    _printf_p                                0x080001eb   Thumb Code     0  _printf_p.o(.ARM.Collect$$_printf_percent$$00000002)
    _printf_f                                0x080001f1   Thumb Code     0  _printf_f.o(.ARM.Collect$$_printf_percent$$00000003)
    _printf_e                                0x080001f7   Thumb Code     0  _printf_e.o(.ARM.Collect$$_printf_percent$$00000004)
    _printf_g                                0x080001fd   Thumb Code     0  _printf_g.o(.ARM.Collect$$_printf_percent$$00000005)
    _printf_a                                0x08000203   Thumb Code     0  _printf_a.o(.ARM.Collect$$_printf_percent$$00000006)
    _printf_ll                               0x08000209   Thumb Code     0  _printf_ll.o(.ARM.Collect$$_printf_percent$$00000007)
    _printf_i                                0x08000213   Thumb Code     0  _printf_i.o(.ARM.Collect$$_printf_percent$$00000008)
    _printf_d                                0x08000219   Thumb Code     0  _printf_d.o(.ARM.Collect$$_printf_percent$$00000009)
    _printf_u                                0x0800021f   Thumb Code     0  _printf_u.o(.ARM.Collect$$_printf_percent$$0000000A)
    _printf_o                                0x08000225   Thumb Code     0  _printf_o.o(.ARM.Collect$$_printf_percent$$0000000B)
    _printf_x                                0x0800022b   Thumb Code     0  _printf_x.o(.ARM.Collect$$_printf_percent$$0000000C)
    _printf_lli                              0x08000231   Thumb Code     0  _printf_lli.o(.ARM.Collect$$_printf_percent$$0000000D)
    _printf_lld                              0x08000237   Thumb Code     0  _printf_lld.o(.ARM.Collect$$_printf_percent$$0000000E)
    _printf_llu                              0x0800023d   Thumb Code     0  _printf_llu.o(.ARM.Collect$$_printf_percent$$0000000F)
    _printf_llo                              0x08000243   Thumb Code     0  _printf_llo.o(.ARM.Collect$$_printf_percent$$00000010)
    _printf_llx                              0x08000249   Thumb Code     0  _printf_llx.o(.ARM.Collect$$_printf_percent$$00000011)
    _printf_l                                0x0800024f   Thumb Code     0  _printf_l.o(.ARM.Collect$$_printf_percent$$00000012)
    _printf_c                                0x08000259   Thumb Code     0  _printf_c.o(.ARM.Collect$$_printf_percent$$00000013)
    _printf_s                                0x0800025f   Thumb Code     0  _printf_s.o(.ARM.Collect$$_printf_percent$$00000014)
    _printf_lc                               0x08000265   Thumb Code     0  _printf_lc.o(.ARM.Collect$$_printf_percent$$00000015)
    _printf_ls                               0x0800026b   Thumb Code     0  _printf_ls.o(.ARM.Collect$$_printf_percent$$00000016)
    _printf_percent_end                      0x08000271   Thumb Code     0  _printf_percent_end.o(.ARM.Collect$$_printf_percent$$00000017)
    __rt_lib_init                            0x08000275   Thumb Code     0  libinit.o(.ARM.Collect$$libinit$$00000000)
    __rt_lib_init_fp_1                       0x08000277   Thumb Code     0  libinit2.o(.ARM.Collect$$libinit$$00000002)
    __rt_lib_init_heap_1                     0x08000277   Thumb Code     0  libinit2.o(.ARM.Collect$$libinit$$00000008)
    __rt_lib_init_lc_common                  0x08000277   Thumb Code     0  libinit2.o(.ARM.Collect$$libinit$$0000000D)
    __rt_lib_init_rand_1                     0x08000277   Thumb Code     0  libinit2.o(.ARM.Collect$$libinit$$0000000C)
    __rt_lib_init_user_alloc_1               0x08000277   Thumb Code     0  libinit2.o(.ARM.Collect$$libinit$$0000000A)
    __rt_lib_init_lc_collate_1               0x0800027d   Thumb Code     0  libinit2.o(.ARM.Collect$$libinit$$0000000F)
    __rt_lib_init_lc_ctype_2                 0x0800027d   Thumb Code     0  libinit2.o(.ARM.Collect$$libinit$$00000010)
    __rt_lib_init_lc_ctype_1                 0x08000289   Thumb Code     0  libinit2.o(.ARM.Collect$$libinit$$00000011)
    __rt_lib_init_lc_monetary_1              0x08000289   Thumb Code     0  libinit2.o(.ARM.Collect$$libinit$$00000013)
    __rt_lib_init_lc_numeric_2               0x08000289   Thumb Code     0  libinit2.o(.ARM.Collect$$libinit$$00000014)
    __rt_lib_init_alloca_1                   0x08000293   Thumb Code     0  libinit2.o(.ARM.Collect$$libinit$$0000002C)
    __rt_lib_init_argv_1                     0x08000293   Thumb Code     0  libinit2.o(.ARM.Collect$$libinit$$0000002A)
    __rt_lib_init_atexit_1                   0x08000293   Thumb Code     0  libinit2.o(.ARM.Collect$$libinit$$00000019)
    __rt_lib_init_clock_1                    0x08000293   Thumb Code     0  libinit2.o(.ARM.Collect$$libinit$$0000001F)
    __rt_lib_init_cpp_1                      0x08000293   Thumb Code     0  libinit2.o(.ARM.Collect$$libinit$$00000030)
    __rt_lib_init_exceptions_1               0x08000293   Thumb Code     0  libinit2.o(.ARM.Collect$$libinit$$0000002E)
    __rt_lib_init_fp_trap_1                  0x08000293   Thumb Code     0  libinit2.o(.ARM.Collect$$libinit$$0000001D)
    __rt_lib_init_getenv_1                   0x08000293   Thumb Code     0  libinit2.o(.ARM.Collect$$libinit$$00000021)
    __rt_lib_init_lc_numeric_1               0x08000293   Thumb Code     0  libinit2.o(.ARM.Collect$$libinit$$00000015)
    __rt_lib_init_lc_time_1                  0x08000293   Thumb Code     0  libinit2.o(.ARM.Collect$$libinit$$00000017)
    __rt_lib_init_return                     0x08000293   Thumb Code     0  libinit2.o(.ARM.Collect$$libinit$$00000031)
    __rt_lib_init_signal_1                   0x08000293   Thumb Code     0  libinit2.o(.ARM.Collect$$libinit$$0000001B)
    __rt_lib_init_stdio_1                    0x08000293   Thumb Code     0  libinit2.o(.ARM.Collect$$libinit$$00000023)
    __rt_lib_shutdown                        0x08000295   Thumb Code     0  libshutdown.o(.ARM.Collect$$libshutdown$$00000000)
    __rt_lib_shutdown_fp_trap_1              0x08000297   Thumb Code     0  libshutdown2.o(.ARM.Collect$$libshutdown$$00000006)
    __rt_lib_shutdown_heap_1                 0x08000297   Thumb Code     0  libshutdown2.o(.ARM.Collect$$libshutdown$$0000000E)
    __rt_lib_shutdown_return                 0x08000297   Thumb Code     0  libshutdown2.o(.ARM.Collect$$libshutdown$$0000000F)
    __rt_lib_shutdown_signal_1               0x08000297   Thumb Code     0  libshutdown2.o(.ARM.Collect$$libshutdown$$00000009)
    __rt_lib_shutdown_stdio_1                0x08000297   Thumb Code     0  libshutdown2.o(.ARM.Collect$$libshutdown$$00000003)
    __rt_lib_shutdown_user_alloc_1           0x08000297   Thumb Code     0  libshutdown2.o(.ARM.Collect$$libshutdown$$0000000B)
    __rt_entry                               0x08000299   Thumb Code     0  rtentry.o(.ARM.Collect$$rtentry$$00000000)
    __rt_entry_presh_1                       0x08000299   Thumb Code     0  rtentry2.o(.ARM.Collect$$rtentry$$00000002)
    __rt_entry_sh                            0x08000299   Thumb Code     0  rtentry4.o(.ARM.Collect$$rtentry$$00000004)
    __rt_entry_li                            0x0800029f   Thumb Code     0  rtentry2.o(.ARM.Collect$$rtentry$$0000000A)
    __rt_entry_postsh_1                      0x0800029f   Thumb Code     0  rtentry2.o(.ARM.Collect$$rtentry$$00000009)
    __rt_entry_main                          0x080002a3   Thumb Code     0  rtentry2.o(.ARM.Collect$$rtentry$$0000000D)
    __rt_entry_postli_1                      0x080002a3   Thumb Code     0  rtentry2.o(.ARM.Collect$$rtentry$$0000000C)
    __rt_exit                                0x080002ab   Thumb Code     0  rtexit.o(.ARM.Collect$$rtexit$$00000000)
    __rt_exit_ls                             0x080002ad   Thumb Code     0  rtexit2.o(.ARM.Collect$$rtexit$$00000003)
    __rt_exit_prels_1                        0x080002ad   Thumb Code     0  rtexit2.o(.ARM.Collect$$rtexit$$00000002)
    __rt_exit_exit                           0x080002b1   Thumb Code     0  rtexit2.o(.ARM.Collect$$rtexit$$00000004)
    main                                     0x080002b9   Thumb Code    92  main.o(.text)
    delay_init                               0x08000399   Thumb Code    48  delay.o(.text)
    delay_ms                                 0x080003c9   Thumb Code    54  delay.o(.text)
    delay_us                                 0x080003ff   Thumb Code    54  delay.o(.text)
    GUI_DrawPoint                            0x0800043d   Thumb Code    24  gui.o(.text)
    LCD_Fill                                 0x08000455   Thumb Code   104  gui.o(.text)
    LCD_DrawLine                             0x080004bd   Thumb Code   176  gui.o(.text)
    LCD_DrawEmptyRectangle                   0x0800056d   Thumb Code    64  gui.o(.text)
    LCD_DrawFilledRectangle                  0x080005ad   Thumb Code    30  gui.o(.text)
    LCD_DrawRectangle                        0x080005cb   Thumb Code    68  gui.o(.text)
    _draw_circle_8                           0x0800060f   Thumb Code   132  gui.o(.text)
    gui_circle                               0x08000693   Thumb Code   154  gui.o(.text)
    LCD_ShowChar                             0x0800072d   Thumb Code   276  gui.o(.text)
    LCD_ShowString                           0x08000841   Thumb Code   120  gui.o(.text)
    mypow                                    0x080008b9   Thumb Code    22  gui.o(.text)
    LCD_ShowNum                              0x080008cf   Thumb Code   168  gui.o(.text)
    Show_Str                                 0x08000977   Thumb Code   166  gui.o(.text)
    Gui_StrCenter                            0x08000a1d   Thumb Code    68  gui.o(.text)
    Gui_Drawbmp16                            0x08000a61   Thumb Code    90  gui.o(.text)
    LCD_SetFontColor                         0x08000abb   Thumb Code    12  gui.o(.text)
    LCD_SetFontBackColor                     0x08000ac7   Thumb Code    12  gui.o(.text)
    LCD_printf                               0x08000ad3   Thumb Code    66  gui.o(.text)
    LCD_WritePoint                           0x08000b15   Thumb Code    24  gui.o(.text)
    NMI_Handler                              0x08000b45   Thumb Code     2  stm32f10x_it.o(.text)
    HardFault_Handler                        0x08000b47   Thumb Code     4  stm32f10x_it.o(.text)
    MemManage_Handler                        0x08000b4b   Thumb Code     4  stm32f10x_it.o(.text)
    BusFault_Handler                         0x08000b4f   Thumb Code     4  stm32f10x_it.o(.text)
    UsageFault_Handler                       0x08000b53   Thumb Code     4  stm32f10x_it.o(.text)
    SVC_Handler                              0x08000b57   Thumb Code     2  stm32f10x_it.o(.text)
    DebugMon_Handler                         0x08000b59   Thumb Code     2  stm32f10x_it.o(.text)
    PendSV_Handler                           0x08000b5b   Thumb Code     2  stm32f10x_it.o(.text)
    SysTick_Handler                          0x08000b5d   Thumb Code     2  stm32f10x_it.o(.text)
    USB_HP_CAN1_TX_IRQHandler                0x08000b5f   Thumb Code     2  stm32f10x_it.o(.text)
    USB_LP_CAN1_RX0_IRQHandler               0x08000b61   Thumb Code     2  stm32f10x_it.o(.text)
    SDIO_IRQHandler                          0x08000b63   Thumb Code     2  stm32f10x_it.o(.text)
    EXTI4_IRQHandler                         0x08000b65   Thumb Code   348  stm32f10x_it.o(.text)
    SystemInit                               0x08000dcd   Thumb Code    78  system_stm32f10x.o(.text)
    SystemCoreClockUpdate                    0x08000e1b   Thumb Code   142  system_stm32f10x.o(.text)
    TP_Write_Byte                            0x08000ecd   Thumb Code    64  touch.o(.text)
    TP_Read_AD                               0x08000f0d   Thumb Code   124  touch.o(.text)
    TP_Read_XOY                              0x08000f89   Thumb Code   120  touch.o(.text)
    TP_Read_XY                               0x08001001   Thumb Code    38  touch.o(.text)
    TP_Read_XY2                              0x08001027   Thumb Code   192  touch.o(.text)
    TP_GetTouchPosition                      0x080010e7   Thumb Code   300  touch.o(.text)
    TP_Drow_Touch_Point                      0x08001213   Thumb Code   116  touch.o(.text)
    TP_Draw_Big_Point                        0x08001287   Thumb Code   118  touch.o(.text)
    TP_Scan                                  0x080012fd   Thumb Code   244  touch.o(.text)
    TP_Save_Adjdata                          0x080013f1   Thumb Code   120  touch.o(.text)
    TP_Get_Adjdata                           0x08001469   Thumb Code   162  touch.o(.text)
    TP_Adj_Info_Show                         0x0800150b   Thumb Code   322  touch.o(.text)
    TP_Adjust                                0x0800164d   Thumb Code  2234  touch.o(.text)
    TP_Init                                  0x08001f07   Thumb Code   112  touch.o(.text)
    OLED_SendData                            0x08001fd1   Thumb Code    74  oled.o(.text)
    OLED_SendCmd                             0x0800201b   Thumb Code    76  oled.o(.text)
    OLED_ConfigAddressMode                   0x08002067   Thumb Code    40  oled.o(.text)
    OLED_FixArea                             0x0800208f   Thumb Code    76  oled.o(.text)
    OLED_Clear                               0x080020db   Thumb Code    48  oled.o(.text)
    OLED_SSD1306_Init                        0x0800210b   Thumb Code   200  oled.o(.text)
    OLED_Init                                0x080021d3   Thumb Code   126  oled.o(.text)
    OLED_SetContrast                         0x08002251   Thumb Code    22  oled.o(.text)
    OLED_InverseDisplay                      0x08002267   Thumb Code    20  oled.o(.text)
    OLED_DisplayOn                           0x0800227b   Thumb Code    10  oled.o(.text)
    OLED_Sleep                               0x08002285   Thumb Code    20  oled.o(.text)
    OLED_ConfigScroll                        0x08002299   Thumb Code   100  oled.o(.text)
    OLED_ActiveScroll                        0x080022fd   Thumb Code    20  oled.o(.text)
    OLED_FixPosition                         0x08002311   Thumb Code    70  oled.o(.text)
    OLED_PutChar                             0x08002357   Thumb Code    38  oled.o(.text)
    OLED_PutString                           0x0800237d   Thumb Code   294  oled.o(.text)
    OLED_PushLine                            0x080024a3   Thumb Code    84  oled.o(.text)
    OLED_PutFormat                           0x080024f7   Thumb Code    60  oled.o(.text)
    OLED_PlaceFormat                         0x08002533   Thumb Code    86  oled.o(.text)
    OLED_GetFormat                           0x08002589   Thumb Code    30  oled.o(.text)
    OLED_DrawBMP                             0x080025a7   Thumb Code    70  oled.o(.text)
    test                                     0x080025ed   Thumb Code    28  oled.o(.text)
    LCD_WR_REG                               0x0800262d   Thumb Code     6  lcd.o(.text)
    LCD_WR_DATA                              0x08002633   Thumb Code     8  lcd.o(.text)
    LCD_RR_DATA                              0x0800263b   Thumb Code    24  lcd.o(.text)
    LCD_DrawPoint_16Bit                      0x08002653   Thumb Code    12  lcd.o(.text)
    LCD_WriteReg                             0x0800265f   Thumb Code    10  lcd.o(.text)
    LCD_WriteRAM_Prepare                     0x08002669   Thumb Code    12  lcd.o(.text)
    LCD_SetCursor                            0x08002675   Thumb Code    40  lcd.o(.text)
    LCD_DrawPoint                            0x0800269d   Thumb Code    24  lcd.o(.text)
    LCD_ReadPoint                            0x080026b5   Thumb Code    54  lcd.o(.text)
    LCD_SetWindows                           0x080026eb   Thumb Code   146  lcd.o(.text)
    LCD_Clear                                0x0800277d   Thumb Code    50  lcd.o(.text)
    LCD_GPIOInit                             0x080027af   Thumb Code   248  lcd.o(.text)
    LCD_RESET                                0x080028a7   Thumb Code    28  lcd.o(.text)
    LCD_SetParam                             0x080028c3   Thumb Code    52  lcd.o(.text)
    LCD_Init                                 0x080028f7   Thumb Code   494  lcd.o(.text)
    IIC_Init                                 0x08002ae9   Thumb Code    52  myiic.o(.text)
    IIC_Start                                0x08002b1d   Thumb Code    68  myiic.o(.text)
    IIC_Stop                                 0x08002b61   Thumb Code    66  myiic.o(.text)
    IIC_Wait_Ack                             0x08002ba3   Thumb Code    82  myiic.o(.text)
    IIC_Ack                                  0x08002bf5   Thumb Code    72  myiic.o(.text)
    IIC_NAck                                 0x08002c3d   Thumb Code    72  myiic.o(.text)
    IIC_Send_Byte                            0x08002c85   Thumb Code    96  myiic.o(.text)
    IIC_Read_Byte                            0x08002ce5   Thumb Code    98  myiic.o(.text)
    AT24CXX_Init                             0x08002d5d   Thumb Code     8  24cxx.o(.text)
    AT24CXX_ReadOneByte                      0x08002d65   Thumb Code    88  24cxx.o(.text)
    AT24CXX_WriteOneByte                     0x08002dbd   Thumb Code    80  24cxx.o(.text)
    AT24CXX_WriteLenByte                     0x08002e0d   Thumb Code    42  24cxx.o(.text)
    AT24CXX_ReadLenByte                      0x08002e37   Thumb Code    44  24cxx.o(.text)
    AT24CXX_Check                            0x08002e63   Thumb Code    46  24cxx.o(.text)
    AT24CXX_Read                             0x08002e91   Thumb Code    34  24cxx.o(.text)
    AT24CXX_Write                            0x08002eb3   Thumb Code    36  24cxx.o(.text)
    InitI2C0                                 0x08002ed9   Thumb Code    46  i2c.o(.text)
    StartI2C0                                0x08002f07   Thumb Code    60  i2c.o(.text)
    StopI2C0                                 0x08002f43   Thumb Code    46  i2c.o(.text)
    NoAck0                                   0x08002f71   Thumb Code    60  i2c.o(.text)
    Ack0                                     0x08002fad   Thumb Code    76  i2c.o(.text)
    TestAck0                                 0x08002ff9   Thumb Code    76  i2c.o(.text)
    I2CWrite0                                0x08003045   Thumb Code   180  i2c.o(.text)
    I2CRead0                                 0x080030f9   Thumb Code   100  i2c.o(.text)
    WrCmos7670                               0x08003171   Thumb Code    78  ov7670.o(.text)
    rdCmos7670Reg                            0x080031bf   Thumb Code   100  ov7670.o(.text)
    set_Cmos7670reg                          0x08003223   Thumb Code  1320  ov7670.o(.text)
    OV7670_AdjustBrightness                  0x0800374b   Thumb Code    18  ov7670.o(.text)
    OV7670_AdjustContrast                    0x0800375d   Thumb Code    18  ov7670.o(.text)
    OV7670_config_window                     0x0800376f   Thumb Code   158  ov7670.o(.text)
    Cmos7670_init                            0x0800380d   Thumb Code    36  ov7670.o(.text)
    JTAG_Set                                 0x08003831   Thumb Code    38  ov7670.o(.text)
    IO_Init                                  0x08003857   Thumb Code   162  ov7670.o(.text)
    OV7670_Init                              0x080038f9   Thumb Code    38  ov7670.o(.text)
    NVIC_Config                              0x08003941   Thumb Code    22  nvic_exit.o(.text)
    GpioInit                                 0x0800399b   Thumb Code    62  nvic_exit.o(.text)
    Exit_Init                                0x080039d9   Thumb Code   134  nvic_exit.o(.text)
    Reset_Handler                            0x08003a7d   Thumb Code     8  startup_stm32f10x_hd.o(.text)
    ADC1_2_IRQHandler                        0x08003a97   Thumb Code     0  startup_stm32f10x_hd.o(.text)
    ADC3_IRQHandler                          0x08003a97   Thumb Code     0  startup_stm32f10x_hd.o(.text)
    CAN1_RX1_IRQHandler                      0x08003a97   Thumb Code     0  startup_stm32f10x_hd.o(.text)
    CAN1_SCE_IRQHandler                      0x08003a97   Thumb Code     0  startup_stm32f10x_hd.o(.text)
    DMA1_Channel1_IRQHandler                 0x08003a97   Thumb Code     0  startup_stm32f10x_hd.o(.text)
    DMA1_Channel2_IRQHandler                 0x08003a97   Thumb Code     0  startup_stm32f10x_hd.o(.text)
    DMA1_Channel3_IRQHandler                 0x08003a97   Thumb Code     0  startup_stm32f10x_hd.o(.text)
    DMA1_Channel4_IRQHandler                 0x08003a97   Thumb Code     0  startup_stm32f10x_hd.o(.text)
    DMA1_Channel5_IRQHandler                 0x08003a97   Thumb Code     0  startup_stm32f10x_hd.o(.text)
    DMA1_Channel6_IRQHandler                 0x08003a97   Thumb Code     0  startup_stm32f10x_hd.o(.text)
    DMA1_Channel7_IRQHandler                 0x08003a97   Thumb Code     0  startup_stm32f10x_hd.o(.text)
    DMA2_Channel1_IRQHandler                 0x08003a97   Thumb Code     0  startup_stm32f10x_hd.o(.text)
    DMA2_Channel2_IRQHandler                 0x08003a97   Thumb Code     0  startup_stm32f10x_hd.o(.text)
    DMA2_Channel3_IRQHandler                 0x08003a97   Thumb Code     0  startup_stm32f10x_hd.o(.text)
    DMA2_Channel4_5_IRQHandler               0x08003a97   Thumb Code     0  startup_stm32f10x_hd.o(.text)
    EXTI0_IRQHandler                         0x08003a97   Thumb Code     0  startup_stm32f10x_hd.o(.text)
    EXTI15_10_IRQHandler                     0x08003a97   Thumb Code     0  startup_stm32f10x_hd.o(.text)
    EXTI1_IRQHandler                         0x08003a97   Thumb Code     0  startup_stm32f10x_hd.o(.text)
    EXTI2_IRQHandler                         0x08003a97   Thumb Code     0  startup_stm32f10x_hd.o(.text)
    EXTI3_IRQHandler                         0x08003a97   Thumb Code     0  startup_stm32f10x_hd.o(.text)
    EXTI9_5_IRQHandler                       0x08003a97   Thumb Code     0  startup_stm32f10x_hd.o(.text)
    FLASH_IRQHandler                         0x08003a97   Thumb Code     0  startup_stm32f10x_hd.o(.text)
    FSMC_IRQHandler                          0x08003a97   Thumb Code     0  startup_stm32f10x_hd.o(.text)
    I2C1_ER_IRQHandler                       0x08003a97   Thumb Code     0  startup_stm32f10x_hd.o(.text)
    I2C1_EV_IRQHandler                       0x08003a97   Thumb Code     0  startup_stm32f10x_hd.o(.text)
    I2C2_ER_IRQHandler                       0x08003a97   Thumb Code     0  startup_stm32f10x_hd.o(.text)
    I2C2_EV_IRQHandler                       0x08003a97   Thumb Code     0  startup_stm32f10x_hd.o(.text)
    PVD_IRQHandler                           0x08003a97   Thumb Code     0  startup_stm32f10x_hd.o(.text)
    RCC_IRQHandler                           0x08003a97   Thumb Code     0  startup_stm32f10x_hd.o(.text)
    RTCAlarm_IRQHandler                      0x08003a97   Thumb Code     0  startup_stm32f10x_hd.o(.text)
    RTC_IRQHandler                           0x08003a97   Thumb Code     0  startup_stm32f10x_hd.o(.text)
    SPI1_IRQHandler                          0x08003a97   Thumb Code     0  startup_stm32f10x_hd.o(.text)
    SPI2_IRQHandler                          0x08003a97   Thumb Code     0  startup_stm32f10x_hd.o(.text)
    SPI3_IRQHandler                          0x08003a97   Thumb Code     0  startup_stm32f10x_hd.o(.text)
    TAMPER_IRQHandler                        0x08003a97   Thumb Code     0  startup_stm32f10x_hd.o(.text)
    TIM1_BRK_IRQHandler                      0x08003a97   Thumb Code     0  startup_stm32f10x_hd.o(.text)
    TIM1_CC_IRQHandler                       0x08003a97   Thumb Code     0  startup_stm32f10x_hd.o(.text)
    TIM1_TRG_COM_IRQHandler                  0x08003a97   Thumb Code     0  startup_stm32f10x_hd.o(.text)
    TIM1_UP_IRQHandler                       0x08003a97   Thumb Code     0  startup_stm32f10x_hd.o(.text)
    TIM2_IRQHandler                          0x08003a97   Thumb Code     0  startup_stm32f10x_hd.o(.text)
    TIM3_IRQHandler                          0x08003a97   Thumb Code     0  startup_stm32f10x_hd.o(.text)
    TIM4_IRQHandler                          0x08003a97   Thumb Code     0  startup_stm32f10x_hd.o(.text)
    TIM5_IRQHandler                          0x08003a97   Thumb Code     0  startup_stm32f10x_hd.o(.text)
    TIM6_IRQHandler                          0x08003a97   Thumb Code     0  startup_stm32f10x_hd.o(.text)
    TIM7_IRQHandler                          0x08003a97   Thumb Code     0  startup_stm32f10x_hd.o(.text)
    TIM8_BRK_IRQHandler                      0x08003a97   Thumb Code     0  startup_stm32f10x_hd.o(.text)
    TIM8_CC_IRQHandler                       0x08003a97   Thumb Code     0  startup_stm32f10x_hd.o(.text)
    TIM8_TRG_COM_IRQHandler                  0x08003a97   Thumb Code     0  startup_stm32f10x_hd.o(.text)
    TIM8_UP_IRQHandler                       0x08003a97   Thumb Code     0  startup_stm32f10x_hd.o(.text)
    UART4_IRQHandler                         0x08003a97   Thumb Code     0  startup_stm32f10x_hd.o(.text)
    UART5_IRQHandler                         0x08003a97   Thumb Code     0  startup_stm32f10x_hd.o(.text)
    USART1_IRQHandler                        0x08003a97   Thumb Code     0  startup_stm32f10x_hd.o(.text)
    USART2_IRQHandler                        0x08003a97   Thumb Code     0  startup_stm32f10x_hd.o(.text)
    USART3_IRQHandler                        0x08003a97   Thumb Code     0  startup_stm32f10x_hd.o(.text)
    USBWakeUp_IRQHandler                     0x08003a97   Thumb Code     0  startup_stm32f10x_hd.o(.text)
    WWDG_IRQHandler                          0x08003a97   Thumb Code     0  startup_stm32f10x_hd.o(.text)
    __user_initial_stackheap                 0x08003a99   Thumb Code     0  startup_stm32f10x_hd.o(.text)
    NVIC_PriorityGroupConfig                 0x08003abd   Thumb Code    10  misc.o(.text)
    NVIC_Init                                0x08003ac7   Thumb Code   102  misc.o(.text)
    NVIC_SetVectorTable                      0x08003b2d   Thumb Code    14  misc.o(.text)
    NVIC_SystemLPConfig                      0x08003b3b   Thumb Code    34  misc.o(.text)
    SysTick_CLKSourceConfig                  0x08003b5d   Thumb Code    40  misc.o(.text)
    GPIO_DeInit                              0x08003b99   Thumb Code   172  stm32f10x_gpio.o(.text)
    GPIO_AFIODeInit                          0x08003c45   Thumb Code    20  stm32f10x_gpio.o(.text)
    GPIO_Init                                0x08003c59   Thumb Code   274  stm32f10x_gpio.o(.text)
    GPIO_StructInit                          0x08003d6b   Thumb Code    16  stm32f10x_gpio.o(.text)
    GPIO_ReadInputDataBit                    0x08003d7b   Thumb Code    18  stm32f10x_gpio.o(.text)
    GPIO_ReadInputData                       0x08003d8d   Thumb Code     8  stm32f10x_gpio.o(.text)
    GPIO_ReadOutputDataBit                   0x08003d95   Thumb Code    18  stm32f10x_gpio.o(.text)
    GPIO_ReadOutputData                      0x08003da7   Thumb Code     8  stm32f10x_gpio.o(.text)
    GPIO_SetBits                             0x08003daf   Thumb Code     4  stm32f10x_gpio.o(.text)
    GPIO_ResetBits                           0x08003db3   Thumb Code     4  stm32f10x_gpio.o(.text)
    GPIO_WriteBit                            0x08003db7   Thumb Code    10  stm32f10x_gpio.o(.text)
    GPIO_Write                               0x08003dc1   Thumb Code     4  stm32f10x_gpio.o(.text)
    GPIO_PinLockConfig                       0x08003dc5   Thumb Code    18  stm32f10x_gpio.o(.text)
    GPIO_EventOutputConfig                   0x08003dd7   Thumb Code    26  stm32f10x_gpio.o(.text)
    GPIO_EventOutputCmd                      0x08003df1   Thumb Code     6  stm32f10x_gpio.o(.text)
    GPIO_PinRemapConfig                      0x08003df7   Thumb Code   138  stm32f10x_gpio.o(.text)
    GPIO_EXTILineConfig                      0x08003e81   Thumb Code    66  stm32f10x_gpio.o(.text)
    GPIO_ETH_MediaInterfaceConfig            0x08003ec3   Thumb Code     6  stm32f10x_gpio.o(.text)
    RCC_DeInit                               0x08003ef1   Thumb Code    64  stm32f10x_rcc.o(.text)
    RCC_HSEConfig                            0x08003f31   Thumb Code    70  stm32f10x_rcc.o(.text)
    RCC_GetFlagStatus                        0x08003f77   Thumb Code    56  stm32f10x_rcc.o(.text)
    RCC_WaitForHSEStartUp                    0x08003faf   Thumb Code    56  stm32f10x_rcc.o(.text)
    RCC_AdjustHSICalibrationValue            0x08003fe7   Thumb Code    20  stm32f10x_rcc.o(.text)
    RCC_HSICmd                               0x08003ffb   Thumb Code     6  stm32f10x_rcc.o(.text)
    RCC_PLLConfig                            0x08004001   Thumb Code    24  stm32f10x_rcc.o(.text)
    RCC_PLLCmd                               0x08004019   Thumb Code     6  stm32f10x_rcc.o(.text)
    RCC_SYSCLKConfig                         0x0800401f   Thumb Code    18  stm32f10x_rcc.o(.text)
    RCC_GetSYSCLKSource                      0x08004031   Thumb Code    10  stm32f10x_rcc.o(.text)
    RCC_HCLKConfig                           0x0800403b   Thumb Code    18  stm32f10x_rcc.o(.text)
    RCC_PCLK1Config                          0x0800404d   Thumb Code    18  stm32f10x_rcc.o(.text)
    RCC_PCLK2Config                          0x0800405f   Thumb Code    20  stm32f10x_rcc.o(.text)
    RCC_ITConfig                             0x08004073   Thumb Code    26  stm32f10x_rcc.o(.text)
    RCC_USBCLKConfig                         0x0800408d   Thumb Code     6  stm32f10x_rcc.o(.text)
    RCC_ADCCLKConfig                         0x08004093   Thumb Code    18  stm32f10x_rcc.o(.text)
    RCC_LSEConfig                            0x080040a5   Thumb Code    44  stm32f10x_rcc.o(.text)
    RCC_LSICmd                               0x080040d1   Thumb Code     6  stm32f10x_rcc.o(.text)
    RCC_RTCCLKConfig                         0x080040d7   Thumb Code    12  stm32f10x_rcc.o(.text)
    RCC_RTCCLKCmd                            0x080040e3   Thumb Code     8  stm32f10x_rcc.o(.text)
    RCC_GetClocksFreq                        0x080040eb   Thumb Code   192  stm32f10x_rcc.o(.text)
    RCC_AHBPeriphClockCmd                    0x080041ab   Thumb Code    26  stm32f10x_rcc.o(.text)
    RCC_APB2PeriphClockCmd                   0x080041c5   Thumb Code    26  stm32f10x_rcc.o(.text)
    RCC_APB1PeriphClockCmd                   0x080041df   Thumb Code    26  stm32f10x_rcc.o(.text)
    RCC_APB2PeriphResetCmd                   0x080041f9   Thumb Code    26  stm32f10x_rcc.o(.text)
    RCC_APB1PeriphResetCmd                   0x08004213   Thumb Code    26  stm32f10x_rcc.o(.text)
    RCC_BackupResetCmd                       0x0800422d   Thumb Code     8  stm32f10x_rcc.o(.text)
    RCC_ClockSecuritySystemCmd               0x08004235   Thumb Code     6  stm32f10x_rcc.o(.text)
    RCC_MCOConfig                            0x0800423b   Thumb Code     6  stm32f10x_rcc.o(.text)
    RCC_ClearFlag                            0x08004241   Thumb Code    14  stm32f10x_rcc.o(.text)
    RCC_GetITStatus                          0x0800424f   Thumb Code    20  stm32f10x_rcc.o(.text)
    RCC_ClearITPendingBit                    0x08004263   Thumb Code     6  stm32f10x_rcc.o(.text)
    SPI_I2S_DeInit                           0x08004295   Thumb Code    76  stm32f10x_spi.o(.text)
    SPI_Init                                 0x080042e1   Thumb Code    60  stm32f10x_spi.o(.text)
    I2S_Init                                 0x0800431d   Thumb Code   226  stm32f10x_spi.o(.text)
    SPI_StructInit                           0x080043ff   Thumb Code    24  stm32f10x_spi.o(.text)
    I2S_StructInit                           0x08004417   Thumb Code    20  stm32f10x_spi.o(.text)
    SPI_Cmd                                  0x0800442b   Thumb Code    24  stm32f10x_spi.o(.text)
    I2S_Cmd                                  0x08004443   Thumb Code    24  stm32f10x_spi.o(.text)
    SPI_I2S_ITConfig                         0x0800445b   Thumb Code    32  stm32f10x_spi.o(.text)
    SPI_I2S_DMACmd                           0x0800447b   Thumb Code    18  stm32f10x_spi.o(.text)
    SPI_I2S_SendData                         0x0800448d   Thumb Code     4  stm32f10x_spi.o(.text)
    SPI_I2S_ReceiveData                      0x08004491   Thumb Code     6  stm32f10x_spi.o(.text)
    SPI_NSSInternalSoftwareConfig            0x08004497   Thumb Code    30  stm32f10x_spi.o(.text)
    SPI_SSOutputCmd                          0x080044b5   Thumb Code    24  stm32f10x_spi.o(.text)
    SPI_DataSizeConfig                       0x080044cd   Thumb Code    18  stm32f10x_spi.o(.text)
    SPI_TransmitCRC                          0x080044df   Thumb Code    10  stm32f10x_spi.o(.text)
    SPI_CalculateCRC                         0x080044e9   Thumb Code    24  stm32f10x_spi.o(.text)
    SPI_GetCRC                               0x08004501   Thumb Code    16  stm32f10x_spi.o(.text)
    SPI_GetCRCPolynomial                     0x08004511   Thumb Code     6  stm32f10x_spi.o(.text)
    SPI_BiDirectionalLineConfig              0x08004517   Thumb Code    28  stm32f10x_spi.o(.text)
    SPI_I2S_GetFlagStatus                    0x08004533   Thumb Code    18  stm32f10x_spi.o(.text)
    SPI_I2S_ClearFlag                        0x08004545   Thumb Code     6  stm32f10x_spi.o(.text)
    SPI_I2S_GetITStatus                      0x0800454b   Thumb Code    52  stm32f10x_spi.o(.text)
    SPI_I2S_ClearITPendingBit                0x0800457f   Thumb Code    20  stm32f10x_spi.o(.text)
    FSMC_NORSRAMDeInit                       0x080045a1   Thumb Code    56  stm32f10x_fsmc.o(.text)
    FSMC_NANDDeInit                          0x080045d9   Thumb Code    62  stm32f10x_fsmc.o(.text)
    FSMC_PCCARDDeInit                        0x08004617   Thumb Code    40  stm32f10x_fsmc.o(.text)
    FSMC_NORSRAMInit                         0x0800463f   Thumb Code   224  stm32f10x_fsmc.o(.text)
    FSMC_NANDInit                            0x0800471f   Thumb Code   130  stm32f10x_fsmc.o(.text)
    FSMC_PCCARDInit                          0x080047a1   Thumb Code   124  stm32f10x_fsmc.o(.text)
    FSMC_NORSRAMStructInit                   0x0800481d   Thumb Code   114  stm32f10x_fsmc.o(.text)
    FSMC_NANDStructInit                      0x0800488f   Thumb Code    54  stm32f10x_fsmc.o(.text)
    FSMC_PCCARDStructInit                    0x080048c5   Thumb Code    60  stm32f10x_fsmc.o(.text)
    FSMC_NORSRAMCmd                          0x08004901   Thumb Code    46  stm32f10x_fsmc.o(.text)
    FSMC_NANDCmd                             0x0800492f   Thumb Code    86  stm32f10x_fsmc.o(.text)
    FSMC_PCCARDCmd                           0x08004985   Thumb Code    40  stm32f10x_fsmc.o(.text)
    FSMC_NANDECCCmd                          0x080049ad   Thumb Code   118  stm32f10x_fsmc.o(.text)
    FSMC_GetECC                              0x08004a23   Thumb Code    22  stm32f10x_fsmc.o(.text)
    FSMC_ITConfig                            0x08004a39   Thumb Code   128  stm32f10x_fsmc.o(.text)
    FSMC_GetFlagStatus                       0x08004ab9   Thumb Code    48  stm32f10x_fsmc.o(.text)
    FSMC_ClearFlag                           0x08004ae9   Thumb Code    62  stm32f10x_fsmc.o(.text)
    FSMC_GetITStatus                         0x08004b27   Thumb Code    60  stm32f10x_fsmc.o(.text)
    FSMC_ClearITPendingBit                   0x08004b63   Thumb Code    64  stm32f10x_fsmc.o(.text)
    EXTI_DeInit                              0x08004bb9   Thumb Code    28  stm32f10x_exti.o(.text)
    EXTI_Init                                0x08004bd5   Thumb Code   142  stm32f10x_exti.o(.text)
    EXTI_StructInit                          0x08004c63   Thumb Code    16  stm32f10x_exti.o(.text)
    EXTI_GenerateSWInterrupt                 0x08004c73   Thumb Code    16  stm32f10x_exti.o(.text)
    EXTI_GetFlagStatus                       0x08004c83   Thumb Code    22  stm32f10x_exti.o(.text)
    EXTI_ClearFlag                           0x08004c99   Thumb Code     8  stm32f10x_exti.o(.text)
    EXTI_GetITStatus                         0x08004ca1   Thumb Code    34  stm32f10x_exti.o(.text)
    EXTI_ClearITPendingBit                   0x08004cc3   Thumb Code     8  stm32f10x_exti.o(.text)
    TR_DisplayFrame                          0x08004cd5   Thumb Code   356  targetrecognition.o(.text)
    TR_DrawCirle                             0x08004e39   Thumb Code   168  targetrecognition.o(.text)
    TR_InjectCircleToArray                   0x08004ee1   Thumb Code     2  targetrecognition.o(.text)
    TR_ClearLCD                              0x08004ee3   Thumb Code    46  targetrecognition.o(.text)
    TR_DrawTargetRegion                      0x08004f11   Thumb Code    94  targetrecognition.o(.text)
    TR_CircleDetect                          0x08004f6f   Thumb Code   742  targetrecognition.o(.text)
    TR_BorderFix                             0x08005255   Thumb Code   584  targetrecognition.o(.text)
    TR_TargetRegionDectect                   0x0800549d   Thumb Code   424  targetrecognition.o(.text)
    TR_ProcessFrame                          0x08005645   Thumb Code   176  targetrecognition.o(.text)
    TR_TakePoint                             0x080056f5   Thumb Code   278  targetrecognition.o(.text)
    TR_DrawButton                            0x0800580b   Thumb Code   160  targetrecognition.o(.text)
    TR_IncreaseRedThread_ButtonHoldHandler   0x080058ab   Thumb Code    74  targetrecognition.o(.text)
    TR_DecreaseRedThread_ButtonHoldHandler   0x080058f5   Thumb Code    74  targetrecognition.o(.text)
    TR_IncreaseGreenThread_ButtonHoldHandler 0x0800593f   Thumb Code    74  targetrecognition.o(.text)
    TR_DecreaseGreenThread_ButtonHoldHandler 0x08005989   Thumb Code    74  targetrecognition.o(.text)
    TR_IncreaseBlueThread_ButtonHoldHandler  0x080059d3   Thumb Code   230  targetrecognition.o(.text)
    TR_DecreaseBlueThread_ButtonHoldHandler  0x08005ab9   Thumb Code    78  targetrecognition.o(.text)
    TR_IncreaseOV7670Contrast_ButtonHoldHandler 0x08005b07   Thumb Code    32  targetrecognition.o(.text)
    TR_DecreaseOV7670Contrast_ButtonHoldHandler 0x08005b27   Thumb Code    32  targetrecognition.o(.text)
    TR_IncreaseOV7670Brightness_ButtonHoldHandler 0x08005b47   Thumb Code    32  targetrecognition.o(.text)
    TR_DecreaseOV7670Brightness_ButtonHoldHandler 0x08005b67   Thumb Code    32  targetrecognition.o(.text)
    TR_ToggleMode_ButtonHoldHandler          0x08005b87   Thumb Code    62  targetrecognition.o(.text)
    TR_ButtonFunctionToggle_ButtonHoldHandler 0x08005bc5   Thumb Code    46  targetrecognition.o(.text)
    TR_IsButtonDown                          0x08005bf3   Thumb Code    50  targetrecognition.o(.text)
    TR_TouchHandler                          0x08005c25   Thumb Code   466  targetrecognition.o(.text)
    TR_NoiseExclude                          0x08005df7   Thumb Code   784  targetrecognition.o(.text)
    TR_Test                                  0x08006107   Thumb Code    42  targetrecognition.o(.text)
    __c89vsprintf                            0x0800613d   Thumb Code    32  c89vsprintf.o(.text)
    strlen                                   0x08006161   Thumb Code    62  strlen.o(.text)
    __aeabi_memcpy4                          0x0800619f   Thumb Code     0  rt_memcpy_w.o(.text)
    __aeabi_memcpy8                          0x0800619f   Thumb Code     0  rt_memcpy_w.o(.text)
    __rt_memcpy_w                            0x0800619f   Thumb Code   100  rt_memcpy_w.o(.text)
    _memcpy_lastbytes_aligned                0x080061e7   Thumb Code     0  rt_memcpy_w.o(.text)
    __use_two_region_memory                  0x08006203   Thumb Code     2  heapauxi.o(.text)
    __rt_heap_escrow$2region                 0x08006205   Thumb Code     2  heapauxi.o(.text)
    __rt_heap_expand$2region                 0x08006207   Thumb Code     2  heapauxi.o(.text)
    __read_errno                             0x08006209   Thumb Code    10  _rserrno.o(.text)
    __set_errno                              0x08006213   Thumb Code    12  _rserrno.o(.text)
    _printf_pre_padding                      0x0800621f   Thumb Code    46  _printf_pad.o(.text)
    _printf_post_padding                     0x0800624d   Thumb Code    36  _printf_pad.o(.text)
    _printf_truncate_signed                  0x08006271   Thumb Code    18  _printf_truncate.o(.text)
    _printf_truncate_unsigned                0x08006283   Thumb Code    18  _printf_truncate.o(.text)
    _printf_str                              0x08006295   Thumb Code    82  _printf_str.o(.text)
    _printf_int_dec                          0x080062e9   Thumb Code   102  _printf_dec.o(.text)
    _printf_charcount                        0x08006361   Thumb Code    42  _printf_charcount.o(.text)
    _printf_char_common                      0x08006397   Thumb Code    32  _printf_char_common.o(.text)
    _sputc                                   0x080063bd   Thumb Code    10  _sputc.o(.text)
    _printf_wctomb                           0x080063c9   Thumb Code   182  _printf_wctomb.o(.text)
    _printf_longlong_dec                     0x08006485   Thumb Code   104  _printf_longlong_dec.o(.text)
    _printf_longlong_oct                     0x080064fd   Thumb Code    76  _printf_oct_int_ll.o(.text)
    _printf_int_oct                          0x08006549   Thumb Code    24  _printf_oct_int_ll.o(.text)
    _printf_ll_oct                           0x08006561   Thumb Code    12  _printf_oct_int_ll.o(.text)
    _printf_longlong_hex                     0x08006575   Thumb Code    92  _printf_hex_int_ll_ptr.o(.text)
    _printf_int_hex                          0x080065d1   Thumb Code    28  _printf_hex_int_ll_ptr.o(.text)
    _printf_ll_hex                           0x080065ed   Thumb Code    12  _printf_hex_int_ll_ptr.o(.text)
    _printf_hex_ptr                          0x080065f9   Thumb Code    18  _printf_hex_int_ll_ptr.o(.text)
    __printf                                 0x08006611   Thumb Code   390  __printf_flags_ss_wp.o(.text)
    __aeabi_errno_addr                       0x0800679d   Thumb Code     8  rt_errno_addr_intlibspace.o(.text)
    __errno$intlibspace                      0x0800679d   Thumb Code     0  rt_errno_addr_intlibspace.o(.text)
    __rt_errno_addr$intlibspace              0x0800679d   Thumb Code     0  rt_errno_addr_intlibspace.o(.text)
    _ll_udiv10                               0x080067a5   Thumb Code   138  lludiv10.o(.text)
    _printf_int_common                       0x0800682f   Thumb Code   184  _printf_intcommon.o(.text)
    __lib_sel_fp_printf                      0x080068e7   Thumb Code     2  _printf_fp_dec.o(.text)
    _printf_fp_dec_real                      0x08006a93   Thumb Code   628  _printf_fp_dec.o(.text)
    _printf_cs_common                        0x08006d07   Thumb Code    20  _printf_char.o(.text)
    _printf_char                             0x08006d1b   Thumb Code    16  _printf_char.o(.text)
    _printf_string                           0x08006d2b   Thumb Code     8  _printf_char.o(.text)
    _printf_lcs_common                       0x08006d33   Thumb Code    20  _printf_wchar.o(.text)
    _printf_wchar                            0x08006d47   Thumb Code    16  _printf_wchar.o(.text)
    _printf_wstring                          0x08006d57   Thumb Code     8  _printf_wchar.o(.text)
    _wcrtomb                                 0x08006d5f   Thumb Code    64  _wcrtomb.o(.text)
    __user_libspace                          0x08006da1   Thumb Code     8  libspace.o(.text)
    __user_perproc_libspace                  0x08006da1   Thumb Code     0  libspace.o(.text)
    __user_perthread_libspace                0x08006da1   Thumb Code     0  libspace.o(.text)
    __user_setup_stackheap                   0x08006da9   Thumb Code    74  sys_stackheap_outer.o(.text)
    __rt_ctype_table                         0x08006df5   Thumb Code    16  rt_ctype_table.o(.text)
    __rt_locale                              0x08006e05   Thumb Code     8  rt_locale_intlibspace.o(.text)
    _printf_fp_infnan                        0x08006e0d   Thumb Code   112  _printf_fp_infnan.o(.text)
    _btod_etento                             0x08006e8d   Thumb Code   222  bigflt0.o(.text)
    exit                                     0x08006f71   Thumb Code    12  exit.o(.text)
    strcmp                                   0x08006f7d   Thumb Code   128  strcmpv7m.o(.text)
    _sys_exit                                0x08006ffd   Thumb Code     8  sys_exit.o(.text)
    __I$use$semihosting                      0x08007009   Thumb Code     0  use_no_semi.o(.text)
    __use_no_semihosting_swi                 0x08007009   Thumb Code     2  use_no_semi.o(.text)
    __semihosting_library_function           0x0800700b   Thumb Code     0  indicate_semi.o(.text)
    _btod_d2e                                0x0800700b   Thumb Code    62  btod.o(CL$$btod_d2e)
    _d2e_denorm_low                          0x08007049   Thumb Code    70  btod.o(CL$$btod_d2e_denorm_low)
    _d2e_norm_op1                            0x0800708f   Thumb Code    96  btod.o(CL$$btod_d2e_norm_op1)
    __btod_div_common                        0x080070ef   Thumb Code   696  btod.o(CL$$btod_div_common)
    _e2e                                     0x08007427   Thumb Code   198  btod.o(CL$$btod_e2e)
    _btod_ediv                               0x080074ed   Thumb Code    40  btod.o(CL$$btod_ediv)
    _btod_emul                               0x08007515   Thumb Code    40  btod.o(CL$$btod_emul)
    __btod_mult_common                       0x0800753d   Thumb Code   580  btod.o(CL$$btod_mult_common)
    __ARM_fpclassify                         0x08007781   Thumb Code    40  fpclassify.o(i.__ARM_fpclassify)
    _is_digit                                0x080077a9   Thumb Code    14  __printf_wp.o(i._is_digit)
    sqrt                                     0x080077b7   Thumb Code    76  sqrt.o(i.sqrt)
    _get_lc_numeric                          0x08007805   Thumb Code    44  lc_numeric_c.o(locale$$code)
    _get_lc_ctype                            0x08007831   Thumb Code    44  lc_ctype_c.o(locale$$code)
    __aeabi_dadd                             0x0800785d   Thumb Code     0  daddsub_clz.o(x$fpl$dadd)
    _dadd                                    0x0800785d   Thumb Code   332  daddsub_clz.o(x$fpl$dadd)
    __fpl_dcmp_Inf                           0x080079ad   Thumb Code    24  dcmpi.o(x$fpl$dcmpinf)
    __aeabi_ddiv                             0x080079c5   Thumb Code     0  ddiv.o(x$fpl$ddiv)
    _ddiv                                    0x080079c5   Thumb Code   552  ddiv.o(x$fpl$ddiv)
    __aeabi_d2iz                             0x08007c75   Thumb Code     0  dfix.o(x$fpl$dfix)
    _dfix                                    0x08007c75   Thumb Code    94  dfix.o(x$fpl$dfix)
    __aeabi_d2uiz                            0x08007cd5   Thumb Code     0  dfixu.o(x$fpl$dfixu)
    _dfixu                                   0x08007cd5   Thumb Code    90  dfixu.o(x$fpl$dfixu)
    __aeabi_i2d                              0x08007d2f   Thumb Code     0  dflt_clz.o(x$fpl$dflt)
    _dflt                                    0x08007d2f   Thumb Code    46  dflt_clz.o(x$fpl$dflt)
    __aeabi_ui2d                             0x08007d5d   Thumb Code     0  dflt_clz.o(x$fpl$dfltu)
    _dfltu                                   0x08007d5d   Thumb Code    38  dflt_clz.o(x$fpl$dfltu)
    __aeabi_cdcmple                          0x08007d85   Thumb Code     0  dleqf.o(x$fpl$dleqf)
    _dcmple                                  0x08007d85   Thumb Code   120  dleqf.o(x$fpl$dleqf)
    __fpl_dcmple_InfNaN                      0x08007de7   Thumb Code     0  dleqf.o(x$fpl$dleqf)
    __aeabi_dmul                             0x08007dfd   Thumb Code     0  dmul.o(x$fpl$dmul)
    _dmul                                    0x08007dfd   Thumb Code   332  dmul.o(x$fpl$dmul)
    __fpl_dnaninf                            0x08007f51   Thumb Code   156  dnaninf.o(x$fpl$dnaninf)
    __fpl_dretinf                            0x08007fed   Thumb Code    12  dretinf.o(x$fpl$dretinf)
    __aeabi_cdrcmple                         0x08007ff9   Thumb Code     0  drleqf.o(x$fpl$drleqf)
    _drcmple                                 0x08007ff9   Thumb Code   108  drleqf.o(x$fpl$drleqf)
    _dsqrt                                   0x08008065   Thumb Code   456  dsqrt_noumaal.o(x$fpl$dsqrt)
    __aeabi_dsub                             0x08008231   Thumb Code     0  daddsub_clz.o(x$fpl$dsub)
    _dsub                                    0x08008231   Thumb Code   464  daddsub_clz.o(x$fpl$dsub)
    __aeabi_f2d                              0x08008405   Thumb Code     0  f2d.o(x$fpl$f2d)
    _f2d                                     0x08008405   Thumb Code    86  f2d.o(x$fpl$f2d)
    __aeabi_fadd                             0x0800845d   Thumb Code     0  faddsub_clz.o(x$fpl$fadd)
    _fadd                                    0x0800845d   Thumb Code   196  faddsub_clz.o(x$fpl$fadd)
    __aeabi_fdiv                             0x08008521   Thumb Code     0  fdiv.o(x$fpl$fdiv)
    _fdiv                                    0x08008521   Thumb Code   384  fdiv.o(x$fpl$fdiv)
    __aeabi_f2iz                             0x080086a5   Thumb Code     0  ffix.o(x$fpl$ffix)
    _ffix                                    0x080086a5   Thumb Code    54  ffix.o(x$fpl$ffix)
    __aeabi_f2uiz                            0x080086dd   Thumb Code     0  ffixu.o(x$fpl$ffixu)
    _ffixu                                   0x080086dd   Thumb Code    62  ffixu.o(x$fpl$ffixu)
    __aeabi_i2f                              0x0800871d   Thumb Code     0  fflt_clz.o(x$fpl$fflt)
    _fflt                                    0x0800871d   Thumb Code    48  fflt_clz.o(x$fpl$fflt)
    __aeabi_ui2f                             0x0800874d   Thumb Code     0  fflt_clz.o(x$fpl$ffltu)
    _ffltu                                   0x0800874d   Thumb Code    38  fflt_clz.o(x$fpl$ffltu)
    __aeabi_fmul                             0x08008775   Thumb Code     0  fmul.o(x$fpl$fmul)
    _fmul                                    0x08008775   Thumb Code   258  fmul.o(x$fpl$fmul)
    __fpl_fnaninf                            0x08008877   Thumb Code   140  fnaninf.o(x$fpl$fnaninf)
    __fpl_fretinf                            0x08008903   Thumb Code    10  fretinf.o(x$fpl$fretinf)
    __aeabi_fsub                             0x0800890d   Thumb Code     0  faddsub_clz.o(x$fpl$fsub)
    _fsub                                    0x0800890d   Thumb Code   234  faddsub_clz.o(x$fpl$fsub)
    _printf_fp_dec                           0x080089f7   Thumb Code     4  printf1.o(x$fpl$printf1)
    __I$use$fp                               0x080089fa   Number         0  usenofp.o(x$fpl$usenofp)
    asc2_1206                                0x080089fa   Data        1140  gui.o(.constdata)
    asc2_1608                                0x08008e6e   Data        1520  gui.o(.constdata)
    GPIO_Pin                                 0x08009698   Data          32  nvic_exit.o(.constdata)
    GPIO_PortClk                             0x080096b8   Data          28  nvic_exit.o(.constdata)
    GPIO_PortSuorce                          0x080096d4   Data           7  nvic_exit.o(.constdata)
    GPIO_PinSource                           0x080096db   Data          16  nvic_exit.o(.constdata)
    EXINT_Line                               0x080096ec   Data          64  nvic_exit.o(.constdata)
    Exit_IRQn                                0x0800972c   Data          16  nvic_exit.o(.constdata)
    Region$$Table$$Base                      0x080098ec   Number         0  anon$$obj.o(Region$$Table)
    Region$$Table$$Limit                     0x0800990c   Number         0  anon$$obj.o(Region$$Table)
    __ctype                                  0x08009935   Data           0  lc_ctype_c.o(locale$$data)
    FrontColor                               0x20000004   Data           2  gui.o(.data)
    BackColor                                0x20000006   Data           2  gui.o(.data)
    Vsync_Flag                               0x20000008   Data           1  stm32f10x_it.o(.data)
    x                                        0x2000000a   Data           2  stm32f10x_it.o(.data)
    y                                        0x2000000c   Data           2  stm32f10x_it.o(.data)
    t1                                       0x2000000e   Data           2  stm32f10x_it.o(.data)
    t2                                       0x20000010   Data           2  stm32f10x_it.o(.data)
    SystemCoreClock                          0x20000014   Data           4  system_stm32f10x.o(.data)
    AHBPrescTable                            0x20000018   Data          16  system_stm32f10x.o(.data)
    tp_dev                                   0x20000028   Data          40  touch.o(.data)
    CMD_RDX                                  0x20000050   Data           1  touch.o(.data)
    CMD_RDY                                  0x20000051   Data           1  touch.o(.data)
    TP_REMIND_MSG_TBL                        0x20000054   Data           4  touch.o(.data)
    OLED_AddressMode                         0x2000005c   Data           1  oled.o(.data)
    OLED_Position                            0x2000005d   Data           2  oled.o(.data)
    OLED_Area                                0x2000005f   Data           4  oled.o(.data)
    OLED_CurrentContrast                     0x20000063   Data           1  oled.o(.data)
    OLED_AutoWrap                            0x20000064   Data           1  oled.o(.data)
    GPIO_InitStructure                       0x20000066   Data           4  oled.o(.data)
    POINT_COLOR                              0x2000006a   Data           2  lcd.o(.data)
    BACK_COLOR                               0x2000006c   Data           2  lcd.o(.data)
    DeviceCode                               0x2000006e   Data           2  lcd.o(.data)
    readTemp                                 0x20000070   Data           2  lcd.o(.data)
    OV7670_Contrast                          0x20000072   Data           1  ov7670.o(.data)
    OV7670_Brightness                        0x20000073   Data           1  ov7670.o(.data)
    GPIO_PORT                                0x20000074   Data          28  nvic_exit.o(.data)
    BackgroundThreadStruct                   0x200000a4   Data           6  targetrecognition.o(.data)
    LineThreadStruct                         0x200000aa   Data           6  targetrecognition.o(.data)
    WorkMode                                 0x200000b0   Data           1  targetrecognition.o(.data)
    PixelStatesColor                         0x200000b2   Data          10  targetrecognition.o(.data)
    CircleShapeAmount                        0x200000bc   Data           2  targetrecognition.o(.data)
    SamplePoint                              0x200000be   Data           4  targetrecognition.o(.data)
    SampleColor                              0x200000c2   Data           2  targetrecognition.o(.data)
    ButtonFunction                           0x200000c4   Data           1  targetrecognition.o(.data)
    ButtonHandlers                           0x200000c8   Data          48  targetrecognition.o(.data)
    ButtonContents                           0x200000f8   Data          48  targetrecognition.o(.data)
    TargetRegion                             0x2000012a   Data           8  targetrecognition.o(.data)
    XCross                                   0x20000132   Data           2  targetrecognition.o(.data)
    YCross                                   0x20000134   Data           2  targetrecognition.o(.data)
    ReadPixel                                0x20000136   Data           1  targetrecognition.o(.data)
    SPI_InitStructure                        0x200002b6   Data          18  oled.o(.bss)
    lcddev                                   0x200002c8   Data          14  lcd.o(.bss)
    FourStateArray                           0x200002d8   Data       19200  targetrecognition.o(.bss)
    CircleShapes                             0x20004dd8   Data          60  targetrecognition.o(.bss)
    PreCircleShapesBackup                    0x20004e14   Data          60  targetrecognition.o(.bss)
    Buttons                                  0x20004e50   Data         432  targetrecognition.o(.bss)
    __libspace_start                         0x20005000   Data          96  libspace.o(.bss)
    __temporary_stack_top$libspace           0x20005060   Data           0  libspace.o(.bss)



==============================================================================

Memory Map of the image

  Image Entry point : 0x08000131

  Load Region LR_IROM1 (Base: 0x08000000, Size: 0x00009b70, Max: 0x00080000, ABSOLUTE, COMPRESSED[0x00009aec])

    Execution Region ER_IROM1 (Base: 0x08000000, Size: 0x00009a38, Max: 0x00080000, ABSOLUTE)

    Base Addr    Size         Type   Attr      Idx    E Section Name        Object

    0x08000000   0x00000130   Data   RO          386    RESET               startup_stm32f10x_hd.o
    0x08000130   0x00000008   Code   RO          511  * !!!main             c_w.l(__main.o)
    0x08000138   0x00000034   Code   RO          907    !!!scatter          c_w.l(__scatter.o)
    0x0800016c   0x0000005a   Code   RO          905    !!dczerorl2         c_w.l(__dczerorl2.o)
    0x080001c6   0x00000002   PAD
    0x080001c8   0x0000001c   Code   RO          909    !!handler_zi        c_w.l(__scatter_zi.o)
    0x080001e4   0x00000000   Code   RO          663    .ARM.Collect$$_printf_percent$$00000000  c_w.l(_printf_percent.o)
    0x080001e4   0x00000006   Code   RO          652    .ARM.Collect$$_printf_percent$$00000001  c_w.l(_printf_n.o)
    0x080001ea   0x00000006   Code   RO          654    .ARM.Collect$$_printf_percent$$00000002  c_w.l(_printf_p.o)
    0x080001f0   0x00000006   Code   RO          659    .ARM.Collect$$_printf_percent$$00000003  c_w.l(_printf_f.o)
    0x080001f6   0x00000006   Code   RO          660    .ARM.Collect$$_printf_percent$$00000004  c_w.l(_printf_e.o)
    0x080001fc   0x00000006   Code   RO          661    .ARM.Collect$$_printf_percent$$00000005  c_w.l(_printf_g.o)
    0x08000202   0x00000006   Code   RO          662    .ARM.Collect$$_printf_percent$$00000006  c_w.l(_printf_a.o)
    0x08000208   0x0000000a   Code   RO          667    .ARM.Collect$$_printf_percent$$00000007  c_w.l(_printf_ll.o)
    0x08000212   0x00000006   Code   RO          656    .ARM.Collect$$_printf_percent$$00000008  c_w.l(_printf_i.o)
    0x08000218   0x00000006   Code   RO          657    .ARM.Collect$$_printf_percent$$00000009  c_w.l(_printf_d.o)
    0x0800021e   0x00000006   Code   RO          658    .ARM.Collect$$_printf_percent$$0000000A  c_w.l(_printf_u.o)
    0x08000224   0x00000006   Code   RO          655    .ARM.Collect$$_printf_percent$$0000000B  c_w.l(_printf_o.o)
    0x0800022a   0x00000006   Code   RO          653    .ARM.Collect$$_printf_percent$$0000000C  c_w.l(_printf_x.o)
    0x08000230   0x00000006   Code   RO          664    .ARM.Collect$$_printf_percent$$0000000D  c_w.l(_printf_lli.o)
    0x08000236   0x00000006   Code   RO          665    .ARM.Collect$$_printf_percent$$0000000E  c_w.l(_printf_lld.o)
    0x0800023c   0x00000006   Code   RO          666    .ARM.Collect$$_printf_percent$$0000000F  c_w.l(_printf_llu.o)
    0x08000242   0x00000006   Code   RO          671    .ARM.Collect$$_printf_percent$$00000010  c_w.l(_printf_llo.o)
    0x08000248   0x00000006   Code   RO          672    .ARM.Collect$$_printf_percent$$00000011  c_w.l(_printf_llx.o)
    0x0800024e   0x0000000a   Code   RO          668    .ARM.Collect$$_printf_percent$$00000012  c_w.l(_printf_l.o)
    0x08000258   0x00000006   Code   RO          650    .ARM.Collect$$_printf_percent$$00000013  c_w.l(_printf_c.o)
    0x0800025e   0x00000006   Code   RO          651    .ARM.Collect$$_printf_percent$$00000014  c_w.l(_printf_s.o)
    0x08000264   0x00000006   Code   RO          669    .ARM.Collect$$_printf_percent$$00000015  c_w.l(_printf_lc.o)
    0x0800026a   0x00000006   Code   RO          670    .ARM.Collect$$_printf_percent$$00000016  c_w.l(_printf_ls.o)
    0x08000270   0x00000004   Code   RO          720    .ARM.Collect$$_printf_percent$$00000017  c_w.l(_printf_percent_end.o)
    0x08000274   0x00000002   Code   RO          772    .ARM.Collect$$libinit$$00000000  c_w.l(libinit.o)
    0x08000276   0x00000000   Code   RO          785    .ARM.Collect$$libinit$$00000002  c_w.l(libinit2.o)
    0x08000276   0x00000000   Code   RO          788    .ARM.Collect$$libinit$$00000008  c_w.l(libinit2.o)
    0x08000276   0x00000000   Code   RO          790    .ARM.Collect$$libinit$$0000000A  c_w.l(libinit2.o)
    0x08000276   0x00000000   Code   RO          792    .ARM.Collect$$libinit$$0000000C  c_w.l(libinit2.o)
    0x08000276   0x00000006   Code   RO          793    .ARM.Collect$$libinit$$0000000D  c_w.l(libinit2.o)
    0x0800027c   0x00000000   Code   RO          795    .ARM.Collect$$libinit$$0000000F  c_w.l(libinit2.o)
    0x0800027c   0x0000000c   Code   RO          796    .ARM.Collect$$libinit$$00000010  c_w.l(libinit2.o)
    0x08000288   0x00000000   Code   RO          797    .ARM.Collect$$libinit$$00000011  c_w.l(libinit2.o)
    0x08000288   0x00000000   Code   RO          799    .ARM.Collect$$libinit$$00000013  c_w.l(libinit2.o)
    0x08000288   0x0000000a   Code   RO          800    .ARM.Collect$$libinit$$00000014  c_w.l(libinit2.o)
    0x08000292   0x00000000   Code   RO          801    .ARM.Collect$$libinit$$00000015  c_w.l(libinit2.o)
    0x08000292   0x00000000   Code   RO          803    .ARM.Collect$$libinit$$00000017  c_w.l(libinit2.o)
    0x08000292   0x00000000   Code   RO          805    .ARM.Collect$$libinit$$00000019  c_w.l(libinit2.o)
    0x08000292   0x00000000   Code   RO          807    .ARM.Collect$$libinit$$0000001B  c_w.l(libinit2.o)
    0x08000292   0x00000000   Code   RO          809    .ARM.Collect$$libinit$$0000001D  c_w.l(libinit2.o)
    0x08000292   0x00000000   Code   RO          811    .ARM.Collect$$libinit$$0000001F  c_w.l(libinit2.o)
    0x08000292   0x00000000   Code   RO          813    .ARM.Collect$$libinit$$00000021  c_w.l(libinit2.o)
    0x08000292   0x00000000   Code   RO          815    .ARM.Collect$$libinit$$00000023  c_w.l(libinit2.o)
    0x08000292   0x00000000   Code   RO          819    .ARM.Collect$$libinit$$0000002A  c_w.l(libinit2.o)
    0x08000292   0x00000000   Code   RO          821    .ARM.Collect$$libinit$$0000002C  c_w.l(libinit2.o)
    0x08000292   0x00000000   Code   RO          823    .ARM.Collect$$libinit$$0000002E  c_w.l(libinit2.o)
    0x08000292   0x00000000   Code   RO          825    .ARM.Collect$$libinit$$00000030  c_w.l(libinit2.o)
    0x08000292   0x00000002   Code   RO          826    .ARM.Collect$$libinit$$00000031  c_w.l(libinit2.o)
    0x08000294   0x00000002   Code   RO          846    .ARM.Collect$$libshutdown$$00000000  c_w.l(libshutdown.o)
    0x08000296   0x00000000   Code   RO          860    .ARM.Collect$$libshutdown$$00000003  c_w.l(libshutdown2.o)
    0x08000296   0x00000000   Code   RO          863    .ARM.Collect$$libshutdown$$00000006  c_w.l(libshutdown2.o)
    0x08000296   0x00000000   Code   RO          866    .ARM.Collect$$libshutdown$$00000009  c_w.l(libshutdown2.o)
    0x08000296   0x00000000   Code   RO          868    .ARM.Collect$$libshutdown$$0000000B  c_w.l(libshutdown2.o)
    0x08000296   0x00000000   Code   RO          871    .ARM.Collect$$libshutdown$$0000000E  c_w.l(libshutdown2.o)
    0x08000296   0x00000002   Code   RO          872    .ARM.Collect$$libshutdown$$0000000F  c_w.l(libshutdown2.o)
    0x08000298   0x00000000   Code   RO          579    .ARM.Collect$$rtentry$$00000000  c_w.l(rtentry.o)
    0x08000298   0x00000000   Code   RO          689    .ARM.Collect$$rtentry$$00000002  c_w.l(rtentry2.o)
    0x08000298   0x00000006   Code   RO          701    .ARM.Collect$$rtentry$$00000004  c_w.l(rtentry4.o)
    0x0800029e   0x00000000   Code   RO          691    .ARM.Collect$$rtentry$$00000009  c_w.l(rtentry2.o)
    0x0800029e   0x00000004   Code   RO          692    .ARM.Collect$$rtentry$$0000000A  c_w.l(rtentry2.o)
    0x080002a2   0x00000000   Code   RO          694    .ARM.Collect$$rtentry$$0000000C  c_w.l(rtentry2.o)
    0x080002a2   0x00000008   Code   RO          695    .ARM.Collect$$rtentry$$0000000D  c_w.l(rtentry2.o)
    0x080002aa   0x00000002   Code   RO          777    .ARM.Collect$$rtexit$$00000000  c_w.l(rtexit.o)
    0x080002ac   0x00000000   Code   RO          828    .ARM.Collect$$rtexit$$00000002  c_w.l(rtexit2.o)
    0x080002ac   0x00000004   Code   RO          829    .ARM.Collect$$rtexit$$00000003  c_w.l(rtexit2.o)
    0x080002b0   0x00000006   Code   RO          830    .ARM.Collect$$rtexit$$00000004  c_w.l(rtexit2.o)
    0x080002b6   0x00000002   PAD
    0x080002b8   0x000000e0   Code   RO            1    .text               main.o
    0x08000398   0x000000a4   Code   RO          135    .text               delay.o
    0x0800043c   0x00000708   Code   RO          149    .text               gui.o
    0x08000b44   0x000001ac   Code   RO          186    .text               stm32f10x_it.o
    0x08000cf0   0x000001dc   Code   RO          204    .text               system_stm32f10x.o
    0x08000ecc   0x00001104   Code   RO          222    .text               touch.o
    0x08001fd0   0x0000065c   Code   RO          251    .text               oled.o
    0x0800262c   0x000004bc   Code   RO          275    .text               lcd.o
    0x08002ae8   0x00000274   Code   RO          294    .text               myiic.o
    0x08002d5c   0x0000017a   Code   RO          306    .text               24cxx.o
    0x08002ed6   0x00000002   PAD
    0x08002ed8   0x00000298   Code   RO          318    .text               i2c.o
    0x08003170   0x000007d0   Code   RO          333    .text               ov7670.o
    0x08003940   0x0000013c   Code   RO          357    .text               nvic_exit.o
    0x08003a7c   0x00000040   Code   RO          387    .text               startup_stm32f10x_hd.o
    0x08003abc   0x000000dc   Code   RO          391    .text               misc.o
    0x08003b98   0x00000358   Code   RO          403    .text               stm32f10x_gpio.o
    0x08003ef0   0x000003a4   Code   RO          415    .text               stm32f10x_rcc.o
    0x08004294   0x0000030c   Code   RO          429    .text               stm32f10x_spi.o
    0x080045a0   0x00000618   Code   RO          453    .text               stm32f10x_fsmc.o
    0x08004bb8   0x0000011c   Code   RO          465    .text               stm32f10x_exti.o
    0x08004cd4   0x00001468   Code   RO          477    .text               targetrecognition.o
    0x0800613c   0x00000024   Code   RO          503    .text               c_w.l(c89vsprintf.o)
    0x08006160   0x0000003e   Code   RO          505    .text               c_w.l(strlen.o)
    0x0800619e   0x00000064   Code   RO          507    .text               c_w.l(rt_memcpy_w.o)
    0x08006202   0x00000006   Code   RO          509    .text               c_w.l(heapauxi.o)
    0x08006208   0x00000016   Code   RO          580    .text               c_w.l(_rserrno.o)
    0x0800621e   0x00000052   Code   RO          584    .text               c_w.l(_printf_pad.o)
    0x08006270   0x00000024   Code   RO          586    .text               c_w.l(_printf_truncate.o)
    0x08006294   0x00000052   Code   RO          588    .text               c_w.l(_printf_str.o)
    0x080062e6   0x00000002   PAD
    0x080062e8   0x00000078   Code   RO          590    .text               c_w.l(_printf_dec.o)
    0x08006360   0x0000002a   Code   RO          592    .text               c_w.l(_printf_charcount.o)
    0x0800638a   0x00000002   PAD
    0x0800638c   0x00000030   Code   RO          594    .text               c_w.l(_printf_char_common.o)
    0x080063bc   0x0000000a   Code   RO          596    .text               c_w.l(_sputc.o)
    0x080063c6   0x00000002   PAD
    0x080063c8   0x000000bc   Code   RO          598    .text               c_w.l(_printf_wctomb.o)
    0x08006484   0x00000078   Code   RO          601    .text               c_w.l(_printf_longlong_dec.o)
    0x080064fc   0x00000078   Code   RO          607    .text               c_w.l(_printf_oct_int_ll.o)
    0x08006574   0x0000009c   Code   RO          627    .text               c_w.l(_printf_hex_int_ll_ptr.o)
    0x08006610   0x0000018c   Code   RO          647    .text               c_w.l(__printf_flags_ss_wp.o)
    0x0800679c   0x00000008   Code   RO          706    .text               c_w.l(rt_errno_addr_intlibspace.o)
    0x080067a4   0x0000008a   Code   RO          708    .text               c_w.l(lludiv10.o)
    0x0800682e   0x000000b8   Code   RO          710    .text               c_w.l(_printf_intcommon.o)
    0x080068e6   0x00000420   Code   RO          712    .text               c_w.l(_printf_fp_dec.o)
    0x08006d06   0x0000002c   Code   RO          716    .text               c_w.l(_printf_char.o)
    0x08006d32   0x0000002c   Code   RO          718    .text               c_w.l(_printf_wchar.o)
    0x08006d5e   0x00000040   Code   RO          721    .text               c_w.l(_wcrtomb.o)
    0x08006d9e   0x00000002   PAD
    0x08006da0   0x00000008   Code   RO          723    .text               c_w.l(libspace.o)
    0x08006da8   0x0000004a   Code   RO          726    .text               c_w.l(sys_stackheap_outer.o)
    0x08006df2   0x00000002   PAD
    0x08006df4   0x00000010   Code   RO          728    .text               c_w.l(rt_ctype_table.o)
    0x08006e04   0x00000008   Code   RO          733    .text               c_w.l(rt_locale_intlibspace.o)
    0x08006e0c   0x00000080   Code   RO          735    .text               c_w.l(_printf_fp_infnan.o)
    0x08006e8c   0x000000e4   Code   RO          737    .text               c_w.l(bigflt0.o)
    0x08006f70   0x0000000c   Code   RO          765    .text               c_w.l(exit.o)
    0x08006f7c   0x00000080   Code   RO          782    .text               c_w.l(strcmpv7m.o)
    0x08006ffc   0x0000000c   Code   RO          838    .text               c_w.l(sys_exit.o)
    0x08007008   0x00000002   Code   RO          849    .text               c_w.l(use_no_semi.o)
    0x0800700a   0x00000000   Code   RO          851    .text               c_w.l(indicate_semi.o)
    0x0800700a   0x0000003e   Code   RO          740    CL$$btod_d2e        c_w.l(btod.o)
    0x08007048   0x00000046   Code   RO          742    CL$$btod_d2e_denorm_low  c_w.l(btod.o)
    0x0800708e   0x00000060   Code   RO          741    CL$$btod_d2e_norm_op1  c_w.l(btod.o)
    0x080070ee   0x00000338   Code   RO          750    CL$$btod_div_common  c_w.l(btod.o)
    0x08007426   0x000000c6   Code   RO          747    CL$$btod_e2e        c_w.l(btod.o)
    0x080074ec   0x00000028   Code   RO          744    CL$$btod_ediv       c_w.l(btod.o)
    0x08007514   0x00000028   Code   RO          743    CL$$btod_emul       c_w.l(btod.o)
    0x0800753c   0x00000244   Code   RO          749    CL$$btod_mult_common  c_w.l(btod.o)
    0x08007780   0x00000028   Code   RO          775    i.__ARM_fpclassify  m_ws.l(fpclassify.o)
    0x080077a8   0x0000000e   Code   RO          640    i._is_digit         c_w.l(__printf_wp.o)
    0x080077b6   0x0000004c   Code   RO          572    i.sqrt              m_ws.l(sqrt.o)
    0x08007802   0x00000002   PAD
    0x08007804   0x0000002c   Code   RO          763    locale$$code        c_w.l(lc_numeric_c.o)
    0x08007830   0x0000002c   Code   RO          780    locale$$code        c_w.l(lc_ctype_c.o)
    0x0800785c   0x00000150   Code   RO          513    x$fpl$dadd          fz_ws.l(daddsub_clz.o)
    0x080079ac   0x00000018   Code   RO          673    x$fpl$dcmpinf       fz_ws.l(dcmpi.o)
    0x080079c4   0x000002b0   Code   RO          520    x$fpl$ddiv          fz_ws.l(ddiv.o)
    0x08007c74   0x0000005e   Code   RO          523    x$fpl$dfix          fz_ws.l(dfix.o)
    0x08007cd2   0x00000002   PAD
    0x08007cd4   0x0000005a   Code   RO          527    x$fpl$dfixu         fz_ws.l(dfixu.o)
    0x08007d2e   0x0000002e   Code   RO          532    x$fpl$dflt          fz_ws.l(dflt_clz.o)
    0x08007d5c   0x00000026   Code   RO          531    x$fpl$dfltu         fz_ws.l(dflt_clz.o)
    0x08007d82   0x00000002   PAD
    0x08007d84   0x00000078   Code   RO          537    x$fpl$dleqf         fz_ws.l(dleqf.o)
    0x08007dfc   0x00000154   Code   RO          539    x$fpl$dmul          fz_ws.l(dmul.o)
    0x08007f50   0x0000009c   Code   RO          675    x$fpl$dnaninf       fz_ws.l(dnaninf.o)
    0x08007fec   0x0000000c   Code   RO          677    x$fpl$dretinf       fz_ws.l(dretinf.o)
    0x08007ff8   0x0000006c   Code   RO          541    x$fpl$drleqf        fz_ws.l(drleqf.o)
    0x08008064   0x000001cc   Code   RO          679    x$fpl$dsqrt         fz_ws.l(dsqrt_noumaal.o)
    0x08008230   0x000001d4   Code   RO          515    x$fpl$dsub          fz_ws.l(daddsub_clz.o)
    0x08008404   0x00000056   Code   RO          543    x$fpl$f2d           fz_ws.l(f2d.o)
    0x0800845a   0x00000002   PAD
    0x0800845c   0x000000c4   Code   RO          545    x$fpl$fadd          fz_ws.l(faddsub_clz.o)
    0x08008520   0x00000184   Code   RO          552    x$fpl$fdiv          fz_ws.l(fdiv.o)
    0x080086a4   0x00000036   Code   RO          555    x$fpl$ffix          fz_ws.l(ffix.o)
    0x080086da   0x00000002   PAD
    0x080086dc   0x0000003e   Code   RO          559    x$fpl$ffixu         fz_ws.l(ffixu.o)
    0x0800871a   0x00000002   PAD
    0x0800871c   0x00000030   Code   RO          564    x$fpl$fflt          fz_ws.l(fflt_clz.o)
    0x0800874c   0x00000026   Code   RO          563    x$fpl$ffltu         fz_ws.l(fflt_clz.o)
    0x08008772   0x00000002   PAD
    0x08008774   0x00000102   Code   RO          569    x$fpl$fmul          fz_ws.l(fmul.o)
    0x08008876   0x0000008c   Code   RO          681    x$fpl$fnaninf       fz_ws.l(fnaninf.o)
    0x08008902   0x0000000a   Code   RO          683    x$fpl$fretinf       fz_ws.l(fretinf.o)
    0x0800890c   0x000000ea   Code   RO          547    x$fpl$fsub          fz_ws.l(faddsub_clz.o)
    0x080089f6   0x00000004   Code   RO          685    x$fpl$printf1       fz_ws.l(printf1.o)
    0x080089fa   0x00000000   Code   RO          687    x$fpl$usenofp       fz_ws.l(usenofp.o)
    0x080089fa   0x00000a64   Data   RO          151    .constdata          gui.o
    0x0800945e   0x0000023a   Data   RO          253    .constdata          oled.o
    0x08009698   0x000000a4   Data   RO          358    .constdata          nvic_exit.o
    0x0800973c   0x00000032   Data   RO          479    .constdata          targetrecognition.o
    0x0800976e   0x00000002   PAD
    0x08009770   0x00000008   Data   RO          599    .constdata          c_w.l(_printf_wctomb.o)
    0x08009778   0x00000028   Data   RO          628    .constdata          c_w.l(_printf_hex_int_ll_ptr.o)
    0x080097a0   0x00000011   Data   RO          648    .constdata          c_w.l(__printf_flags_ss_wp.o)
    0x080097b1   0x00000003   PAD
    0x080097b4   0x00000094   Data   RO          738    .constdata          c_w.l(bigflt0.o)
    0x08009848   0x00000079   Data   RO          223    .conststring        touch.o
    0x080098c1   0x0000002b   Data   RO          480    .conststring        targetrecognition.o
    0x080098ec   0x00000020   Data   RO          903    Region$$Table       anon$$obj.o
    0x0800990c   0x0000001c   Data   RO          762    locale$$data        c_w.l(lc_numeric_c.o)
    0x08009928   0x00000110   Data   RO          779    locale$$data        c_w.l(lc_ctype_c.o)


    Execution Region RW_IRAM1 (Base: 0x20000000, Size: 0x00005660, Max: 0x00010000, ABSOLUTE, COMPRESSED[0x000000b4])

    Base Addr    Size         Type   Attr      Idx    E Section Name        Object

    0x20000000   0x00000004   Data   RW          136    .data               delay.o
    0x20000004   0x00000004   Data   RW          152    .data               gui.o
    0x20000008   0x0000000a   Data   RW          187    .data               stm32f10x_it.o
    0x20000012   0x00000002   PAD
    0x20000014   0x00000014   Data   RW          205    .data               system_stm32f10x.o
    0x20000028   0x00000030   Data   RW          224    .data               touch.o
    0x20000058   0x00000012   Data   RW          254    .data               oled.o
    0x2000006a   0x00000008   Data   RW          277    .data               lcd.o
    0x20000072   0x00000002   Data   RW          334    .data               ov7670.o
    0x20000074   0x0000001c   Data   RW          359    .data               nvic_exit.o
    0x20000090   0x00000014   Data   RW          416    .data               stm32f10x_rcc.o
    0x200000a4   0x00000093   Data   RW          481    .data               targetrecognition.o
    0x20000137   0x00000001   PAD
    0x20000138   0x000000ff   Zero   RW          150    .bss                gui.o
    0x20000237   0x00000001   PAD
    0x20000238   0x00000090   Zero   RW          252    .bss                oled.o
    0x200002c8   0x0000000e   Zero   RW          276    .bss                lcd.o
    0x200002d6   0x00000002   PAD
    0x200002d8   0x00004d28   Zero   RW          478    .bss                targetrecognition.o
    0x20005000   0x00000060   Zero   RW          724    .bss                c_w.l(libspace.o)
    0x20005060   0x00000200   Zero   RW          385    HEAP                startup_stm32f10x_hd.o
    0x20005260   0x00000400   Zero   RW          384    STACK               startup_stm32f10x_hd.o


==============================================================================

Image component sizes


      Code (inc. data)   RO Data    RW Data    ZI Data      Debug   Object Name

       378          0          0          0          0       2518   24cxx.o
         0          0          0          0          0         32   core_cm3.o
       164          8          0          4          0        899   delay.o
      1800         48       2660          4        255       8675   gui.o
       664         20          0          0          0       1682   i2c.o
      1212         40          0          8         14       6175   lcd.o
       224        132          0          0          0     243961   main.o
       220         20          0          0          0       1665   misc.o
       628         22          0          0          0       1780   myiic.o
       316         30        164         28          0       2799   nvic_exit.o
      1628         76        570         18        144       7990   oled.o
      2000         34          0          2          0       3429   ov7670.o
        64         26        304          0       1536        724   startup_stm32f10x_hd.o
       284         10          0          0          0       2095   stm32f10x_exti.o
      1560         54          0          0          0       5203   stm32f10x_fsmc.o
       856         40          0          0          0       5509   stm32f10x_gpio.o
       428         48          0         10          0       2135   stm32f10x_it.o
       932         44          0         20          0       8608   stm32f10x_rcc.o
       780         14          0          0          0       6390   stm32f10x_spi.o
       476         36          0         20          0       1555   system_stm32f10x.o
      5224        376         93        147      19752      13093   targetrecognition.o
      4356        380        121         48          0       6077   touch.o

    ----------------------------------------------------------------------
     24196       1458       3946        312      21704     332994   Object Totals
         0          0         32          0          0          0   (incl. Generated)
         2          0          2          3          3          0   (incl. Padding)

    ----------------------------------------------------------------------

      Code (inc. data)   RO Data    RW Data    ZI Data      Debug   Library Member Name

        90          0          0          0          0          0   __dczerorl2.o
         8          0          0          0          0         68   __main.o
       396          6         17          0          0         92   __printf_flags_ss_wp.o
        14          0          0          0          0         68   __printf_wp.o
        52          8          0          0          0          0   __scatter.o
        28          0          0          0          0          0   __scatter_zi.o
         6          0          0          0          0          0   _printf_a.o
         6          0          0          0          0          0   _printf_c.o
        44          0          0          0          0        108   _printf_char.o
        48          6          0          0          0         96   _printf_char_common.o
        42          0          0          0          0         68   _printf_charcount.o
         6          0          0          0          0          0   _printf_d.o
       120         18          0          0          0         92   _printf_dec.o
         6          0          0          0          0          0   _printf_e.o
         6          0          0          0          0          0   _printf_f.o
      1056          0          0          0          0        216   _printf_fp_dec.o
       128         16          0          0          0         84   _printf_fp_infnan.o
         6          0          0          0          0          0   _printf_g.o
       156          6         40          0          0        160   _printf_hex_int_ll_ptr.o
         6          0          0          0          0          0   _printf_i.o
       184          0          0          0          0         88   _printf_intcommon.o
        10          0          0          0          0          0   _printf_l.o
         6          0          0          0          0          0   _printf_lc.o
        10          0          0          0          0          0   _printf_ll.o
         6          0          0          0          0          0   _printf_lld.o
         6          0          0          0          0          0   _printf_lli.o
         6          0          0          0          0          0   _printf_llo.o
         6          0          0          0          0          0   _printf_llu.o
         6          0          0          0          0          0   _printf_llx.o
       120         16          0          0          0         92   _printf_longlong_dec.o
         6          0          0          0          0          0   _printf_ls.o
         6          0          0          0          0          0   _printf_n.o
         6          0          0          0          0          0   _printf_o.o
       120          8          0          0          0        124   _printf_oct_int_ll.o
         6          0          0          0          0          0   _printf_p.o
        82          0          0          0          0        108   _printf_pad.o
         0          0          0          0          0          0   _printf_percent.o
         4          0          0          0          0          0   _printf_percent_end.o
         6          0          0          0          0          0   _printf_s.o
        82          0          0          0          0         80   _printf_str.o
        36          0          0          0          0         84   _printf_truncate.o
         6          0          0          0          0          0   _printf_u.o
        44          0          0          0          0        108   _printf_wchar.o
       188          6          8          0          0         92   _printf_wctomb.o
         6          0          0          0          0          0   _printf_x.o
        22          0          0          0          0        100   _rserrno.o
        10          0          0          0          0         68   _sputc.o
        64          0          0          0          0         92   _wcrtomb.o
       228          6        148          0          0         96   bigflt0.o
      1910        128          0          0          0        672   btod.o
        36          4          0          0          0         76   c89vsprintf.o
        12          0          0          0          0         72   exit.o
         6          0          0          0          0        152   heapauxi.o
         0          0          0          0          0          0   indicate_semi.o
        44         10        272          0          0         76   lc_ctype_c.o
        44         10         28          0          0         76   lc_numeric_c.o
         2          0          0          0          0          0   libinit.o
        30          0          0          0          0          0   libinit2.o
         2          0          0          0          0          0   libshutdown.o
         2          0          0          0          0          0   libshutdown2.o
         8          4          0          0         96         68   libspace.o
       138          0          0          0          0         80   lludiv10.o
        16          4          0          0          0         76   rt_ctype_table.o
         8          4          0          0          0         68   rt_errno_addr_intlibspace.o
         8          4          0          0          0         68   rt_locale_intlibspace.o
       100          0          0          0          0         80   rt_memcpy_w.o
         0          0          0          0          0          0   rtentry.o
        12          0          0          0          0          0   rtentry2.o
         6          0          0          0          0          0   rtentry4.o
         2          0          0          0          0          0   rtexit.o
        10          0          0          0          0          0   rtexit2.o
       128          0          0          0          0         68   strcmpv7m.o
        62          0          0          0          0         76   strlen.o
        12          4          0          0          0         68   sys_exit.o
        74          0          0          0          0         80   sys_stackheap_outer.o
         2          0          0          0          0         68   use_no_semi.o
       804         16          0          0          0        272   daddsub_clz.o
        24          0          0          0          0         68   dcmpi.o
       688        140          0          0          0        208   ddiv.o
        94          4          0          0          0         92   dfix.o
        90          4          0          0          0         92   dfixu.o
        84          0          0          0          0        136   dflt_clz.o
       120          4          0          0          0         92   dleqf.o
       340         12          0          0          0        104   dmul.o
       156          4          0          0          0         92   dnaninf.o
        12          0          0          0          0         68   dretinf.o
       108          0          0          0          0         80   drleqf.o
       460         56          0          0          0        120   dsqrt_noumaal.o
        86          4          0          0          0         84   f2d.o
       430          8          0          0          0        168   faddsub_clz.o
       388         76          0          0          0         96   fdiv.o
        54          4          0          0          0         84   ffix.o
        62          4          0          0          0         84   ffixu.o
        86          0          0          0          0        136   fflt_clz.o
       258          4          0          0          0         84   fmul.o
       140          4          0          0          0         84   fnaninf.o
        10          0          0          0          0         68   fretinf.o
         4          0          0          0          0         68   printf1.o
         0          0          0          0          0          0   usenofp.o
        40          0          0          0          0         68   fpclassify.o
        76          0          0          0          0         84   sqrt.o

    ----------------------------------------------------------------------
     10822        612        516          0         96       6640   Library Totals
        28          0          3          0          0          0   (incl. Padding)

    ----------------------------------------------------------------------

      Code (inc. data)   RO Data    RW Data    ZI Data      Debug   Library Name

      6180        268        513          0         96       4108   c_w.l
      4498        344          0          0          0       2380   fz_ws.l
       116          0          0          0          0        152   m_ws.l

    ----------------------------------------------------------------------
     10822        612        516          0         96       6640   Library Totals

    ----------------------------------------------------------------------

==============================================================================


      Code (inc. data)   RO Data    RW Data    ZI Data      Debug   

     35018       2070       4462        312      21800     334018   Grand Totals
     35018       2070       4462        180      21800     334018   ELF Image Totals (compressed)
     35018       2070       4462        180          0          0   ROM Totals

==============================================================================

    Total RO  Size (Code + RO Data)                39480 (  38.55kB)
    Total RW  Size (RW Data + ZI Data)             22112 (  21.59kB)
    Total ROM Size (Code + RO Data + RW Data)      39660 (  38.73kB)

==============================================================================

