ARM Linker, 5.03 [Build 76] [MDK-ARM Professional]

==============================================================================

Section Cross References

    main.o(.text) refers to delay.o(.text) for delay_init
    main.o(.text) refers to oled.o(.text) for OLED_Init
    main.o(.text) refers to button.o(.text) for BTN_init
    main.o(.text) refers to lcd.o(.text) for LCD_Init
    main.o(.text) refers to gui.o(.text) for LCD_SetFontBackColor
    main.o(.text) refers to targetrecognition.o(.text) for TR_Init
    main.o(.text) refers to ov7670.o(.text) for OV7670_Init
    delay.o(.text) refers to delay.o(.data) for fac_us
    gui.o(.text) refers to lcd.o(.text) for LCD_SetCursor
    gui.o(.text) refers to lcd.o(.bss) for lcddev
    gui.o(.text) refers to lcd.o(.data) for POINT_COLOR
    gui.o(.text) refers to gui.o(.constdata) for asc2_1206
    gui.o(.text) refers to strlen.o(.text) for strlen
    gui.o(.text) refers to c89vsprintf.o(.text) for __c89vsprintf
    gui.o(.text) refers to gui.o(.data) for FrontColor
    gui.o(.text) refers to gui.o(.bss) for buffer
    stm32f10x_it.o(.text) refers to stm32f10x_exti.o(.text) for EXTI_ClearITPendingBit
    stm32f10x_it.o(.text) refers to button.o(.text) for BTN_HandlerProcess
    stm32f10x_it.o(.text) refers to lcd.o(.text) for LCD_SetCursor
    stm32f10x_it.o(.text) refers to oled.o(.text) for OLED_PutFormat
    stm32f10x_it.o(.text) refers to targetrecognition.o(.text) for TR_TakePoint
    stm32f10x_it.o(.text) refers to stm32f10x_it.o(.data) for Vsync_Flag
    stm32f10x_it.o(.text) refers to targetrecognition.o(.data) for RunMode
    system_stm32f10x.o(.text) refers to system_stm32f10x.o(.data) for SystemCoreClock
    touch.o(.text) refers to delay.o(.text) for delay_us
    touch.o(.text) refers to dflt_clz.o(x$fpl$dfltu) for __aeabi_ui2d
    touch.o(.text) refers to daddsub_clz.o(x$fpl$dsub) for __aeabi_dsub
    touch.o(.text) refers to ddiv.o(x$fpl$ddiv) for __aeabi_ddiv
    touch.o(.text) refers to drleqf.o(x$fpl$drleqf) for __aeabi_cdrcmple
    touch.o(.text) refers to dleqf.o(x$fpl$dleqf) for __aeabi_cdcmple
    touch.o(.text) refers to dmul.o(x$fpl$dmul) for __aeabi_dmul
    touch.o(.text) refers to dfixu.o(x$fpl$dfixu) for __aeabi_d2uiz
    touch.o(.text) refers to gui.o(.text) for LCD_DrawLine
    touch.o(.text) refers to lcd.o(.text) for LCD_DrawPoint
    touch.o(.text) refers to touch.o(.data) for CMD_RDX
    touch.o(.text) refers to lcd.o(.data) for POINT_COLOR
    touch.o(.text) refers to fflt_clz.o(x$fpl$fflt) for __aeabi_i2f
    touch.o(.text) refers to fflt_clz.o(x$fpl$ffltu) for __aeabi_ui2f
    touch.o(.text) refers to fmul.o(x$fpl$fmul) for __aeabi_fmul
    touch.o(.text) refers to faddsub_clz.o(x$fpl$fadd) for __aeabi_fadd
    touch.o(.text) refers to ffixu.o(x$fpl$ffixu) for __aeabi_f2uiz
    touch.o(.text) refers to ffix.o(x$fpl$ffix) for __aeabi_f2iz
    touch.o(.text) refers to 24cxx.o(.text) for AT24CXX_WriteLenByte
    touch.o(.text) refers to fdiv.o(x$fpl$fdiv) for __aeabi_fdiv
    touch.o(.text) refers to lcd.o(.bss) for lcddev
    touch.o(.text) refers to sqrt.o(i.sqrt) for sqrt
    touch.o(.text) refers to f2d.o(x$fpl$f2d) for __aeabi_f2d
    touch.o(.text) refers to faddsub_clz.o(x$fpl$fsub) for __aeabi_fsub
    touch.o(.text) refers to stm32f10x_rcc.o(.text) for RCC_APB2PeriphClockCmd
    touch.o(.text) refers to stm32f10x_gpio.o(.text) for GPIO_Init
    touch.o(.data) refers to touch.o(.text) for TP_Init
    touch.o(.data) refers to touch.o(.conststring) for .conststring
    oled.o(.text) refers to stm32f10x_gpio.o(.text) for GPIO_WriteBit
    oled.o(.text) refers to stm32f10x_spi.o(.text) for SPI_I2S_GetFlagStatus
    oled.o(.text) refers to delay.o(.text) for delay_us
    oled.o(.text) refers to stm32f10x_rcc.o(.text) for RCC_APB1PeriphClockCmd
    oled.o(.text) refers to oled.o(.data) for OLED_AddressMode
    oled.o(.text) refers to oled.o(.bss) for SPI_InitStructure
    oled.o(.text) refers to oled.o(.constdata) for fonts
    oled.o(.text) refers to c89vsprintf.o(.text) for __c89vsprintf
    oled.o(.text) refers to fflt_clz.o(x$fpl$fflt) for __aeabi_i2f
    oled.o(.text) refers to fmul.o(x$fpl$fmul) for __aeabi_fmul
    oled.o(.text) refers to faddsub_clz.o(x$fpl$fsub) for __aeabi_fsub
    oled.o(.text) refers to ffixu.o(x$fpl$ffixu) for __aeabi_f2uiz
    lcd.o(.text) refers to stm32f10x_rcc.o(.text) for RCC_AHBPeriphClockCmd
    lcd.o(.text) refers to stm32f10x_gpio.o(.text) for GPIO_Init
    lcd.o(.text) refers to stm32f10x_fsmc.o(.text) for FSMC_NORSRAMInit
    lcd.o(.text) refers to delay.o(.text) for delay_ms
    lcd.o(.text) refers to lcd.o(.data) for readTemp
    lcd.o(.text) refers to lcd.o(.bss) for lcddev
    myiic.o(.text) refers to stm32f10x_rcc.o(.text) for RCC_APB2PeriphClockCmd
    myiic.o(.text) refers to stm32f10x_gpio.o(.text) for GPIO_Init
    myiic.o(.text) refers to delay.o(.text) for delay_us
[...]
    __rt_lib_init_alloca_1                   0x08000293   Thumb Code     0  libinit2.o(.ARM.Collect$$libinit$$0000002C)
    __rt_lib_init_argv_1                     0x08000293   Thumb Code     0  libinit2.o(.ARM.Collect$$libinit$$0000002A)
    __rt_lib_init_atexit_1                   0x08000293   Thumb Code     0  libinit2.o(.ARM.Collect$$libinit$$00000019)
    __rt_lib_init_clock_1                    0x08000293   Thumb Code     0  libinit2.o(.ARM.Collect$$libinit$$0000001F)
    __rt_lib_init_cpp_1                      0x08000293   Thumb Code     0  libinit2.o(.ARM.Collect$$libinit$$00000030)
    __rt_lib_init_exceptions_1               0x08000293   Thumb Code     0  libinit2.o(.ARM.Collect$$libinit$$0000002E)
    __rt_lib_init_fp_trap_1                  0x08000293   Thumb Code     0  libinit2.o(.ARM.Collect$$libinit$$0000001D)
    __rt_lib_init_getenv_1                   0x08000293   Thumb Code     0  libinit2.o(.ARM.Collect$$libinit$$00000021)
    __rt_lib_init_lc_numeric_1               0x08000293   Thumb Code     0  libinit2.o(.ARM.Collect$$libinit$$00000015)
    __rt_lib_init_lc_time_1                  0x08000293   Thumb Code     0  libinit2.o(.ARM.Collect$$libinit$$00000017)
    __rt_lib_init_return                     0x08000293   Thumb Code     0  libinit2.o(.ARM.Collect$$libinit$$00000031)
    __rt_lib_init_signal_1                   0x08000293   Thumb Code     0  libinit2.o(.ARM.Collect$$libinit$$0000001B)
    __rt_lib_init_stdio_1                    0x08000293   Thumb Code     0  libinit2.o(.ARM.Collect$$libinit$$00000023)
    __rt_lib_shutdown                        0x08000295   Thumb Code     0  libshutdown.o(.ARM.Collect$$libshutdown$$00000000)
    __rt_lib_shutdown_fp_trap_1              0x08000297   Thumb Code     0  libshutdown2.o(.ARM.Collect$$libshutdown$$00000006)
    __rt_lib_shutdown_heap_1                 0x08000297   Thumb Code     0  libshutdown2.o(.ARM.Collect$$libshutdown$$0000000E)
    __rt_lib_shutdown_return                 0x08000297   Thumb Code     0  libshutdown2.o(.ARM.Collect$$libshutdown$$0000000F)
    __rt_lib_shutdown_signal_1               0x08000297   Thumb Code     0  libshutdown2.o(.ARM.Collect$$libshutdown$$00000009)
    __rt_lib_shutdown_stdio_1                0x08000297   Thumb Code     0  libshutdown2.o(.ARM.Collect$$libshutdown$$00000003)
    __rt_lib_shutdown_user_alloc_1           0x08000297   Thumb Code     0  libshutdown2.o(.ARM.Collect$$libshutdown$$0000000B)
    __rt_entry                               0x08000299   Thumb Code     0  rtentry.o(.ARM.Collect$$rtentry$$00000000)
    __rt_entry_presh_1                       0x08000299   Thumb Code     0  rtentry2.o(.ARM.Collect$$rtentry$$00000002)
    __rt_entry_sh                            0x08000299   Thumb Code     0  rtentry4.o(.ARM.Collect$$rtentry$$00000004)
    __rt_entry_li                            0x0800029f   Thumb Code     0  rtentry2.o(.ARM.Collect$$rtentry$$0000000A)
    __rt_entry_postsh_1                      0x0800029f   Thumb Code     0  rtentry2.o(.ARM.Collect$$rtentry$$00000009)
    __rt_entry_main                          0x080002a3   Thumb Code     0  rtentry2.o(.ARM.Collect$$rtentry$$0000000D)
    __rt_entry_postli_1                      0x080002a3   Thumb Code     0  rtentry2.o(.ARM.Collect$$rtentry$$0000000C)
    __rt_exit                                0x080002ab   Thumb Code     0  rtexit.o(.ARM.Collect$$rtexit$$00000000)
    __rt_exit_ls                             0x080002ad   Thumb Code     0  rtexit2.o(.ARM.Collect$$rtexit$$00000003)
    __rt_exit_prels_1                        0x080002ad   Thumb Code     0  rtexit2.o(.ARM.Collect$$rtexit$$00000002)
    __rt_exit_exit                           0x080002b1   Thumb Code     0  rtexit2.o(.ARM.Collect$$rtexit$$00000004)
    main                                     0x080002b9   Thumb Code    74  main.o(.text)
    delay_init                               0x08000351   Thumb Code    48  delay.o(.text)
    delay_ms                                 0x08000381   Thumb Code    54  delay.o(.text)
    delay_us                                 0x080003b7   Thumb Code    54  delay.o(.text)
    GUI_DrawPoint                            0x080003f5   Thumb Code    24  gui.o(.text)
    LCD_Fill                                 0x0800040d   Thumb Code   104  gui.o(.text)
    LCD_DrawLine                             0x08000475   Thumb Code   176  gui.o(.text)
    LCD_DrawEmptyRectangle                   0x08000525   Thumb Code    64  gui.o(.text)
    LCD_DrawFilledRectangle                  0x08000565   Thumb Code    30  gui.o(.text)
    LCD_DrawRectangle                        0x08000583   Thumb Code    68  gui.o(.text)
    _draw_circle_8                           0x080005c7   Thumb Code   132  gui.o(.text)
    gui_circle                               0x0800064b   Thumb Code   154  gui.o(.text)
    LCD_ShowChar                             0x080006e5   Thumb Code   276  gui.o(.text)
    LCD_ShowString                           0x080007f9   Thumb Code   120  gui.o(.text)
    mypow                                    0x08000871   Thumb Code    22  gui.o(.text)
    LCD_ShowNum                              0x08000887   Thumb Code   168  gui.o(.text)
    Show_Str                                 0x0800092f   Thumb Code   166  gui.o(.text)
    Gui_StrCenter                            0x080009d5   Thumb Code    68  gui.o(.text)
    Gui_Drawbmp16                            0x08000a19   Thumb Code    90  gui.o(.text)
    LCD_SetFontColor                         0x08000a73   Thumb Code    12  gui.o(.text)
    LCD_SetFontBackColor                     0x08000a7f   Thumb Code    12  gui.o(.text)
    LCD_printf                               0x08000a8b   Thumb Code    66  gui.o(.text)
    LCD_WritePoint                           0x08000acd   Thumb Code    24  gui.o(.text)
    LCD_DrawBMP                              0x08000ae5   Thumb Code    92  gui.o(.text)
    NMI_Handler                              0x08000b59   Thumb Code     2  stm32f10x_it.o(.text)
    HardFault_Handler                        0x08000b5b   Thumb Code     4  stm32f10x_it.o(.text)
    MemManage_Handler                        0x08000b5f   Thumb Code     4  stm32f10x_it.o(.text)
    BusFault_Handler                         0x08000b63   Thumb Code     4  stm32f10x_it.o(.text)
    UsageFault_Handler                       0x08000b67   Thumb Code     4  stm32f10x_it.o(.text)
    SVC_Handler                              0x08000b6b   Thumb Code     2  stm32f10x_it.o(.text)
    DebugMon_Handler                         0x08000b6d   Thumb Code     2  stm32f10x_it.o(.text)
    PendSV_Handler                           0x08000b6f   Thumb Code     2  stm32f10x_it.o(.text)
    SysTick_Handler                          0x08000b71   Thumb Code     2  stm32f10x_it.o(.text)
    USB_HP_CAN1_TX_IRQHandler                0x08000b73   Thumb Code     2  stm32f10x_it.o(.text)
    USB_LP_CAN1_RX0_IRQHandler               0x08000b75   Thumb Code     2  stm32f10x_it.o(.text)
    SDIO_IRQHandler                          0x08000b77   Thumb Code     2  stm32f10x_it.o(.text)
    EXTI4_IRQHandler                         0x08000b79   Thumb Code   464  stm32f10x_it.o(.text)
    SystemInit                               0x08000e79   Thumb Code    78  system_stm32f10x.o(.text)
    SystemCoreClockUpdate                    0x08000ec7   Thumb Code   142  system_stm32f10x.o(.text)
    OLED_SendData                            0x08000f79   Thumb Code    74  oled.o(.text)
    OLED_SendCmd                             0x08000fc3   Thumb Code    76  oled.o(.text)
    OLED_ConfigAddressMode                   0x0800100f   Thumb Code    40  oled.o(.text)
    OLED_FixArea                             0x08001037   Thumb Code    76  oled.o(.text)
    OLED_Clear                               0x08001083   Thumb Code    48  oled.o(.text)
    OLED_SSD1306_Init                        0x080010b3   Thumb Code   200  oled.o(.text)
    OLED_Init                                0x0800117b   Thumb Code   126  oled.o(.text)
    OLED_SetContrast                         0x080011f9   Thumb Code    22  oled.o(.text)
    OLED_InverseDisplay                      0x0800120f   Thumb Code    20  oled.o(.text)
    OLED_DisplayOn                           0x08001223   Thumb Code    10  oled.o(.text)
    OLED_Sleep                               0x0800122d   Thumb Code    20  oled.o(.text)
    OLED_ConfigScroll                        0x08001241   Thumb Code   100  oled.o(.text)
    OLED_ActiveScroll                        0x080012a5   Thumb Code    20  oled.o(.text)
    OLED_FixPosition                         0x080012b9   Thumb Code    70  oled.o(.text)
    OLED_PutChar                             0x080012ff   Thumb Code    38  oled.o(.text)
    OLED_PutString                           0x08001325   Thumb Code   294  oled.o(.text)
    OLED_PushLine                            0x0800144b   Thumb Code    84  oled.o(.text)
    OLED_PutFormat                           0x0800149f   Thumb Code    60  oled.o(.text)
    OLED_PlaceFormat                         0x080014db   Thumb Code    86  oled.o(.text)
    OLED_GetFormat                           0x08001531   Thumb Code    30  oled.o(.text)
    OLED_DrawBMP                             0x0800154f   Thumb Code    70  oled.o(.text)
    test                                     0x08001595   Thumb Code    28  oled.o(.text)
    LCD_WR_REG                               0x080015d5   Thumb Code     6  lcd.o(.text)
    LCD_WR_DATA                              0x080015db   Thumb Code     8  lcd.o(.text)
    LCD_RR_DATA                              0x080015e3   Thumb Code    24  lcd.o(.text)
    LCD_DrawPoint_16Bit                      0x080015fb   Thumb Code    12  lcd.o(.text)
    LCD_WriteReg                             0x08001607   Thumb Code    10  lcd.o(.text)
    LCD_WriteRAM_Prepare                     0x08001611   Thumb Code    12  lcd.o(.text)
    LCD_SetCursor                            0x0800161d   Thumb Code    40  lcd.o(.text)
    LCD_DrawPoint                            0x08001645   Thumb Code    24  lcd.o(.text)
    LCD_ReadPoint                            0x0800165d   Thumb Code    54  lcd.o(.text)
    LCD_SetWindows                           0x08001693   Thumb Code   146  lcd.o(.text)
    LCD_Clear                                0x08001725   Thumb Code    50  lcd.o(.text)
    LCD_GPIOInit                             0x08001757   Thumb Code   248  lcd.o(.text)
    LCD_RESET                                0x0800184f   Thumb Code    28  lcd.o(.text)
    LCD_SetParam                             0x0800186b   Thumb Code    52  lcd.o(.text)
    LCD_Init                                 0x0800189f   Thumb Code   494  lcd.o(.text)
    InitI2C0                                 0x08001a91   Thumb Code    46  i2c.o(.text)
    StartI2C0                                0x08001abf   Thumb Code    60  i2c.o(.text)
    StopI2C0                                 0x08001afb   Thumb Code    46  i2c.o(.text)
    NoAck0                                   0x08001b29   Thumb Code    60  i2c.o(.text)
    Ack0                                     0x08001b65   Thumb Code    76  i2c.o(.text)
    TestAck0                                 0x08001bb1   Thumb Code    76  i2c.o(.text)
    I2CWrite0                                0x08001bfd   Thumb Code   180  i2c.o(.text)
    I2CRead0                                 0x08001cb1   Thumb Code   100  i2c.o(.text)
    WrCmos7670                               0x08001d29   Thumb Code    78  ov7670.o(.text)
    rdCmos7670Reg                            0x08001d77   Thumb Code   100  ov7670.o(.text)
    set_Cmos7670reg                          0x08001ddb   Thumb Code  1320  ov7670.o(.text)
    OV7670_AdjustBrightness                  0x08002303   Thumb Code    18  ov7670.o(.text)
    OV7670_AdjustContrast                    0x08002315   Thumb Code    18  ov7670.o(.text)
    OV7670_config_window                     0x08002327   Thumb Code   158  ov7670.o(.text)
    Cmos7670_init                            0x080023c5   Thumb Code    36  ov7670.o(.text)
    JTAG_Set                                 0x080023e9   Thumb Code    38  ov7670.o(.text)
    IO_Init                                  0x0800240f   Thumb Code   162  ov7670.o(.text)
    OV7670_Init                              0x080024b1   Thumb Code    38  ov7670.o(.text)
    NVIC_Config                              0x080024f9   Thumb Code    22  nvic_exit.o(.text)
    GpioInit                                 0x08002553   Thumb Code    62  nvic_exit.o(.text)
    Exit_Init                                0x08002591   Thumb Code   134  nvic_exit.o(.text)
    BTN_init                                 0x08002635   Thumb Code   100  button.o(.text)
    BTN_CheckState                           0x08002699   Thumb Code    26  button.o(.text)
    BTN_SetHandler                           0x080026b3   Thumb Code    36  button.o(.text)
    BTN_HandlerProcess                       0x080026d7   Thumb Code   280  button.o(.text)
    BTN1_PressHandler                        0x080027ef   Thumb Code    16  button.o(.text)
    BTN1_ReleaseHandler                      0x080027ff   Thumb Code    16  button.o(.text)
    BTN1_HoldHandler                         0x0800280f   Thumb Code    16  button.o(.text)
    BTN2_PressHandler                        0x0800281f   Thumb Code    16  button.o(.text)
    BTN2_ReleaseHandler                      0x0800282f   Thumb Code    16  button.o(.text)
    BTN2_HoldHandler                         0x0800283f   Thumb Code    16  button.o(.text)
    BTN3_PressHandler                        0x0800284f   Thumb Code    18  button.o(.text)
    BTN3_ReleaseHandler                      0x08002861   Thumb Code    16  button.o(.text)
    BTN3_HoldHandler                         0x08002871   Thumb Code    16  button.o(.text)
    BTN_Test                                 0x08002881   Thumb Code    62  button.o(.text)
    Reset_Handler                            0x080028f9   Thumb Code     8  startup_stm32f10x_hd.o(.text)
    ADC1_2_IRQHandler                        0x08002913   Thumb Code     0  startup_stm32f10x_hd.o(.text)
    ADC3_IRQHandler                          0x08002913   Thumb Code     0  startup_stm32f10x_hd.o(.text)
    CAN1_RX1_IRQHandler                      0x08002913   Thumb Code     0  startup_stm32f10x_hd.o(.text)
    CAN1_SCE_IRQHandler                      0x08002913   Thumb Code     0  startup_stm32f10x_hd.o(.text)
    DMA1_Channel1_IRQHandler                 0x08002913   Thumb Code     0  startup_stm32f10x_hd.o(.text)
    DMA1_Channel2_IRQHandler                 0x08002913   Thumb Code     0  startup_stm32f10x_hd.o(.text)
    DMA1_Channel3_IRQHandler                 0x08002913   Thumb Code     0  startup_stm32f10x_hd.o(.text)
    DMA1_Channel4_IRQHandler                 0x08002913   Thumb Code     0  startup_stm32f10x_hd.o(.text)
    DMA1_Channel5_IRQHandler                 0x08002913   Thumb Code     0  startup_stm32f10x_hd.o(.text)
    DMA1_Channel6_IRQHandler                 0x08002913   Thumb Code     0  startup_stm32f10x_hd.o(.text)
    DMA1_Channel7_IRQHandler                 0x08002913   Thumb Code     0  startup_stm32f10x_hd.o(.text)
    DMA2_Channel1_IRQHandler                 0x08002913   Thumb Code     0  startup_stm32f10x_hd.o(.text)
    DMA2_Channel2_IRQHandler                 0x08002913   Thumb Code     0  startup_stm32f10x_hd.o(.text)
    DMA2_Channel3_IRQHandler                 0x08002913   Thumb Code     0  startup_stm32f10x_hd.o(.text)
    DMA2_Channel4_5_IRQHandler               0x08002913   Thumb Code     0  startup_stm32f10x_hd.o(.text)
    EXTI0_IRQHandler                         0x08002913   Thumb Code     0  startup_stm32f10x_hd.o(.text)
    EXTI15_10_IRQHandler                     0x08002913   Thumb Code     0  startup_stm32f10x_hd.o(.text)
    EXTI1_IRQHandler                         0x08002913   Thumb Code     0  startup_stm32f10x_hd.o(.text)
    EXTI2_IRQHandler                         0x08002913   Thumb Code     0  startup_stm32f10x_hd.o(.text)
    EXTI3_IRQHandler                         0x08002913   Thumb Code     0  startup_stm32f10x_hd.o(.text)
    EXTI9_5_IRQHandler                       0x08002913   Thumb Code     0  startup_stm32f10x_hd.o(.text)
    FLASH_IRQHandler                         0x08002913   Thumb Code     0  startup_stm32f10x_hd.o(.text)
    FSMC_IRQHandler                          0x08002913   Thumb Code     0  startup_stm32f10x_hd.o(.text)
    I2C1_ER_IRQHandler                       0x08002913   Thumb Code     0  startup_stm32f10x_hd.o(.text)
    I2C1_EV_IRQHandler                       0x08002913   Thumb Code     0  startup_stm32f10x_hd.o(.text)
    I2C2_ER_IRQHandler                       0x08002913   Thumb Code     0  startup_stm32f10x_hd.o(.text)
    I2C2_EV_IRQHandler                       0x08002913   Thumb Code     0  startup_stm32f10x_hd.o(.text)
    PVD_IRQHandler                           0x08002913   Thumb Code     0  startup_stm32f10x_hd.o(.text)
    RCC_IRQHandler                           0x08002913   Thumb Code     0  startup_stm32f10x_hd.o(.text)
    RTCAlarm_IRQHandler                      0x08002913   Thumb Code     0  startup_stm32f10x_hd.o(.text)
    RTC_IRQHandler                           0x08002913   Thumb Code     0  startup_stm32f10x_hd.o(.text)
    SPI1_IRQHandler                          0x08002913   Thumb Code     0  startup_stm32f10x_hd.o(.text)
    SPI2_IRQHandler                          0x08002913   Thumb Code     0  startup_stm32f10x_hd.o(.text)
    SPI3_IRQHandler                          0x08002913   Thumb Code     0  startup_stm32f10x_hd.o(.text)
    TAMPER_IRQHandler                        0x08002913   Thumb Code     0  startup_stm32f10x_hd.o(.text)
    TIM1_BRK_IRQHandler                      0x08002913   Thumb Code     0  startup_stm32f10x_hd.o(.text)
    TIM1_CC_IRQHandler                       0x08002913   Thumb Code     0  startup_stm32f10x_hd.o(.text)
    TIM1_TRG_COM_IRQHandler                  0x08002913   Thumb Code     0  startup_stm32f10x_hd.o(.text)
    TIM1_UP_IRQHandler                       0x08002913   Thumb Code     0  startup_stm32f10x_hd.o(.text)
    TIM2_IRQHandler                          0x08002913   Thumb Code     0  startup_stm32f10x_hd.o(.text)
    TIM3_IRQHandler                          0x08002913   Thumb Code     0  startup_stm32f10x_hd.o(.text)
    TIM4_IRQHandler                          0x08002913   Thumb Code     0  startup_stm32f10x_hd.o(.text)
    TIM5_IRQHandler                          0x08002913   Thumb Code     0  startup_stm32f10x_hd.o(.text)
    TIM6_IRQHandler                          0x08002913   Thumb Code     0  startup_stm32f10x_hd.o(.text)
    TIM7_IRQHandler                          0x08002913   Thumb Code     0  startup_stm32f10x_hd.o(.text)
    TIM8_BRK_IRQHandler                      0x08002913   Thumb Code     0  startup_stm32f10x_hd.o(.text)
    TIM8_CC_IRQHandler                       0x08002913   Thumb Code     0  startup_stm32f10x_hd.o(.text)
    TIM8_TRG_COM_IRQHandler                  0x08002913   Thumb Code     0  startup_stm32f10x_hd.o(.text)
    TIM8_UP_IRQHandler                       0x08002913   Thumb Code     0  startup_stm32f10x_hd.o(.text)
    UART4_IRQHandler                         0x08002913   Thumb Code     0  startup_stm32f10x_hd.o(.text)
    UART5_IRQHandler                         0x08002913   Thumb Code     0  startup_stm32f10x_hd.o(.text)
    USART1_IRQHandler                        0x08002913   Thumb Code     0  startup_stm32f10x_hd.o(.text)
    USART2_IRQHandler                        0x08002913   Thumb Code     0  startup_stm32f10x_hd.o(.text)
    USART3_IRQHandler                        0x08002913   Thumb Code     0  startup_stm32f10x_hd.o(.text)
    USBWakeUp_IRQHandler                     0x08002913   Thumb Code     0  startup_stm32f10x_hd.o(.text)
    WWDG_IRQHandler                          0x08002913   Thumb Code     0  startup_stm32f10x_hd.o(.text)
    __user_initial_stackheap                 0x08002915   Thumb Code     0  startup_stm32f10x_hd.o(.text)
    NVIC_PriorityGroupConfig                 0x08002939   Thumb Code    10  misc.o(.text)
    NVIC_Init                                0x08002943   Thumb Code   102  misc.o(.text)
    NVIC_SetVectorTable                      0x080029a9   Thumb Code    14  misc.o(.text)
    NVIC_SystemLPConfig                      0x080029b7   Thumb Code    34  misc.o(.text)
    SysTick_CLKSourceConfig                  0x080029d9   Thumb Code    40  misc.o(.text)
    GPIO_DeInit                              0x08002a15   Thumb Code   172  stm32f10x_gpio.o(.text)
    GPIO_AFIODeInit                          0x08002ac1   Thumb Code    20  stm32f10x_gpio.o(.text)
    GPIO_Init                                0x08002ad5   Thumb Code   274  stm32f10x_gpio.o(.text)
    GPIO_StructInit                          0x08002be7   Thumb Code    16  stm32f10x_gpio.o(.text)
    GPIO_ReadInputDataBit                    0x08002bf7   Thumb Code    18  stm32f10x_gpio.o(.text)
    GPIO_ReadInputData                       0x08002c09   Thumb Code     8  stm32f10x_gpio.o(.text)
    GPIO_ReadOutputDataBit                   0x08002c11   Thumb Code    18  stm32f10x_gpio.o(.text)
    GPIO_ReadOutputData                      0x08002c23   Thumb Code     8  stm32f10x_gpio.o(.text)
    GPIO_SetBits                             0x08002c2b   Thumb Code     4  stm32f10x_gpio.o(.text)
    GPIO_ResetBits                           0x08002c2f   Thumb Code     4  stm32f10x_gpio.o(.text)
    GPIO_WriteBit                            0x08002c33   Thumb Code    10  stm32f10x_gpio.o(.text)
    GPIO_Write                               0x08002c3d   Thumb Code     4  stm32f10x_gpio.o(.text)
    GPIO_PinLockConfig                       0x08002c41   Thumb Code    18  stm32f10x_gpio.o(.text)
    GPIO_EventOutputConfig                   0x08002c53   Thumb Code    26  stm32f10x_gpio.o(.text)
    GPIO_EventOutputCmd                      0x08002c6d   Thumb Code     6  stm32f10x_gpio.o(.text)
    GPIO_PinRemapConfig                      0x08002c73   Thumb Code   138  stm32f10x_gpio.o(.text)
    GPIO_EXTILineConfig                      0x08002cfd   Thumb Code    66  stm32f10x_gpio.o(.text)
    GPIO_ETH_MediaInterfaceConfig            0x08002d3f   Thumb Code     6  stm32f10x_gpio.o(.text)
    RCC_DeInit                               0x08002d6d   Thumb Code    64  stm32f10x_rcc.o(.text)
    RCC_HSEConfig                            0x08002dad   Thumb Code    70  stm32f10x_rcc.o(.text)
    RCC_GetFlagStatus                        0x08002df3   Thumb Code    56  stm32f10x_rcc.o(.text)
    RCC_WaitForHSEStartUp                    0x08002e2b   Thumb Code    56  stm32f10x_rcc.o(.text)
    RCC_AdjustHSICalibrationValue            0x08002e63   Thumb Code    20  stm32f10x_rcc.o(.text)
    RCC_HSICmd                               0x08002e77   Thumb Code     6  stm32f10x_rcc.o(.text)
    RCC_PLLConfig                            0x08002e7d   Thumb Code    24  stm32f10x_rcc.o(.text)
    RCC_PLLCmd                               0x08002e95   Thumb Code     6  stm32f10x_rcc.o(.text)
    RCC_SYSCLKConfig                         0x08002e9b   Thumb Code    18  stm32f10x_rcc.o(.text)
    RCC_GetSYSCLKSource                      0x08002ead   Thumb Code    10  stm32f10x_rcc.o(.text)
    RCC_HCLKConfig                           0x08002eb7   Thumb Code    18  stm32f10x_rcc.o(.text)
    RCC_PCLK1Config                          0x08002ec9   Thumb Code    18  stm32f10x_rcc.o(.text)
    RCC_PCLK2Config                          0x08002edb   Thumb Code    20  stm32f10x_rcc.o(.text)
    RCC_ITConfig                             0x08002eef   Thumb Code    26  stm32f10x_rcc.o(.text)
    RCC_USBCLKConfig                         0x08002f09   Thumb Code     6  stm32f10x_rcc.o(.text)
    RCC_ADCCLKConfig                         0x08002f0f   Thumb Code    18  stm32f10x_rcc.o(.text)
    RCC_LSEConfig                            0x08002f21   Thumb Code    44  stm32f10x_rcc.o(.text)
    RCC_LSICmd                               0x08002f4d   Thumb Code     6  stm32f10x_rcc.o(.text)
    RCC_RTCCLKConfig                         0x08002f53   Thumb Code    12  stm32f10x_rcc.o(.text)
    RCC_RTCCLKCmd                            0x08002f5f   Thumb Code     8  stm32f10x_rcc.o(.text)
    RCC_GetClocksFreq                        0x08002f67   Thumb Code   192  stm32f10x_rcc.o(.text)
    RCC_AHBPeriphClockCmd                    0x08003027   Thumb Code    26  stm32f10x_rcc.o(.text)
    RCC_APB2PeriphClockCmd                   0x08003041   Thumb Code    26  stm32f10x_rcc.o(.text)
    RCC_APB1PeriphClockCmd                   0x0800305b   Thumb Code    26  stm32f10x_rcc.o(.text)
    RCC_APB2PeriphResetCmd                   0x08003075   Thumb Code    26  stm32f10x_rcc.o(.text)
    RCC_APB1PeriphResetCmd                   0x0800308f   Thumb Code    26  stm32f10x_rcc.o(.text)
    RCC_BackupResetCmd                       0x080030a9   Thumb Code     8  stm32f10x_rcc.o(.text)
    RCC_ClockSecuritySystemCmd               0x080030b1   Thumb Code     6  stm32f10x_rcc.o(.text)
    RCC_MCOConfig                            0x080030b7   Thumb Code     6  stm32f10x_rcc.o(.text)
    RCC_ClearFlag                            0x080030bd   Thumb Code    14  stm32f10x_rcc.o(.text)
    RCC_GetITStatus                          0x080030cb   Thumb Code    20  stm32f10x_rcc.o(.text)
    RCC_ClearITPendingBit                    0x080030df   Thumb Code     6  stm32f10x_rcc.o(.text)
    SPI_I2S_DeInit                           0x08003111   Thumb Code    76  stm32f10x_spi.o(.text)
    SPI_Init                                 0x0800315d   Thumb Code    60  stm32f10x_spi.o(.text)
    I2S_Init                                 0x08003199   Thumb Code   226  stm32f10x_spi.o(.text)
    SPI_StructInit                           0x0800327b   Thumb Code    24  stm32f10x_spi.o(.text)
    I2S_StructInit                           0x08003293   Thumb Code    20  stm32f10x_spi.o(.text)
    SPI_Cmd                                  0x080032a7   Thumb Code    24  stm32f10x_spi.o(.text)
    I2S_Cmd                                  0x080032bf   Thumb Code    24  stm32f10x_spi.o(.text)
    SPI_I2S_ITConfig                         0x080032d7   Thumb Code    32  stm32f10x_spi.o(.text)
    SPI_I2S_DMACmd                           0x080032f7   Thumb Code    18  stm32f10x_spi.o(.text)
    SPI_I2S_SendData                         0x08003309   Thumb Code     4  stm32f10x_spi.o(.text)
    SPI_I2S_ReceiveData                      0x0800330d   Thumb Code     6  stm32f10x_spi.o(.text)
    SPI_NSSInternalSoftwareConfig            0x08003313   Thumb Code    30  stm32f10x_spi.o(.text)
    SPI_SSOutputCmd                          0x08003331   Thumb Code    24  stm32f10x_spi.o(.text)
    SPI_DataSizeConfig                       0x08003349   Thumb Code    18  stm32f10x_spi.o(.text)
    SPI_TransmitCRC                          0x0800335b   Thumb Code    10  stm32f10x_spi.o(.text)
    SPI_CalculateCRC                         0x08003365   Thumb Code    24  stm32f10x_spi.o(.text)
    SPI_GetCRC                               0x0800337d   Thumb Code    16  stm32f10x_spi.o(.text)
    SPI_GetCRCPolynomial                     0x0800338d   Thumb Code     6  stm32f10x_spi.o(.text)
    SPI_BiDirectionalLineConfig              0x08003393   Thumb Code    28  stm32f10x_spi.o(.text)
    SPI_I2S_GetFlagStatus                    0x080033af   Thumb Code    18  stm32f10x_spi.o(.text)
    SPI_I2S_ClearFlag                        0x080033c1   Thumb Code     6  stm32f10x_spi.o(.text)
    SPI_I2S_GetITStatus                      0x080033c7   Thumb Code    52  stm32f10x_spi.o(.text)
    SPI_I2S_ClearITPendingBit                0x080033fb   Thumb Code    20  stm32f10x_spi.o(.text)
    FSMC_NORSRAMDeInit                       0x0800341d   Thumb Code    56  stm32f10x_fsmc.o(.text)
    FSMC_NANDDeInit                          0x08003455   Thumb Code    62  stm32f10x_fsmc.o(.text)
    FSMC_PCCARDDeInit                        0x08003493   Thumb Code    40  stm32f10x_fsmc.o(.text)
    FSMC_NORSRAMInit                         0x080034bb   Thumb Code   224  stm32f10x_fsmc.o(.text)
    FSMC_NANDInit                            0x0800359b   Thumb Code   130  stm32f10x_fsmc.o(.text)
    FSMC_PCCARDInit                          0x0800361d   Thumb Code   124  stm32f10x_fsmc.o(.text)
    FSMC_NORSRAMStructInit                   0x08003699   Thumb Code   114  stm32f10x_fsmc.o(.text)
    FSMC_NANDStructInit                      0x0800370b   Thumb Code    54  stm32f10x_fsmc.o(.text)
    FSMC_PCCARDStructInit                    0x08003741   Thumb Code    60  stm32f10x_fsmc.o(.text)
    FSMC_NORSRAMCmd                          0x0800377d   Thumb Code    46  stm32f10x_fsmc.o(.text)
    FSMC_NANDCmd                             0x080037ab   Thumb Code    86  stm32f10x_fsmc.o(.text)
    FSMC_PCCARDCmd                           0x08003801   Thumb Code    40  stm32f10x_fsmc.o(.text)
    FSMC_NANDECCCmd                          0x08003829   Thumb Code   118  stm32f10x_fsmc.o(.text)
    FSMC_GetECC                              0x0800389f   Thumb Code    22  stm32f10x_fsmc.o(.text)
    FSMC_ITConfig                            0x080038b5   Thumb Code   128  stm32f10x_fsmc.o(.text)
    FSMC_GetFlagStatus                       0x08003935   Thumb Code    48  stm32f10x_fsmc.o(.text)
    FSMC_ClearFlag                           0x08003965   Thumb Code    62  stm32f10x_fsmc.o(.text)
    FSMC_GetITStatus                         0x080039a3   Thumb Code    60  stm32f10x_fsmc.o(.text)
    FSMC_ClearITPendingBit                   0x080039df   Thumb Code    64  stm32f10x_fsmc.o(.text)
    EXTI_DeInit                              0x08003a35   Thumb Code    28  stm32f10x_exti.o(.text)
    EXTI_Init                                0x08003a51   Thumb Code   142  stm32f10x_exti.o(.text)
    EXTI_StructInit                          0x08003adf   Thumb Code    16  stm32f10x_exti.o(.text)
    EXTI_GenerateSWInterrupt                 0x08003aef   Thumb Code    16  stm32f10x_exti.o(.text)
    EXTI_GetFlagStatus                       0x08003aff   Thumb Code    22  stm32f10x_exti.o(.text)
    EXTI_ClearFlag                           0x08003b15   Thumb Code     8  stm32f10x_exti.o(.text)
    EXTI_GetITStatus                         0x08003b1d   Thumb Code    34  stm32f10x_exti.o(.text)
    EXTI_ClearITPendingBit                   0x08003b3f   Thumb Code     8  stm32f10x_exti.o(.text)
    TR_DisplayFrame                          0x08003b51   Thumb Code   376  targetrecognition.o(.text)
    TR_DrawCirle                             0x08003cc9   Thumb Code   168  targetrecognition.o(.text)
    TR_ShowState                             0x08003d71   Thumb Code    24  targetrecognition.o(.text)
    TR_InjectCircleToArray                   0x08003d89   Thumb Code     2  targetrecognition.o(.text)
    TR_ClearLCD                              0x08003d8b   Thumb Code    46  targetrecognition.o(.text)
    TR_DrawTargetRegion                      0x08003db9   Thumb Code   482  targetrecognition.o(.text)
    TR_DrawLine                              0x08003f9b   Thumb Code   594  targetrecognition.o(.text)
    TR_DisplayNumber                         0x080041ed   Thumb Code   282  targetrecognition.o(.text)
    TR_DisplayNumbers                        0x08004307   Thumb Code   134  targetrecognition.o(.text)
    TR_AnalyseTarget                         0x0800438d   Thumb Code   528  targetrecognition.o(.text)
    TR_DrawTarget                            0x0800459d   Thumb Code  1040  targetrecognition.o(.text)
    TR_DrawWorkModeUI                        0x080049ad   Thumb Code   186  targetrecognition.o(.text)
    TR_DisplayWholeFrame                     0x08004a67   Thumb Code   104  targetrecognition.o(.text)
    TR_TargetDetect                          0x08004acf   Thumb Code   676  targetrecognition.o(.text)
    TR_CircleDetect                          0x08004d73   Thumb Code  1522  targetrecognition.o(.text)
    TR_BorderFix_v2                          0x08005365   Thumb Code   520  targetrecognition.o(.text)
    TR_TargetRegionDetect                    0x0800556d   Thumb Code   766  targetrecognition.o(.text)
    TR_FrameProcess                          0x0800586b   Thumb Code   732  targetrecognition.o(.text)
    TR_TakePoint                             0x08005b47   Thumb Code   606  targetrecognition.o(.text)
    TR_DrawButton                            0x08005da5   Thumb Code   160  targetrecognition.o(.text)
    TR_IncreaseRedThread_ButtonHoldHandler   0x08005e45   Thumb Code    86  targetrecognition.o(.text)
    TR_DecreaseRedThread_ButtonHoldHandler   0x08005e9b   Thumb Code    86  targetrecognition.o(.text)
    TR_IncreaseGreenThread_ButtonHoldHandler 0x08005ef1   Thumb Code    86  targetrecognition.o(.text)
    TR_DecreaseGreenThread_ButtonHoldHandler 0x08005f47   Thumb Code    86  targetrecognition.o(.text)
    TR_IncreaseBlueThread_ButtonHoldHandler  0x08005f9d   Thumb Code    86  targetrecognition.o(.text)
    TR_DecreaseBlueThread_ButtonHoldHandler  0x08005ff3   Thumb Code    86  targetrecognition.o(.text)
    TR_IncreaseOV7670Contrast_ButtonHoldHandler 0x08006049   Thumb Code    32  targetrecognition.o(.text)
    TR_DecreaseOV7670Contrast_ButtonHoldHandler 0x08006069   Thumb Code    32  targetrecognition.o(.text)
    TR_IncreaseOV7670Brightness_ButtonHoldHandler 0x08006089   Thumb Code    32  targetrecognition.o(.text)
    TR_DecreaseOV7670Brightness_ButtonHoldHandler 0x080060a9   Thumb Code    32  targetrecognition.o(.text)
    TR_ToggleMode_ButtonReleaseHandler       0x080060c9   Thumb Code    62  targetrecognition.o(.text)
    TR_ButtonFunctionToggle_ButtonReleaseHandler 0x08006107   Thumb Code    46  targetrecognition.o(.text)
    TR_IsButtonDown                          0x08006135   Thumb Code    58  targetrecognition.o(.text)
    TR_NoiseExclude                          0x0800616f   Thumb Code   832  targetrecognition.o(.text)
    TR_BorderFix                             0x080064af   Thumb Code   466  targetrecognition.o(.text)
    TR_ThreadRedChannelAmend                 0x08006681   Thumb Code   420  targetrecognition.o(.text)
    TR_ThreadBlueChannelAmend                0x08006825   Thumb Code   432  targetrecognition.o(.text)
    TR_ThreadGreenChannelAmend               0x080069d5   Thumb Code   458  targetrecognition.o(.text)
    TR_NoiseDetect                           0x08006b9f   Thumb Code   152  targetrecognition.o(.text)
    TR_ButtonSwitchHandler_WorkMode          0x08006c37   Thumb Code    44  targetrecognition.o(.text)
    TR_ButtonReleaseHandler_DebugMode        0x08006c63   Thumb Code    66  targetrecognition.o(.text)
    delay                                    0x08006ca5   Thumb Code    30  targetrecognition.o(.text)
    TR_Init                                  0x08006cc3   Thumb Code   182  targetrecognition.o(.text)
    TR_Test                                  0x08006d79   Thumb Code    20  targetrecognition.o(.text)
    __c89vsprintf                            0x08006e35   Thumb Code    32  c89vsprintf.o(.text)
    strlen                                   0x08006e59   Thumb Code    62  strlen.o(.text)
    __use_two_region_memory                  0x08006e97   Thumb Code     2  heapauxi.o(.text)
    __rt_heap_escrow$2region                 0x08006e99   Thumb Code     2  heapauxi.o(.text)
    __rt_heap_expand$2region                 0x08006e9b   Thumb Code     2  heapauxi.o(.text)
    __read_errno                             0x08006e9d   Thumb Code    10  _rserrno.o(.text)
    __set_errno                              0x08006ea7   Thumb Code    12  _rserrno.o(.text)
    _printf_pre_padding                      0x08006eb3   Thumb Code    46  _printf_pad.o(.text)
    _printf_post_padding                     0x08006ee1   Thumb Code    36  _printf_pad.o(.text)
    _printf_truncate_signed                  0x08006f05   Thumb Code    18  _printf_truncate.o(.text)
    _printf_truncate_unsigned                0x08006f17   Thumb Code    18  _printf_truncate.o(.text)
    _printf_str                              0x08006f29   Thumb Code    82  _printf_str.o(.text)
    _printf_int_dec                          0x08006f7d   Thumb Code   102  _printf_dec.o(.text)
    _printf_charcount                        0x08006ff5   Thumb Code    42  _printf_charcount.o(.text)
    _printf_char_common                      0x0800702b   Thumb Code    32  _printf_char_common.o(.text)
    _sputc                                   0x08007051   Thumb Code    10  _sputc.o(.text)
    _printf_wctomb                           0x0800705d   Thumb Code   182  _printf_wctomb.o(.text)
    _printf_longlong_dec                     0x08007119   Thumb Code   104  _printf_longlong_dec.o(.text)
    _printf_longlong_oct                     0x08007191   Thumb Code    76  _printf_oct_int_ll.o(.text)
    _printf_int_oct                          0x080071dd   Thumb Code    24  _printf_oct_int_ll.o(.text)
    _printf_ll_oct                           0x080071f5   Thumb Code    12  _printf_oct_int_ll.o(.text)
    _printf_longlong_hex                     0x08007209   Thumb Code    92  _printf_hex_int_ll_ptr.o(.text)
    _printf_int_hex                          0x08007265   Thumb Code    28  _printf_hex_int_ll_ptr.o(.text)
    _printf_ll_hex                           0x08007281   Thumb Code    12  _printf_hex_int_ll_ptr.o(.text)
    _printf_hex_ptr                          0x0800728d   Thumb Code    18  _printf_hex_int_ll_ptr.o(.text)
    __printf                                 0x080072a5   Thumb Code   390  __printf_flags_ss_wp.o(.text)
    __aeabi_errno_addr                       0x08007431   Thumb Code     8  rt_errno_addr_intlibspace.o(.text)
    __errno$intlibspace                      0x08007431   Thumb Code     0  rt_errno_addr_intlibspace.o(.text)
    __rt_errno_addr$intlibspace              0x08007431   Thumb Code     0  rt_errno_addr_intlibspace.o(.text)
    _ll_udiv10                               0x08007439   Thumb Code   138  lludiv10.o(.text)
    _printf_int_common                       0x080074c3   Thumb Code   184  _printf_intcommon.o(.text)
    __lib_sel_fp_printf                      0x0800757b   Thumb Code     2  _printf_fp_dec.o(.text)
    _printf_fp_dec_real                      0x08007727   Thumb Code   628  _printf_fp_dec.o(.text)
    _printf_cs_common                        0x0800799b   Thumb Code    20  _printf_char.o(.text)
    _printf_char                             0x080079af   Thumb Code    16  _printf_char.o(.text)
    _printf_string                           0x080079bf   Thumb Code     8  _printf_char.o(.text)
    _printf_lcs_common                       0x080079c7   Thumb Code    20  _printf_wchar.o(.text)
    _printf_wchar                            0x080079db   Thumb Code    16  _printf_wchar.o(.text)
    _printf_wstring                          0x080079eb   Thumb Code     8  _printf_wchar.o(.text)
    _wcrtomb                                 0x080079f3   Thumb Code    64  _wcrtomb.o(.text)
    __user_libspace                          0x08007a35   Thumb Code     8  libspace.o(.text)
    __user_perproc_libspace                  0x08007a35   Thumb Code     0  libspace.o(.text)
    __user_perthread_libspace                0x08007a35   Thumb Code     0  libspace.o(.text)
    __user_setup_stackheap                   0x08007a3d   Thumb Code    74  sys_stackheap_outer.o(.text)
    __rt_ctype_table                         0x08007a89   Thumb Code    16  rt_ctype_table.o(.text)
    __rt_locale                              0x08007a99   Thumb Code     8  rt_locale_intlibspace.o(.text)
    _printf_fp_infnan                        0x08007aa1   Thumb Code   112  _printf_fp_infnan.o(.text)
    _btod_etento                             0x08007b21   Thumb Code   222  bigflt0.o(.text)
    exit                                     0x08007c05   Thumb Code    12  exit.o(.text)
    strcmp                                   0x08007c11   Thumb Code   128  strcmpv7m.o(.text)
    _sys_exit                                0x08007c91   Thumb Code     8  sys_exit.o(.text)
    __I$use$semihosting                      0x08007c9d   Thumb Code     0  use_no_semi.o(.text)
    __use_no_semihosting_swi                 0x08007c9d   Thumb Code     2  use_no_semi.o(.text)
    __semihosting_library_function           0x08007c9f   Thumb Code     0  indicate_semi.o(.text)
    _btod_d2e                                0x08007c9f   Thumb Code    62  btod.o(CL$$btod_d2e)
    _d2e_denorm_low                          0x08007cdd   Thumb Code    70  btod.o(CL$$btod_d2e_denorm_low)
    _d2e_norm_op1                            0x08007d23   Thumb Code    96  btod.o(CL$$btod_d2e_norm_op1)
    __btod_div_common                        0x08007d83   Thumb Code   696  btod.o(CL$$btod_div_common)
    _e2e                                     0x080080bb   Thumb Code   198  btod.o(CL$$btod_e2e)
    _btod_ediv                               0x08008181   Thumb Code    40  btod.o(CL$$btod_ediv)
    _btod_emul                               0x080081a9   Thumb Code    40  btod.o(CL$$btod_emul)
    __btod_mult_common                       0x080081d1   Thumb Code   580  btod.o(CL$$btod_mult_common)
    __ARM_fpclassify                         0x08008415   Thumb Code    40  fpclassify.o(i.__ARM_fpclassify)
    __ieee754_rem_pio2                       0x0800843d   Thumb Code   832  rred.o(i.__ieee754_rem_pio2)
    __kernel_cos                             0x080087c5   Thumb Code   230  cos_i.o(i.__kernel_cos)
    __kernel_poly                            0x080088c1   Thumb Code   170  poly.o(i.__kernel_poly)
    __kernel_sin                             0x0800896d   Thumb Code   224  sin_i.o(i.__kernel_sin)
    __mathlib_dbl_underflow                  0x08008a59   Thumb Code    10  dunder.o(i.__mathlib_dbl_underflow)
    _is_digit                                0x08008a69   Thumb Code    14  __printf_wp.o(i._is_digit)
    atan                                     0x08008a79   Thumb Code   478  atan.o(i.atan)
    cos                                      0x08008c9d   Thumb Code   164  cos.o(i.cos)
    pow                                      0x08008d49   Thumb Code  2510  pow.o(i.pow)
    sin                                      0x08009729   Thumb Code   166  sin.o(i.sin)
    sqrt                                     0x080097d9   Thumb Code    76  sqrt.o(i.sqrt)
    _get_lc_numeric                          0x08009825   Thumb Code    44  lc_numeric_c.o(locale$$code)
    _get_lc_ctype                            0x08009851   Thumb Code    44  lc_ctype_c.o(locale$$code)
    __aeabi_d2f                              0x0800987d   Thumb Code     0  d2f.o(x$fpl$d2f)
    _d2f                                     0x0800987d   Thumb Code    98  d2f.o(x$fpl$d2f)
    __aeabi_dadd                             0x080098e1   Thumb Code     0  daddsub_clz.o(x$fpl$dadd)
    _dadd                                    0x080098e1   Thumb Code   332  daddsub_clz.o(x$fpl$dadd)
    __fpl_dcheck_NaN1                        0x08009a31   Thumb Code    10  dcheck1.o(x$fpl$dcheck1)
    __fpl_dcmp_Inf                           0x08009a41   Thumb Code    24  dcmpi.o(x$fpl$dcmpinf)
    __aeabi_ddiv                             0x08009a59   Thumb Code     0  ddiv.o(x$fpl$ddiv)
    _ddiv                                    0x08009a59   Thumb Code   552  ddiv.o(x$fpl$ddiv)
    __aeabi_d2iz                             0x08009d09   Thumb Code     0  dfix.o(x$fpl$dfix)
    _dfix                                    0x08009d09   Thumb Code    94  dfix.o(x$fpl$dfix)
    __aeabi_d2uiz                            0x08009d69   Thumb Code     0  dfixu.o(x$fpl$dfixu)
    _dfixu                                   0x08009d69   Thumb Code    90  dfixu.o(x$fpl$dfixu)
    __aeabi_i2d                              0x08009dc3   Thumb Code     0  dflt_clz.o(x$fpl$dflt)
    _dflt                                    0x08009dc3   Thumb Code    46  dflt_clz.o(x$fpl$dflt)
    __aeabi_ui2d                             0x08009df1   Thumb Code     0  dflt_clz.o(x$fpl$dfltu)
    _dfltu                                   0x08009df1   Thumb Code    38  dflt_clz.o(x$fpl$dfltu)
    __aeabi_cdcmple                          0x08009e19   Thumb Code     0  dleqf.o(x$fpl$dleqf)
    _dcmple                                  0x08009e19   Thumb Code   120  dleqf.o(x$fpl$dleqf)
    __fpl_dcmple_InfNaN                      0x08009e7b   Thumb Code     0  dleqf.o(x$fpl$dleqf)
    __aeabi_dmul                             0x08009e91   Thumb Code     0  dmul.o(x$fpl$dmul)
    _dmul                                    0x08009e91   Thumb Code   332  dmul.o(x$fpl$dmul)
    __fpl_dnaninf                            0x08009fe5   Thumb Code   156  dnaninf.o(x$fpl$dnaninf)
    __fpl_dretinf                            0x0800a081   Thumb Code    12  dretinf.o(x$fpl$dretinf)
    __aeabi_cdrcmple                         0x0800a08d   Thumb Code     0  drleqf.o(x$fpl$drleqf)
    _drcmple                                 0x0800a08d   Thumb Code   108  drleqf.o(x$fpl$drleqf)
    __aeabi_drsub                            0x0800a0f9   Thumb Code     0  daddsub_clz.o(x$fpl$drsb)
    _drsb                                    0x0800a0f9   Thumb Code    22  daddsub_clz.o(x$fpl$drsb)
    _dsqrt                                   0x0800a111   Thumb Code   456  dsqrt_noumaal.o(x$fpl$dsqrt)
    __aeabi_dsub                             0x0800a2dd   Thumb Code     0  daddsub_clz.o(x$fpl$dsub)
    _dsub                                    0x0800a2dd   Thumb Code   464  daddsub_clz.o(x$fpl$dsub)
    __aeabi_f2d                              0x0800a4b1   Thumb Code     0  f2d.o(x$fpl$f2d)
    _f2d                                     0x0800a4b1   Thumb Code    86  f2d.o(x$fpl$f2d)
    __aeabi_fadd                             0x0800a509   Thumb Code     0  faddsub_clz.o(x$fpl$fadd)
    _fadd                                    0x0800a509   Thumb Code   196  faddsub_clz.o(x$fpl$fadd)
    __fpl_fcmp_Inf                           0x0800a5cd   Thumb Code    24  fcmpi.o(x$fpl$fcmpinf)
    __aeabi_fdiv                             0x0800a5e5   Thumb Code     0  fdiv.o(x$fpl$fdiv)
    _fdiv                                    0x0800a5e5   Thumb Code   384  fdiv.o(x$fpl$fdiv)
    __aeabi_f2iz                             0x0800a769   Thumb Code     0  ffix.o(x$fpl$ffix)
    _ffix                                    0x0800a769   Thumb Code    54  ffix.o(x$fpl$ffix)
    __aeabi_f2uiz                            0x0800a7a1   Thumb Code     0  ffixu.o(x$fpl$ffixu)
    _ffixu                                   0x0800a7a1   Thumb Code    62  ffixu.o(x$fpl$ffixu)
    __aeabi_i2f                              0x0800a7e1   Thumb Code     0  fflt_clz.o(x$fpl$fflt)
    _fflt                                    0x0800a7e1   Thumb Code    48  fflt_clz.o(x$fpl$fflt)
    __aeabi_ui2f                             0x0800a811   Thumb Code     0  fflt_clz.o(x$fpl$ffltu)
    _ffltu                                   0x0800a811   Thumb Code    38  fflt_clz.o(x$fpl$ffltu)
    __aeabi_cfcmple                          0x0800a839   Thumb Code     0  fleqf.o(x$fpl$fleqf)
    _fcmple                                  0x0800a839   Thumb Code   104  fleqf.o(x$fpl$fleqf)
    __fpl_fcmple_InfNaN                      0x0800a88b   Thumb Code     0  fleqf.o(x$fpl$fleqf)
    __aeabi_fmul                             0x0800a8a1   Thumb Code     0  fmul.o(x$fpl$fmul)
    _fmul                                    0x0800a8a1   Thumb Code   258  fmul.o(x$fpl$fmul)
    __fpl_fnaninf                            0x0800a9a3   Thumb Code   140  fnaninf.o(x$fpl$fnaninf)
    __fpl_fretinf                            0x0800aa2f   Thumb Code    10  fretinf.o(x$fpl$fretinf)
    __aeabi_cfrcmple                         0x0800aa39   Thumb Code     0  frleqf.o(x$fpl$frleqf)
    _frcmple                                 0x0800aa39   Thumb Code    98  frleqf.o(x$fpl$frleqf)
    __aeabi_fsub                             0x0800aa9d   Thumb Code     0  faddsub_clz.o(x$fpl$fsub)
    _fsub                                    0x0800aa9d   Thumb Code   234  faddsub_clz.o(x$fpl$fsub)
    _printf_fp_dec                           0x0800ab87   Thumb Code     4  printf1.o(x$fpl$printf1)
    __fpl_return_NaN                         0x0800ab8b   Thumb Code   100  retnan.o(x$fpl$retnan)
    __ARM_scalbn                             0x0800abef   Thumb Code    92  scalbn.o(x$fpl$scalbn)
    __fpl_cmpreturn                          0x0800ac4b   Thumb Code    48  trapv.o(x$fpl$trapveneer)
    __I$use$fp                               0x0800ac7a   Number         0  usenofp.o(x$fpl$usenofp)
    asc2_1206                                0x0800ac7a   Data        1140  gui.o(.constdata)
    asc2_1608                                0x0800b0ee   Data        1520  gui.o(.constdata)
    GPIO_Pin                                 0x0800b918   Data          32  nvic_exit.o(.constdata)
    GPIO_PortClk                             0x0800b938   Data          28  nvic_exit.o(.constdata)
    GPIO_PortSuorce                          0x0800b954   Data           7  nvic_exit.o(.constdata)
    GPIO_PinSource                           0x0800b95b   Data          16  nvic_exit.o(.constdata)
    EXINT_Line                               0x0800b96c   Data          64  nvic_exit.o(.constdata)
    Exit_IRQn                                0x0800b9ac   Data          16  nvic_exit.o(.constdata)
    gImage_name                              0x0800b9bc   Data        3190  targetrecognition.o(.constdata)
    __mathlib_zero                           0x0800c7d8   Data           8  qnan.o(.constdata)
    Region$$Table$$Base                      0x0800c9bc   Number         0  anon$$obj.o(Region$$Table)
    Region$$Table$$Limit                     0x0800c9dc   Number         0  anon$$obj.o(Region$$Table)
    __ctype                                  0x0800ca05   Data           0  lc_ctype_c.o(locale$$data)
    FrontColor                               0x20000004   Data           2  gui.o(.data)
    BackColor                                0x20000006   Data           2  gui.o(.data)
    Vsync_Flag                               0x20000008   Data           1  stm32f10x_it.o(.data)
    x                                        0x2000000a   Data           2  stm32f10x_it.o(.data)
    y                                        0x2000000c   Data           2  stm32f10x_it.o(.data)
    t1                                       0x2000000e   Data           2  stm32f10x_it.o(.data)
    t2                                       0x20000010   Data           2  stm32f10x_it.o(.data)
    SystemCoreClock                          0x20000014   Data           4  system_stm32f10x.o(.data)
    AHBPrescTable                            0x20000018   Data          16  system_stm32f10x.o(.data)
    OLED_AddressMode                         0x2000002c   Data           1  oled.o(.data)
    OLED_Position                            0x2000002d   Data           2  oled.o(.data)
    OLED_Area                                0x2000002f   Data           4  oled.o(.data)
    OLED_CurrentContrast                     0x20000033   Data           1  oled.o(.data)
    OLED_AutoWrap                            0x20000034   Data           1  oled.o(.data)
    GPIO_InitStructure                       0x20000036   Data           4  oled.o(.data)
    POINT_COLOR                              0x2000003a   Data           2  lcd.o(.data)
    BACK_COLOR                               0x2000003c   Data           2  lcd.o(.data)
    DeviceCode                               0x2000003e   Data           2  lcd.o(.data)
    readTemp                                 0x20000040   Data           2  lcd.o(.data)
    OV7670_Contrast                          0x20000042   Data           1  ov7670.o(.data)
    OV7670_Brightness                        0x20000043   Data           1  ov7670.o(.data)
    GPIO_PORT                                0x20000044   Data          28  nvic_exit.o(.data)
    ButtonPins                               0x20000060   Data           6  button.o(.data)
    ButtonInfos                              0x20000068   Data          72  button.o(.data)
    BackgroundThreadStruct                   0x200000c4   Data           6  targetrecognition.o(.data)
    BackgroundThreadMinRedDefault            0x200000ca   Data           2  targetrecognition.o(.data)
    BackgroundThreadMinGreenDefault          0x200000cc   Data           2  targetrecognition.o(.data)
    BackgroundThreadMinBlueDefault           0x200000ce   Data           2  targetrecognition.o(.data)
    BackgroundThreadMinRedMax                0x200000d0   Data           2  targetrecognition.o(.data)
    BackgroundThreadMinRedMin                0x200000d2   Data           2  targetrecognition.o(.data)
    BackgroundThreadMinBlueMax               0x200000d4   Data           2  targetrecognition.o(.data)
    BackgroundThreadMinBlueMin               0x200000d6   Data           2  targetrecognition.o(.data)
    BackgroundThreadMinGreenMax              0x200000d8   Data           2  targetrecognition.o(.data)
    BackgroundThreadMinGreenMin              0x200000da   Data           2  targetrecognition.o(.data)
    BackgroundThreadRedOffset                0x200000dc   Data           2  targetrecognition.o(.data)
    BackgroundThreadBlueOffset               0x200000de   Data           2  targetrecognition.o(.data)
    LineThreadStruct                         0x200000e0   Data           6  targetrecognition.o(.data)
    RunMode                                  0x200000e6   Data           1  targetrecognition.o(.data)
    DebugMode                                0x200000e7   Data           1  targetrecognition.o(.data)
    PixelStatesColor                         0x200000e8   Data          10  targetrecognition.o(.data)
    CircleShapeAmount                        0x200000f2   Data           2  targetrecognition.o(.data)
    SamplePoint                              0x200000f4   Data           4  targetrecognition.o(.data)
    SampleColor                              0x200000f8   Data           2  targetrecognition.o(.data)
    IsCirclesReady                           0x200000fa   Data           1  targetrecognition.o(.data)
    Number0                                  0x200000fc   Data          44  targetrecognition.o(.data)
    Number1                                  0x20000128   Data          20  targetrecognition.o(.data)
    Number2                                  0x2000013c   Data          52  targetrecognition.o(.data)
    Number3                                  0x20000170   Data          60  targetrecognition.o(.data)
    Number4                                  0x200001ac   Data          44  targetrecognition.o(.data)
    Number5                                  0x200001d8   Data          52  targetrecognition.o(.data)
    Number6                                  0x2000020c   Data          52  targetrecognition.o(.data)
    Number7                                  0x20000240   Data          28  targetrecognition.o(.data)
    Number8                                  0x2000025c   Data          60  targetrecognition.o(.data)
    Number9                                  0x20000298   Data          52  targetrecognition.o(.data)
    Numbers                                  0x200002cc   Data          40  targetrecognition.o(.data)
    ButtonFunction                           0x200002f4   Data           1  targetrecognition.o(.data)
    ButtonHandlers                           0x200002f8   Data          48  targetrecognition.o(.data)
    ButtonContents                           0x20000328   Data          48  targetrecognition.o(.data)
    TargetDirectionInfos                     0x20000358   Data         128  targetrecognition.o(.data)
    TargetRegion                             0x200003fa   Data           8  targetrecognition.o(.data)
    TargetPoint                              0x20000402   Data           4  targetrecognition.o(.data)
    XCross                                   0x20000406   Data           2  targetrecognition.o(.data)
    YCross                                   0x20000408   Data           2  targetrecognition.o(.data)
    StandardRatio                            0x2000040c   Data           4  targetrecognition.o(.data)
    StandardOffset                           0x20000410   Data           4  targetrecognition.o(.data)
    ReadPixel                                0x20000414   Data           1  targetrecognition.o(.data)
    SPI_InitStructure                        0x20000596   Data          18  oled.o(.bss)
    lcddev                                   0x200005a8   Data          14  lcd.o(.bss)
    ColorsInHorizontalMiddle                 0x200005b8   Data         640  targetrecognition.o(.bss)
    FourStateArray                           0x20000838   Data       19200  targetrecognition.o(.bss)
    CircleShapes                             0x20005338   Data          60  targetrecognition.o(.bss)
    PreCircleShapesBackup                    0x20005374   Data          60  targetrecognition.o(.bss)
    Buttons                                  0x200053b0   Data         432  targetrecognition.o(.bss)
    BackgroundCount                          0x20005560   Data         640  targetrecognition.o(.bss)
    __libspace_start                         0x200057e0   Data          96  libspace.o(.bss)
    __temporary_stack_top$libspace           0x20005840   Data           0  libspace.o(.bss)



==============================================================================

Memory Map of the image

  Image Entry point : 0x08000131

  Load Region LR_IROM1 (Base: 0x08000000, Size: 0x0000cf20, Max: 0x00080000, ABSOLUTE, COMPRESSED[0x0000cc88])

    Execution Region ER_IROM1 (Base: 0x08000000, Size: 0x0000cb08, Max: 0x00080000, ABSOLUTE)

    Base Addr    Size         Type   Attr      Idx    E Section Name        Object

    0x08000000   0x00000130   Data   RO          406    RESET               startup_stm32f10x_hd.o
    0x08000130   0x00000008   Code   RO          533  * !!!main             c_w.l(__main.o)
    0x08000138   0x00000034   Code   RO         1000    !!!scatter          c_w.l(__scatter.o)
    0x0800016c   0x0000005a   Code   RO          998    !!dczerorl2         c_w.l(__dczerorl2.o)
    0x080001c6   0x00000002   PAD
    0x080001c8   0x0000001c   Code   RO         1002    !!handler_zi        c_w.l(__scatter_zi.o)
    0x080001e4   0x00000000   Code   RO          727    .ARM.Collect$$_printf_percent$$00000000  c_w.l(_printf_percent.o)
    0x080001e4   0x00000006   Code   RO          716    .ARM.Collect$$_printf_percent$$00000001  c_w.l(_printf_n.o)
    0x080001ea   0x00000006   Code   RO          718    .ARM.Collect$$_printf_percent$$00000002  c_w.l(_printf_p.o)
    0x080001f0   0x00000006   Code   RO          723    .ARM.Collect$$_printf_percent$$00000003  c_w.l(_printf_f.o)
    0x080001f6   0x00000006   Code   RO          724    .ARM.Collect$$_printf_percent$$00000004  c_w.l(_printf_e.o)
    0x080001fc   0x00000006   Code   RO          725    .ARM.Collect$$_printf_percent$$00000005  c_w.l(_printf_g.o)
    0x08000202   0x00000006   Code   RO          726    .ARM.Collect$$_printf_percent$$00000006  c_w.l(_printf_a.o)
    0x08000208   0x0000000a   Code   RO          731    .ARM.Collect$$_printf_percent$$00000007  c_w.l(_printf_ll.o)
    0x08000212   0x00000006   Code   RO          720    .ARM.Collect$$_printf_percent$$00000008  c_w.l(_printf_i.o)
    0x08000218   0x00000006   Code   RO          721    .ARM.Collect$$_printf_percent$$00000009  c_w.l(_printf_d.o)
    0x0800021e   0x00000006   Code   RO          722    .ARM.Collect$$_printf_percent$$0000000A  c_w.l(_printf_u.o)
    0x08000224   0x00000006   Code   RO          719    .ARM.Collect$$_printf_percent$$0000000B  c_w.l(_printf_o.o)
    0x0800022a   0x00000006   Code   RO          717    .ARM.Collect$$_printf_percent$$0000000C  c_w.l(_printf_x.o)
    0x08000230   0x00000006   Code   RO          728    .ARM.Collect$$_printf_percent$$0000000D  c_w.l(_printf_lli.o)
    0x08000236   0x00000006   Code   RO          729    .ARM.Collect$$_printf_percent$$0000000E  c_w.l(_printf_lld.o)
    0x0800023c   0x00000006   Code   RO          730    .ARM.Collect$$_printf_percent$$0000000F  c_w.l(_printf_llu.o)
    0x08000242   0x00000006   Code   RO          735    .ARM.Collect$$_printf_percent$$00000010  c_w.l(_printf_llo.o)
    0x08000248   0x00000006   Code   RO          736    .ARM.Collect$$_printf_percent$$00000011  c_w.l(_printf_llx.o)
    0x0800024e   0x0000000a   Code   RO          732    .ARM.Collect$$_printf_percent$$00000012  c_w.l(_printf_l.o)
    0x08000258   0x00000006   Code   RO          714    .ARM.Collect$$_printf_percent$$00000013  c_w.l(_printf_c.o)
    0x0800025e   0x00000006   Code   RO          715    .ARM.Collect$$_printf_percent$$00000014  c_w.l(_printf_s.o)
    0x08000264   0x00000006   Code   RO          733    .ARM.Collect$$_printf_percent$$00000015  c_w.l(_printf_lc.o)
    0x0800026a   0x00000006   Code   RO          734    .ARM.Collect$$_printf_percent$$00000016  c_w.l(_printf_ls.o)
    0x08000270   0x00000004   Code   RO          809    .ARM.Collect$$_printf_percent$$00000017  c_w.l(_printf_percent_end.o)
    0x08000274   0x00000002   Code   RO          863    .ARM.Collect$$libinit$$00000000  c_w.l(libinit.o)
    0x08000276   0x00000000   Code   RO          876    .ARM.Collect$$libinit$$00000002  c_w.l(libinit2.o)
    0x08000276   0x00000000   Code   RO          879    .ARM.Collect$$libinit$$00000008  c_w.l(libinit2.o)
    0x08000276   0x00000000   Code   RO          881    .ARM.Collect$$libinit$$0000000A  c_w.l(libinit2.o)
    0x08000276   0x00000000   Code   RO          883    .ARM.Collect$$libinit$$0000000C  c_w.l(libinit2.o)
    0x08000276   0x00000006   Code   RO          884    .ARM.Collect$$libinit$$0000000D  c_w.l(libinit2.o)
    0x0800027c   0x00000000   Code   RO          886    .ARM.Collect$$libinit$$0000000F  c_w.l(libinit2.o)
    0x0800027c   0x0000000c   Code   RO          887    .ARM.Collect$$libinit$$00000010  c_w.l(libinit2.o)
    0x08000288   0x00000000   Code   RO          888    .ARM.Collect$$libinit$$00000011  c_w.l(libinit2.o)
    0x08000288   0x00000000   Code   RO          890    .ARM.Collect$$libinit$$00000013  c_w.l(libinit2.o)
    0x08000288   0x0000000a   Code   RO          891    .ARM.Collect$$libinit$$00000014  c_w.l(libinit2.o)
    0x08000292   0x00000000   Code   RO          892    .ARM.Collect$$libinit$$00000015  c_w.l(libinit2.o)
    0x08000292   0x00000000   Code   RO          894    .ARM.Collect$$libinit$$00000017  c_w.l(libinit2.o)
    0x08000292   0x00000000   Code   RO          896    .ARM.Collect$$libinit$$00000019  c_w.l(libinit2.o)
    0x08000292   0x00000000   Code   RO          898    .ARM.Collect$$libinit$$0000001B  c_w.l(libinit2.o)
    0x08000292   0x00000000   Code   RO          900    .ARM.Collect$$libinit$$0000001D  c_w.l(libinit2.o)
    0x08000292   0x00000000   Code   RO          902    .ARM.Collect$$libinit$$0000001F  c_w.l(libinit2.o)
    0x08000292   0x00000000   Code   RO          904    .ARM.Collect$$libinit$$00000021  c_w.l(libinit2.o)
    0x08000292   0x00000000   Code   RO          906    .ARM.Collect$$libinit$$00000023  c_w.l(libinit2.o)
    0x08000292   0x00000000   Code   RO          910    .ARM.Collect$$libinit$$0000002A  c_w.l(libinit2.o)
    0x08000292   0x00000000   Code   RO          912    .ARM.Collect$$libinit$$0000002C  c_w.l(libinit2.o)
    0x08000292   0x00000000   Code   RO          914    .ARM.Collect$$libinit$$0000002E  c_w.l(libinit2.o)
    0x08000292   0x00000000   Code   RO          916    .ARM.Collect$$libinit$$00000030  c_w.l(libinit2.o)
    0x08000292   0x00000002   Code   RO          917    .ARM.Collect$$libinit$$00000031  c_w.l(libinit2.o)
    0x08000294   0x00000002   Code   RO          939    .ARM.Collect$$libshutdown$$00000000  c_w.l(libshutdown.o)
    0x08000296   0x00000000   Code   RO          953    .ARM.Collect$$libshutdown$$00000003  c_w.l(libshutdown2.o)
    0x08000296   0x00000000   Code   RO          956    .ARM.Collect$$libshutdown$$00000006  c_w.l(libshutdown2.o)
    0x08000296   0x00000000   Code   RO          959    .ARM.Collect$$libshutdown$$00000009  c_w.l(libshutdown2.o)
    0x08000296   0x00000000   Code   RO          961    .ARM.Collect$$libshutdown$$0000000B  c_w.l(libshutdown2.o)
    0x08000296   0x00000000   Code   RO          964    .ARM.Collect$$libshutdown$$0000000E  c_w.l(libshutdown2.o)
    0x08000296   0x00000002   Code   RO          965    .ARM.Collect$$libshutdown$$0000000F  c_w.l(libshutdown2.o)
    0x08000298   0x00000000   Code   RO          643    .ARM.Collect$$rtentry$$00000000  c_w.l(rtentry.o)
    0x08000298   0x00000000   Code   RO          778    .ARM.Collect$$rtentry$$00000002  c_w.l(rtentry2.o)
    0x08000298   0x00000006   Code   RO          790    .ARM.Collect$$rtentry$$00000004  c_w.l(rtentry4.o)
    0x0800029e   0x00000000   Code   RO          780    .ARM.Collect$$rtentry$$00000009  c_w.l(rtentry2.o)
    0x0800029e   0x00000004   Code   RO          781    .ARM.Collect$$rtentry$$0000000A  c_w.l(rtentry2.o)
    0x080002a2   0x00000000   Code   RO          783    .ARM.Collect$$rtentry$$0000000C  c_w.l(rtentry2.o)
    0x080002a2   0x00000008   Code   RO          784    .ARM.Collect$$rtentry$$0000000D  c_w.l(rtentry2.o)
    0x080002aa   0x00000002   Code   RO          868    .ARM.Collect$$rtexit$$00000000  c_w.l(rtexit.o)
    0x080002ac   0x00000000   Code   RO          921    .ARM.Collect$$rtexit$$00000002  c_w.l(rtexit2.o)
    0x080002ac   0x00000004   Code   RO          922    .ARM.Collect$$rtexit$$00000003  c_w.l(rtexit2.o)
    0x080002b0   0x00000006   Code   RO          923    .ARM.Collect$$rtexit$$00000004  c_w.l(rtexit2.o)
    0x080002b6   0x00000002   PAD
    0x080002b8   0x00000098   Code   RO            1    .text               main.o
    0x08000350   0x000000a4   Code   RO          139    .text               delay.o
    0x080003f4   0x00000764   Code   RO          153    .text               gui.o
    0x08000b58   0x00000244   Code   RO          190    .text               stm32f10x_it.o
    0x08000d9c   0x000001dc   Code   RO          208    .text               system_stm32f10x.o
    0x08000f78   0x0000065c   Code   RO          255    .text               oled.o
    0x080015d4   0x000004bc   Code   RO          279    .text               lcd.o
    0x08001a90   0x00000298   Code   RO          322    .text               i2c.o
    0x08001d28   0x000007d0   Code   RO          337    .text               ov7670.o
    0x080024f8   0x0000013c   Code   RO          361    .text               nvic_exit.o
    0x08002634   0x000002c4   Code   RO          377    .text               button.o
    0x080028f8   0x00000040   Code   RO          407    .text               startup_stm32f10x_hd.o
    0x08002938   0x000000dc   Code   RO          411    .text               misc.o
    0x08002a14   0x00000358   Code   RO          423    .text               stm32f10x_gpio.o
    0x08002d6c   0x000003a4   Code   RO          435    .text               stm32f10x_rcc.o
    0x08003110   0x0000030c   Code   RO          449    .text               stm32f10x_spi.o
    0x0800341c   0x00000618   Code   RO          473    .text               stm32f10x_fsmc.o
    0x08003a34   0x0000011c   Code   RO          485    .text               stm32f10x_exti.o
    0x08003b50   0x000032e4   Code   RO          497    .text               targetrecognition.o
    0x08006e34   0x00000024   Code   RO          527    .text               c_w.l(c89vsprintf.o)
    0x08006e58   0x0000003e   Code   RO          529    .text               c_w.l(strlen.o)
    0x08006e96   0x00000006   Code   RO          531    .text               c_w.l(heapauxi.o)
    0x08006e9c   0x00000016   Code   RO          644    .text               c_w.l(_rserrno.o)
    0x08006eb2   0x00000052   Code   RO          648    .text               c_w.l(_printf_pad.o)
    0x08006f04   0x00000024   Code   RO          650    .text               c_w.l(_printf_truncate.o)
    0x08006f28   0x00000052   Code   RO          652    .text               c_w.l(_printf_str.o)
    0x08006f7a   0x00000002   PAD
    0x08006f7c   0x00000078   Code   RO          654    .text               c_w.l(_printf_dec.o)
    0x08006ff4   0x0000002a   Code   RO          656    .text               c_w.l(_printf_charcount.o)
    0x0800701e   0x00000002   PAD
    0x08007020   0x00000030   Code   RO          658    .text               c_w.l(_printf_char_common.o)
    0x08007050   0x0000000a   Code   RO          660    .text               c_w.l(_sputc.o)
    0x0800705a   0x00000002   PAD
    0x0800705c   0x000000bc   Code   RO          662    .text               c_w.l(_printf_wctomb.o)
    0x08007118   0x00000078   Code   RO          665    .text               c_w.l(_printf_longlong_dec.o)
    0x08007190   0x00000078   Code   RO          671    .text               c_w.l(_printf_oct_int_ll.o)
    0x08007208   0x0000009c   Code   RO          691    .text               c_w.l(_printf_hex_int_ll_ptr.o)
    0x080072a4   0x0000018c   Code   RO          711    .text               c_w.l(__printf_flags_ss_wp.o)
    0x08007430   0x00000008   Code   RO          795    .text               c_w.l(rt_errno_addr_intlibspace.o)
    0x08007438   0x0000008a   Code   RO          797    .text               c_w.l(lludiv10.o)
    0x080074c2   0x000000b8   Code   RO          799    .text               c_w.l(_printf_intcommon.o)
    0x0800757a   0x00000420   Code   RO          801    .text               c_w.l(_printf_fp_dec.o)
    0x0800799a   0x0000002c   Code   RO          805    .text               c_w.l(_printf_char.o)
    0x080079c6   0x0000002c   Code   RO          807    .text               c_w.l(_printf_wchar.o)
    0x080079f2   0x00000040   Code   RO          810    .text               c_w.l(_wcrtomb.o)
    0x08007a32   0x00000002   PAD
    0x08007a34   0x00000008   Code   RO          814    .text               c_w.l(libspace.o)
    0x08007a3c   0x0000004a   Code   RO          817    .text               c_w.l(sys_stackheap_outer.o)
    0x08007a86   0x00000002   PAD
    0x08007a88   0x00000010   Code   RO          819    .text               c_w.l(rt_ctype_table.o)
    0x08007a98   0x00000008   Code   RO          824    .text               c_w.l(rt_locale_intlibspace.o)
    0x08007aa0   0x00000080   Code   RO          826    .text               c_w.l(_printf_fp_infnan.o)
    0x08007b20   0x000000e4   Code   RO          828    .text               c_w.l(bigflt0.o)
    0x08007c04   0x0000000c   Code   RO          856    .text               c_w.l(exit.o)
    0x08007c10   0x00000080   Code   RO          873    .text               c_w.l(strcmpv7m.o)
    0x08007c90   0x0000000c   Code   RO          931    .text               c_w.l(sys_exit.o)
    0x08007c9c   0x00000002   Code   RO          942    .text               c_w.l(use_no_semi.o)
    0x08007c9e   0x00000000   Code   RO          944    .text               c_w.l(indicate_semi.o)
    0x08007c9e   0x0000003e   Code   RO          831    CL$$btod_d2e        c_w.l(btod.o)
    0x08007cdc   0x00000046   Code   RO          833    CL$$btod_d2e_denorm_low  c_w.l(btod.o)
    0x08007d22   0x00000060   Code   RO          832    CL$$btod_d2e_norm_op1  c_w.l(btod.o)
    0x08007d82   0x00000338   Code   RO          841    CL$$btod_div_common  c_w.l(btod.o)
    0x080080ba   0x000000c6   Code   RO          838    CL$$btod_e2e        c_w.l(btod.o)
    0x08008180   0x00000028   Code   RO          835    CL$$btod_ediv       c_w.l(btod.o)
    0x080081a8   0x00000028   Code   RO          834    CL$$btod_emul       c_w.l(btod.o)
    0x080081d0   0x00000244   Code   RO          840    CL$$btod_mult_common  c_w.l(btod.o)
    0x08008414   0x00000028   Code   RO          761    i.__ARM_fpclassify  m_ws.l(fpclassify.o)
    0x0800843c   0x00000388   Code   RO          766    i.__ieee754_rem_pio2  m_ws.l(rred.o)
    0x080087c4   0x000000fc   Code   RO          756    i.__kernel_cos      m_ws.l(cos_i.o)
    0x080088c0   0x000000aa   Code   RO          763    i.__kernel_poly     m_ws.l(poly.o)
    0x0800896a   0x00000002   PAD
    0x0800896c   0x000000ec   Code   RO          771    i.__kernel_sin      m_ws.l(sin_i.o)
    0x08008a58   0x00000010   Code   RO          759    i.__mathlib_dbl_underflow  m_ws.l(dunder.o)
    0x08008a68   0x0000000e   Code   RO          704    i._is_digit         c_w.l(__printf_wp.o)
    0x08008a76   0x00000002   PAD
    0x08008a78   0x00000224   Code   RO          600    i.atan              m_ws.l(atan.o)
    0x08008c9c   0x000000ac   Code   RO          610    i.cos               m_ws.l(cos.o)
    0x08008d48   0x000009e0   Code   RO          618    i.pow               m_ws.l(pow.o)
    0x08009728   0x000000b0   Code   RO          628    i.sin               m_ws.l(sin.o)
    0x080097d8   0x0000004c   Code   RO          636    i.sqrt              m_ws.l(sqrt.o)
    0x08009824   0x0000002c   Code   RO          854    locale$$code        c_w.l(lc_numeric_c.o)
    0x08009850   0x0000002c   Code   RO          871    locale$$code        c_w.l(lc_ctype_c.o)
    0x0800987c   0x00000062   Code   RO          535    x$fpl$d2f           fz_ws.l(d2f.o)
    0x080098de   0x00000002   PAD
    0x080098e0   0x00000150   Code   RO          537    x$fpl$dadd          fz_ws.l(daddsub_clz.o)
    0x08009a30   0x00000010   Code   RO          812    x$fpl$dcheck1       fz_ws.l(dcheck1.o)
    0x08009a40   0x00000018   Code   RO          737    x$fpl$dcmpinf       fz_ws.l(dcmpi.o)
    0x08009a58   0x000002b0   Code   RO          544    x$fpl$ddiv          fz_ws.l(ddiv.o)
    0x08009d08   0x0000005e   Code   RO          547    x$fpl$dfix          fz_ws.l(dfix.o)
    0x08009d66   0x00000002   PAD
    0x08009d68   0x0000005a   Code   RO          551    x$fpl$dfixu         fz_ws.l(dfixu.o)
    0x08009dc2   0x0000002e   Code   RO          556    x$fpl$dflt          fz_ws.l(dflt_clz.o)
    0x08009df0   0x00000026   Code   RO          555    x$fpl$dfltu         fz_ws.l(dflt_clz.o)
    0x08009e16   0x00000002   PAD
    0x08009e18   0x00000078   Code   RO          561    x$fpl$dleqf         fz_ws.l(dleqf.o)
    0x08009e90   0x00000154   Code   RO          563    x$fpl$dmul          fz_ws.l(dmul.o)
    0x08009fe4   0x0000009c   Code   RO          739    x$fpl$dnaninf       fz_ws.l(dnaninf.o)
    0x0800a080   0x0000000c   Code   RO          741    x$fpl$dretinf       fz_ws.l(dretinf.o)
    0x0800a08c   0x0000006c   Code   RO          565    x$fpl$drleqf        fz_ws.l(drleqf.o)
    0x0800a0f8   0x00000016   Code   RO          538    x$fpl$drsb          fz_ws.l(daddsub_clz.o)
    0x0800a10e   0x00000002   PAD
    0x0800a110   0x000001cc   Code   RO          743    x$fpl$dsqrt         fz_ws.l(dsqrt_noumaal.o)
    0x0800a2dc   0x000001d4   Code   RO          539    x$fpl$dsub          fz_ws.l(daddsub_clz.o)
    0x0800a4b0   0x00000056   Code   RO          567    x$fpl$f2d           fz_ws.l(f2d.o)
    0x0800a506   0x00000002   PAD
    0x0800a508   0x000000c4   Code   RO          569    x$fpl$fadd          fz_ws.l(faddsub_clz.o)
    0x0800a5cc   0x00000018   Code   RO          745    x$fpl$fcmpinf       fz_ws.l(fcmpi.o)
    0x0800a5e4   0x00000184   Code   RO          576    x$fpl$fdiv          fz_ws.l(fdiv.o)
    0x0800a768   0x00000036   Code   RO          579    x$fpl$ffix          fz_ws.l(ffix.o)
    0x0800a79e   0x00000002   PAD
    0x0800a7a0   0x0000003e   Code   RO          583    x$fpl$ffixu         fz_ws.l(ffixu.o)
    0x0800a7de   0x00000002   PAD
    0x0800a7e0   0x00000030   Code   RO          588    x$fpl$fflt          fz_ws.l(fflt_clz.o)
    0x0800a810   0x00000026   Code   RO          587    x$fpl$ffltu         fz_ws.l(fflt_clz.o)
    0x0800a836   0x00000002   PAD
    0x0800a838   0x00000068   Code   RO          593    x$fpl$fleqf         fz_ws.l(fleqf.o)
    0x0800a8a0   0x00000102   Code   RO          595    x$fpl$fmul          fz_ws.l(fmul.o)
    0x0800a9a2   0x0000008c   Code   RO          747    x$fpl$fnaninf       fz_ws.l(fnaninf.o)
    0x0800aa2e   0x0000000a   Code   RO          749    x$fpl$fretinf       fz_ws.l(fretinf.o)
    0x0800aa38   0x00000062   Code   RO          597    x$fpl$frleqf        fz_ws.l(frleqf.o)
    0x0800aa9a   0x00000002   PAD
    0x0800aa9c   0x000000ea   Code   RO          571    x$fpl$fsub          fz_ws.l(faddsub_clz.o)
    0x0800ab86   0x00000004   Code   RO          751    x$fpl$printf1       fz_ws.l(printf1.o)
    0x0800ab8a   0x00000064   Code   RO          866    x$fpl$retnan        fz_ws.l(retnan.o)
    0x0800abee   0x0000005c   Code   RO          753    x$fpl$scalbn        fz_ws.l(scalbn.o)
    0x0800ac4a   0x00000030   Code   RO          918    x$fpl$trapveneer    fz_ws.l(trapv.o)
    0x0800ac7a   0x00000000   Code   RO          755    x$fpl$usenofp       fz_ws.l(usenofp.o)
    0x0800ac7a   0x00000a64   Data   RO          155    .constdata          gui.o
    0x0800b6de   0x0000023a   Data   RO          257    .constdata          oled.o
    0x0800b918   0x000000a4   Data   RO          362    .constdata          nvic_exit.o
    0x0800b9bc   0x00000c80   Data   RO          499    .constdata          targetrecognition.o
    0x0800c63c   0x00000004   PAD
    0x0800c640   0x00000098   Data   RO          601    .constdata          m_ws.l(atan.o)
    0x0800c6d8   0x00000088   Data   RO          619    .constdata          m_ws.l(pow.o)
    0x0800c760   0x00000008   Data   RO          663    .constdata          c_w.l(_printf_wctomb.o)
    0x0800c768   0x00000028   Data   RO          692    .constdata          c_w.l(_printf_hex_int_ll_ptr.o)
    0x0800c790   0x00000011   Data   RO          712    .constdata          c_w.l(__printf_flags_ss_wp.o)
    0x0800c7a1   0x00000007   PAD
    0x0800c7a8   0x00000030   Data   RO          757    .constdata          m_ws.l(cos_i.o)
    0x0800c7d8   0x00000008   Data   RO          765    .constdata          m_ws.l(qnan.o)
    0x0800c7e0   0x000000c8   Data   RO          768    .constdata          m_ws.l(rred.o)
    0x0800c8a8   0x00000028   Data   RO          772    .constdata          m_ws.l(sin_i.o)
    0x0800c8d0   0x00000094   Data   RO          829    .constdata          c_w.l(bigflt0.o)
    0x0800c964   0x00000058   Data   RO          500    .conststring        targetrecognition.o
    0x0800c9bc   0x00000020   Data   RO          996    Region$$Table       anon$$obj.o
    0x0800c9dc   0x0000001c   Data   RO          853    locale$$data        c_w.l(lc_numeric_c.o)
    0x0800c9f8   0x00000110   Data   RO          870    locale$$data        c_w.l(lc_ctype_c.o)


    Execution Region RW_IRAM1 (Base: 0x20000000, Size: 0x00005e40, Max: 0x00010000, ABSOLUTE, COMPRESSED[0x00000180])

    Base Addr    Size         Type   Attr      Idx    E Section Name        Object

    0x20000000   0x00000004   Data   RW          140    .data               delay.o
    0x20000004   0x00000004   Data   RW          156    .data               gui.o
    0x20000008   0x0000000a   Data   RW          191    .data               stm32f10x_it.o
    0x20000012   0x00000002   PAD
    0x20000014   0x00000014   Data   RW          209    .data               system_stm32f10x.o
    0x20000028   0x00000012   Data   RW          258    .data               oled.o
    0x2000003a   0x00000008   Data   RW          281    .data               lcd.o
    0x20000042   0x00000002   Data   RW          338    .data               ov7670.o
    0x20000044   0x0000001c   Data   RW          363    .data               nvic_exit.o
    0x20000060   0x00000050   Data   RW          379    .data               button.o
    0x200000b0   0x00000014   Data   RW          436    .data               stm32f10x_rcc.o
    0x200000c4   0x00000351   Data   RW          501    .data               targetrecognition.o
    0x20000415   0x00000003   PAD
    0x20000418   0x000000ff   Zero   RW          154    .bss                gui.o
    0x20000517   0x00000001   PAD
    0x20000518   0x00000090   Zero   RW          256    .bss                oled.o
    0x200005a8   0x0000000e   Zero   RW          280    .bss                lcd.o
    0x200005b6   0x00000002   PAD
    0x200005b8   0x00005228   Zero   RW          498    .bss                targetrecognition.o
    0x200057e0   0x00000060   Zero   RW          815    .bss                c_w.l(libspace.o)
    0x20005840   0x00000200   Zero   RW          405    HEAP                startup_stm32f10x_hd.o
    0x20005a40   0x00000400   Zero   RW          404    STACK               startup_stm32f10x_hd.o


==============================================================================

Image component sizes


      Code (inc. data)   RO Data    RW Data    ZI Data      Debug   Object Name

       708         58          0         80          0       3520   button.o
         0          0          0          0          0         32   core_cm3.o
       164          8          0          4          0        899   delay.o
      1892         48       2660          4        255       9027   gui.o
       664         20          0          0          0       1682   i2c.o
      1212         40          0          8         14       6179   lcd.o
       152         78          0          0          0     244441   main.o
       220         20          0          0          0       1665   misc.o
       316         30        164         28          0       2799   nvic_exit.o
      1628         76        570         18        144       7990   oled.o
      2000         34          0          2          0       3429   ov7670.o
        64         26        304          0       1536        724   startup_stm32f10x_hd.o
       284         10          0          0          0       2095   stm32f10x_exti.o
      1560         54          0          0          0       5203   stm32f10x_fsmc.o
       856         40          0          0          0       5509   stm32f10x_gpio.o
       580         84          0         10          0       2199   stm32f10x_it.o
       932         44          0         20          0       8608   stm32f10x_rcc.o
       780         14          0          0          0       6390   stm32f10x_spi.o
       476         36          0         20          0       1555   system_stm32f10x.o
     13028       1060       3288        849      21032      29360   targetrecognition.o

    ----------------------------------------------------------------------
     27516       1780       7022       1048      22984     343306   Object Totals
         0          0         32          0          0          0   (incl. Generated)
         0          0          4          5          3          0   (incl. Padding)

    ----------------------------------------------------------------------

      Code (inc. data)   RO Data    RW Data    ZI Data      Debug   Library Member Name

        90          0          0          0          0          0   __dczerorl2.o
         8          0          0          0          0         68   __main.o
       396          6         17          0          0         92   __printf_flags_ss_wp.o
        14          0          0          0          0         68   __printf_wp.o
        52          8          0          0          0          0   __scatter.o
        28          0          0          0          0          0   __scatter_zi.o
         6          0          0          0          0          0   _printf_a.o
         6          0          0          0          0          0   _printf_c.o
        44          0          0          0          0        108   _printf_char.o
        48          6          0          0          0         96   _printf_char_common.o
        42          0          0          0          0         68   _printf_charcount.o
         6          0          0          0          0          0   _printf_d.o
       120         18          0          0          0         92   _printf_dec.o
         6          0          0          0          0          0   _printf_e.o
         6          0          0          0          0          0   _printf_f.o
      1056          0          0          0          0        216   _printf_fp_dec.o
       128         16          0          0          0         84   _printf_fp_infnan.o
         6          0          0          0          0          0   _printf_g.o
       156          6         40          0          0        160   _printf_hex_int_ll_ptr.o
         6          0          0          0          0          0   _printf_i.o
       184          0          0          0          0         88   _printf_intcommon.o
        10          0          0          0          0          0   _printf_l.o
         6          0          0          0          0          0   _printf_lc.o
        10          0          0          0          0          0   _printf_ll.o
         6          0          0          0          0          0   _printf_lld.o
         6          0          0          0          0          0   _printf_lli.o
         6          0          0          0          0          0   _printf_llo.o
         6          0          0          0          0          0   _printf_llu.o
         6          0          0          0          0          0   _printf_llx.o
       120         16          0          0          0         92   _printf_longlong_dec.o
         6          0          0          0          0          0   _printf_ls.o
         6          0          0          0          0          0   _printf_n.o
         6          0          0          0          0          0   _printf_o.o
       120          8          0          0          0        124   _printf_oct_int_ll.o
         6          0          0          0          0          0   _printf_p.o
        82          0          0          0          0        108   _printf_pad.o
         0          0          0          0          0          0   _printf_percent.o
         4          0          0          0          0          0   _printf_percent_end.o
         6          0          0          0          0          0   _printf_s.o
        82          0          0          0          0         80   _printf_str.o
        36          0          0          0          0         84   _printf_truncate.o
         6          0          0          0          0          0   _printf_u.o
        44          0          0          0          0        108   _printf_wchar.o
       188          6          8          0          0         92   _printf_wctomb.o
         6          0          0          0          0          0   _printf_x.o
        22          0          0          0          0        100   _rserrno.o
        10          0          0          0          0         68   _sputc.o
        64          0          0          0          0         92   _wcrtomb.o
       228          6        148          0          0         96   bigflt0.o
      1910        128          0          0          0        672   btod.o
        36          4          0          0          0         76   c89vsprintf.o
        12          0          0          0          0         72   exit.o
         6          0          0          0          0        152   heapauxi.o
         0          0          0          0          0          0   indicate_semi.o
        44         10        272          0          0         76   lc_ctype_c.o
        44         10         28          0          0         76   lc_numeric_c.o
         2          0          0          0          0          0   libinit.o
        30          0          0          0          0          0   libinit2.o
         2          0          0          0          0          0   libshutdown.o
         2          0          0          0          0          0   libshutdown2.o
         8          4          0          0         96         68   libspace.o
       138          0          0          0          0         80   lludiv10.o
        16          4          0          0          0         76   rt_ctype_table.o
         8          4          0          0          0         68   rt_errno_addr_intlibspace.o
         8          4          0          0          0         68   rt_locale_intlibspace.o
         0          0          0          0          0          0   rtentry.o
        12          0          0          0          0          0   rtentry2.o
         6          0          0          0          0          0   rtentry4.o
         2          0          0          0          0          0   rtexit.o
        10          0          0          0          0          0   rtexit2.o
       128          0          0          0          0         68   strcmpv7m.o
        62          0          0          0          0         76   strlen.o
        12          4          0          0          0         68   sys_exit.o
        74          0          0          0          0         80   sys_stackheap_outer.o
         2          0          0          0          0         68   use_no_semi.o
        98          4          0          0          0         92   d2f.o
       826         16          0          0          0        348   daddsub_clz.o
        16          4          0          0          0         68   dcheck1.o
        24          0          0          0          0         68   dcmpi.o
       688        140          0          0          0        208   ddiv.o
        94          4          0          0          0         92   dfix.o
        90          4          0          0          0         92   dfixu.o
        84          0          0          0          0        136   dflt_clz.o
       120          4          0          0          0         92   dleqf.o
       340         12          0          0          0        104   dmul.o
       156          4          0          0          0         92   dnaninf.o
        12          0          0          0          0         68   dretinf.o
       108          0          0          0          0         80   drleqf.o
       460         56          0          0          0        120   dsqrt_noumaal.o
        86          4          0          0          0         84   f2d.o
       430          8          0          0          0        168   faddsub_clz.o
        24          0          0          0          0         68   fcmpi.o
       388         76          0          0          0         96   fdiv.o
        54          4          0          0          0         84   ffix.o
        62          4          0          0          0         84   ffixu.o
        86          0          0          0          0        136   fflt_clz.o
       104          4          0          0          0         84   fleqf.o
       258          4          0          0          0         84   fmul.o
       140          4          0          0          0         84   fnaninf.o
        10          0          0          0          0         68   fretinf.o
        98          0          0          0          0         68   frleqf.o
         4          0          0          0          0         68   printf1.o
       100          0          0          0          0         68   retnan.o
        92          0          0          0          0         68   scalbn.o
        48          0          0          0          0         68   trapv.o
         0          0          0          0          0          0   usenofp.o
       548         70        152          0          0        124   atan.o
       172          8          0          0          0        112   cos.o
       252         22         48          0          0        124   cos_i.o
        16          6          0          0          0         68   dunder.o
        40          0          0          0          0         68   fpclassify.o
       170          0          0          0          0         96   poly.o
      2528        190        136          0          0        332   pow.o
         0          0          8          0          0          0   qnan.o
       904         72        200          0          0        140   rred.o
       176         10          0          0          0        116   sin.o
       236         12         40          0          0        128   sin_i.o
        76          0          0          0          0         84   sqrt.o

    ----------------------------------------------------------------------
     16334       1014       1104          0         96       8460   Library Totals
        36          0          7          0          0          0   (incl. Padding)

    ----------------------------------------------------------------------

      Code (inc. data)   RO Data    RW Data    ZI Data      Debug   Library Name

      6080        268        513          0         96       4028   c_w.l
      5100        356          0          0          0       3040   fz_ws.l
      5118        390        584          0          0       1392   m_ws.l

    ----------------------------------------------------------------------
     16334       1014       1104          0         96       8460   Library Totals

    ----------------------------------------------------------------------

==============================================================================


      Code (inc. data)   RO Data    RW Data    ZI Data      Debug   

     43850       2794       8126       1048      23080     345370   Grand Totals
     43850       2794       8126        384      23080     345370   ELF Image Totals (compressed)
     43850       2794       8126        384          0          0   ROM Totals

==============================================================================

    Total RO  Size (Code + RO Data)                51976 (  50.76kB)
    Total RW  Size (RW Data + ZI Data)             24128 (  23.56kB)
    Total ROM Size (Code + RO Data + RW Data)      52360 (  51.13kB)

==============================================================================

